<?xml version="1.0"?>
<link_info>
   <banner>TI ARM Linker PC v5.2.5</banner>
   <copyright>Copyright (c) 1996-2015 Texas Instruments Incorporated</copyright>
   <link_time>0x5733ea20</link_time>
   <link_errors>0x0</link_errors>
   <output_file>adc_dma1.out</output_file>
   <entry_point>
      <name>_c_int00</name>
      <address>0x20008169</address>
   </entry_point>
   <input_file_list>
      <input_file id="fl-2">
         <path>.\</path>
         <kind>object</kind>
         <file>gpio_if.obj</file>
         <name>gpio_if.obj</name>
      </input_file>
      <input_file id="fl-3">
         <path>.\</path>
         <kind>object</kind>
         <file>main.obj</file>
         <name>main.obj</name>
      </input_file>
      <input_file id="fl-4">
         <path>.\</path>
         <kind>object</kind>
         <file>pin_mux_config.obj</file>
         <name>pin_mux_config.obj</name>
      </input_file>
      <input_file id="fl-5">
         <path>.\</path>
         <kind>object</kind>
         <file>startup_ccs.obj</file>
         <name>startup_ccs.obj</name>
      </input_file>
      <input_file id="fl-6">
         <path>.\</path>
         <kind>object</kind>
         <file>uart_if.obj</file>
         <name>uart_if.obj</name>
      </input_file>
      <input_file id="fl-7">
         <path>.\</path>
         <kind>object</kind>
         <file>udma_if.obj</file>
         <name>udma_if.obj</name>
      </input_file>
      <input_file id="fl-12e">
         <path>C:\ti\ccsv6\tools\compiler\ti-cgt-arm_5.2.5\lib\</path>
         <kind>archive</kind>
         <file>rtsv7M4_T_le_eabi.lib</file>
         <name>boot.obj</name>
      </input_file>
      <input_file id="fl-12f">
         <path>C:\ti\ccsv6\tools\compiler\ti-cgt-arm_5.2.5\lib\</path>
         <kind>archive</kind>
         <file>rtsv7M4_T_le_eabi.lib</file>
         <name>copy_decompress_none.obj</name>
      </input_file>
      <input_file id="fl-130">
         <path>C:\ti\ccsv6\tools\compiler\ti-cgt-arm_5.2.5\lib\</path>
         <kind>archive</kind>
         <file>rtsv7M4_T_le_eabi.lib</file>
         <name>copy_decompress_rle.obj</name>
      </input_file>
      <input_file id="fl-131">
         <path>C:\ti\ccsv6\tools\compiler\ti-cgt-arm_5.2.5\lib\</path>
         <kind>archive</kind>
         <file>rtsv7M4_T_le_eabi.lib</file>
         <name>copy_zero_init.obj</name>
      </input_file>
      <input_file id="fl-132">
         <path>C:\ti\ccsv6\tools\compiler\ti-cgt-arm_5.2.5\lib\</path>
         <kind>archive</kind>
         <file>rtsv7M4_T_le_eabi.lib</file>
         <name>exit.obj</name>
      </input_file>
      <input_file id="fl-133">
         <path>C:\ti\ccsv6\tools\compiler\ti-cgt-arm_5.2.5\lib\</path>
         <kind>archive</kind>
         <file>rtsv7M4_T_le_eabi.lib</file>
         <name>fd_cmp_t2.obj</name>
      </input_file>
      <input_file id="fl-134">
         <path>C:\ti\ccsv6\tools\compiler\ti-cgt-arm_5.2.5\lib\</path>
         <kind>archive</kind>
         <file>rtsv7M4_T_le_eabi.lib</file>
         <name>fd_div_t2.obj</name>
      </input_file>
      <input_file id="fl-135">
         <path>C:\ti\ccsv6\tools\compiler\ti-cgt-arm_5.2.5\lib\</path>
         <kind>archive</kind>
         <file>rtsv7M4_T_le_eabi.lib</file>
         <name>fd_mul_t2.obj</name>
      </input_file>
      <input_file id="fl-136">
         <path>C:\ti\ccsv6\tools\compiler\ti-cgt-arm_5.2.5\lib\</path>
         <kind>archive</kind>
         <file>rtsv7M4_T_le_eabi.lib</file>
         <name>fd_tos_t2.obj</name>
      </input_file>
      <input_file id="fl-137">
         <path>C:\ti\ccsv6\tools\compiler\ti-cgt-arm_5.2.5\lib\</path>
         <kind>archive</kind>
         <file>rtsv7M4_T_le_eabi.lib</file>
         <name>floor.obj</name>
      </input_file>
      <input_file id="fl-138">
         <path>C:\ti\ccsv6\tools\compiler\ti-cgt-arm_5.2.5\lib\</path>
         <kind>archive</kind>
         <file>rtsv7M4_T_le_eabi.lib</file>
         <name>fs_mul_t2.obj</name>
      </input_file>
      <input_file id="fl-139">
         <path>C:\ti\ccsv6\tools\compiler\ti-cgt-arm_5.2.5\lib\</path>
         <kind>archive</kind>
         <file>rtsv7M4_T_le_eabi.lib</file>
         <name>fs_tod_t2.obj</name>
      </input_file>
      <input_file id="fl-13a">
         <path>C:\ti\ccsv6\tools\compiler\ti-cgt-arm_5.2.5\lib\</path>
         <kind>archive</kind>
         <file>rtsv7M4_T_le_eabi.lib</file>
         <name>memcpy_t2.obj</name>
      </input_file>
      <input_file id="fl-13b">
         <path>C:\ti\ccsv6\tools\compiler\ti-cgt-arm_5.2.5\lib\</path>
         <kind>archive</kind>
         <file>rtsv7M4_T_le_eabi.lib</file>
         <name>memmov.obj</name>
      </input_file>
      <input_file id="fl-13c">
         <path>C:\ti\ccsv6\tools\compiler\ti-cgt-arm_5.2.5\lib\</path>
         <kind>archive</kind>
         <file>rtsv7M4_T_le_eabi.lib</file>
         <name>memory.obj</name>
      </input_file>
      <input_file id="fl-13d">
         <path>C:\ti\ccsv6\tools\compiler\ti-cgt-arm_5.2.5\lib\</path>
         <kind>archive</kind>
         <file>rtsv7M4_T_le_eabi.lib</file>
         <name>memset_t2.obj</name>
      </input_file>
      <input_file id="fl-13e">
         <path>C:\ti\ccsv6\tools\compiler\ti-cgt-arm_5.2.5\lib\</path>
         <kind>archive</kind>
         <file>rtsv7M4_T_le_eabi.lib</file>
         <name>pre_init.obj</name>
      </input_file>
      <input_file id="fl-13f">
         <path>C:\ti\ccsv6\tools\compiler\ti-cgt-arm_5.2.5\lib\</path>
         <kind>archive</kind>
         <file>rtsv7M4_T_le_eabi.lib</file>
         <name>stkdepth_vars.obj</name>
      </input_file>
      <input_file id="fl-140">
         <path>C:\ti\ccsv6\tools\compiler\ti-cgt-arm_5.2.5\lib\</path>
         <kind>archive</kind>
         <file>rtsv7M4_T_le_eabi.lib</file>
         <name>strlen.obj</name>
      </input_file>
      <input_file id="fl-141">
         <path>C:\ti\ccsv6\tools\compiler\ti-cgt-arm_5.2.5\lib\</path>
         <kind>archive</kind>
         <file>rtsv7M4_T_le_eabi.lib</file>
         <name>u_tofs_t2.obj</name>
      </input_file>
      <input_file id="fl-142">
         <path>C:\ti\ccsv6\tools\compiler\ti-cgt-arm_5.2.5\lib\</path>
         <kind>archive</kind>
         <file>rtsv7M4_T_le_eabi.lib</file>
         <name>vsnprintf.obj</name>
      </input_file>
      <input_file id="fl-143">
         <path>C:\ti\ccsv6\tools\compiler\ti-cgt-arm_5.2.5\lib\</path>
         <kind>archive</kind>
         <file>rtsv7M4_T_le_eabi.lib</file>
         <name>_lock.obj</name>
      </input_file>
      <input_file id="fl-144">
         <path>C:\ti\ccsv6\tools\compiler\ti-cgt-arm_5.2.5\lib\</path>
         <kind>archive</kind>
         <file>rtsv7M4_T_le_eabi.lib</file>
         <name>_printfi.obj</name>
      </input_file>
      <input_file id="fl-145">
         <path>C:\ti\ccsv6\tools\compiler\ti-cgt-arm_5.2.5\lib\</path>
         <kind>archive</kind>
         <file>rtsv7M4_T_le_eabi.lib</file>
         <name>args_main.obj</name>
      </input_file>
      <input_file id="fl-146">
         <path>C:\ti\ccsv6\tools\compiler\ti-cgt-arm_5.2.5\lib\</path>
         <kind>archive</kind>
         <file>rtsv7M4_T_le_eabi.lib</file>
         <name>atoi.obj</name>
      </input_file>
      <input_file id="fl-147">
         <path>C:\ti\ccsv6\tools\compiler\ti-cgt-arm_5.2.5\lib\</path>
         <kind>archive</kind>
         <file>rtsv7M4_T_le_eabi.lib</file>
         <name>autoinit.obj</name>
      </input_file>
      <input_file id="fl-148">
         <path>C:\ti\ccsv6\tools\compiler\ti-cgt-arm_5.2.5\lib\</path>
         <kind>archive</kind>
         <file>rtsv7M4_T_le_eabi.lib</file>
         <name>cpy_tbl.obj</name>
      </input_file>
      <input_file id="fl-149">
         <path>C:\ti\ccsv6\tools\compiler\ti-cgt-arm_5.2.5\lib\</path>
         <kind>archive</kind>
         <file>rtsv7M4_T_le_eabi.lib</file>
         <name>ctype.obj</name>
      </input_file>
      <input_file id="fl-14a">
         <path>C:\ti\ccsv6\tools\compiler\ti-cgt-arm_5.2.5\lib\</path>
         <kind>archive</kind>
         <file>rtsv7M4_T_le_eabi.lib</file>
         <name>fd_add_t2.obj</name>
      </input_file>
      <input_file id="fl-14b">
         <path>C:\ti\ccsv6\tools\compiler\ti-cgt-arm_5.2.5\lib\</path>
         <kind>archive</kind>
         <file>rtsv7M4_T_le_eabi.lib</file>
         <name>fd_toi_t2.obj</name>
      </input_file>
      <input_file id="fl-14c">
         <path>C:\ti\ccsv6\tools\compiler\ti-cgt-arm_5.2.5\lib\</path>
         <kind>archive</kind>
         <file>rtsv7M4_T_le_eabi.lib</file>
         <name>frexp.obj</name>
      </input_file>
      <input_file id="fl-14d">
         <path>C:\ti\ccsv6\tools\compiler\ti-cgt-arm_5.2.5\lib\</path>
         <kind>archive</kind>
         <file>rtsv7M4_T_le_eabi.lib</file>
         <name>i_tofd_t2.obj</name>
      </input_file>
      <input_file id="fl-14e">
         <path>C:\ti\ccsv6\tools\compiler\ti-cgt-arm_5.2.5\lib\</path>
         <kind>archive</kind>
         <file>rtsv7M4_T_le_eabi.lib</file>
         <name>ldexp.obj</name>
      </input_file>
      <input_file id="fl-14f">
         <path>C:\ti\ccsv6\tools\compiler\ti-cgt-arm_5.2.5\lib\</path>
         <kind>archive</kind>
         <file>rtsv7M4_T_le_eabi.lib</file>
         <name>ltoa.obj</name>
      </input_file>
      <input_file id="fl-150">
         <path>C:\ti\ccsv6\tools\compiler\ti-cgt-arm_5.2.5\lib\</path>
         <kind>archive</kind>
         <file>rtsv7M4_T_le_eabi.lib</file>
         <name>memccpy.obj</name>
      </input_file>
      <input_file id="fl-151">
         <path>C:\ti\ccsv6\tools\compiler\ti-cgt-arm_5.2.5\lib\</path>
         <kind>archive</kind>
         <file>rtsv7M4_T_le_eabi.lib</file>
         <name>strchr.obj</name>
      </input_file>
      <input_file id="fl-152">
         <path>C:\ti\ccsv6\tools\compiler\ti-cgt-arm_5.2.5\lib\</path>
         <kind>archive</kind>
         <file>rtsv7M4_T_le_eabi.lib</file>
         <name>ull_div_t2.obj</name>
      </input_file>
      <input_file id="fl-153">
         <path>C:\ti\ccsv6\tools\compiler\ti-cgt-arm_5.2.5\lib\</path>
         <kind>archive</kind>
         <file>rtsv7M4_T_le_eabi.lib</file>
         <name>xdclass.obj</name>
      </input_file>
      <input_file id="fl-154">
         <path>C:\ti\ccsv6\tools\compiler\ti-cgt-arm_5.2.5\lib\</path>
         <kind>archive</kind>
         <file>rtsv7M4_T_le_eabi.lib</file>
         <name>xdscale.obj</name>
      </input_file>
      <input_file id="fl-155">
         <path>C:\ti\ccsv6\tools\compiler\ti-cgt-arm_5.2.5\lib\</path>
         <kind>archive</kind>
         <file>rtsv7M4_T_le_eabi.lib</file>
         <name>xdunscal.obj</name>
      </input_file>
      <input_file id="fl-156">
         <path>C:\ti\ccsv6\tools\compiler\ti-cgt-arm_5.2.5\lib\</path>
         <kind>archive</kind>
         <file>rtsv7M4_T_le_eabi.lib</file>
         <name>xferaise.obj</name>
      </input_file>
      <input_file id="fl-157">
         <path>C:\ti\ccsv6\tools\compiler\ti-cgt-arm_5.2.5\lib\</path>
         <kind>archive</kind>
         <file>rtsv7M4_T_le_eabi.lib</file>
         <name>xvalues.obj</name>
      </input_file>
      <input_file id="fl-158">
         <path>C:\ti\ccsv6\tools\compiler\ti-cgt-arm_5.2.5\lib\</path>
         <kind>archive</kind>
         <file>rtsv7M4_T_le_eabi.lib</file>
         <name>errno.obj</name>
      </input_file>
      <input_file id="fl-159">
         <path>C:\ti\ccsv6\tools\compiler\ti-cgt-arm_5.2.5\lib\</path>
         <kind>archive</kind>
         <file>rtsv7M4_T_le_eabi.lib</file>
         <name>feraiseexcept.obj</name>
      </input_file>
      <input_file id="fl-15a">
         <path>C:\ti\ccsv6\tools\compiler\ti-cgt-arm_5.2.5\lib\</path>
         <kind>archive</kind>
         <file>rtsv7M4_T_le_eabi.lib</file>
         <name>raise.obj</name>
      </input_file>
      <input_file id="fl-15b">
         <path>C:\ti\ccsv6\tools\compiler\ti-cgt-arm_5.2.5\lib\</path>
         <kind>archive</kind>
         <file>rtsv7M4_T_le_eabi.lib</file>
         <name>signal.obj</name>
      </input_file>
      <input_file id="fl-15c">
         <path>C:\ti\ccsv6\tools\compiler\ti-cgt-arm_5.2.5\lib\</path>
         <kind>archive</kind>
         <file>rtsv7M4_T_le_eabi.lib</file>
         <name>xdnorm.obj</name>
      </input_file>
      <input_file id="fl-15d">
         <path>C:\ti\CC3200SDK_1.2.0\cc3200-sdk\example\udma\ccs\..\..\..\driverlib\ccs\Release\</path>
         <kind>archive</kind>
         <file>driverlib.a</file>
         <name>adc.obj</name>
      </input_file>
      <input_file id="fl-15e">
         <path>C:\ti\CC3200SDK_1.2.0\cc3200-sdk\example\udma\ccs\..\..\..\driverlib\ccs\Release\</path>
         <kind>archive</kind>
         <file>driverlib.a</file>
         <name>gpio.obj</name>
      </input_file>
      <input_file id="fl-15f">
         <path>C:\ti\CC3200SDK_1.2.0\cc3200-sdk\example\udma\ccs\..\..\..\driverlib\ccs\Release\</path>
         <kind>archive</kind>
         <file>driverlib.a</file>
         <name>interrupt.obj</name>
      </input_file>
      <input_file id="fl-160">
         <path>C:\ti\CC3200SDK_1.2.0\cc3200-sdk\example\udma\ccs\..\..\..\driverlib\ccs\Release\</path>
         <kind>archive</kind>
         <file>driverlib.a</file>
         <name>pin.obj</name>
      </input_file>
      <input_file id="fl-161">
         <path>C:\ti\CC3200SDK_1.2.0\cc3200-sdk\example\udma\ccs\..\..\..\driverlib\ccs\Release\</path>
         <kind>archive</kind>
         <file>driverlib.a</file>
         <name>prcm.obj</name>
      </input_file>
      <input_file id="fl-162">
         <path>C:\ti\CC3200SDK_1.2.0\cc3200-sdk\example\udma\ccs\..\..\..\driverlib\ccs\Release\</path>
         <kind>archive</kind>
         <file>driverlib.a</file>
         <name>uart.obj</name>
      </input_file>
      <input_file id="fl-163">
         <path>C:\ti\CC3200SDK_1.2.0\cc3200-sdk\example\udma\ccs\..\..\..\driverlib\ccs\Release\</path>
         <kind>archive</kind>
         <file>driverlib.a</file>
         <name>udma.obj</name>
      </input_file>
      <input_file id="fl-164">
         <path>C:\ti\CC3200SDK_1.2.0\cc3200-sdk\example\udma\ccs\..\..\..\driverlib\ccs\Release\</path>
         <kind>archive</kind>
         <file>driverlib.a</file>
         <name>utils.obj</name>
      </input_file>
      <input_file id="fl-165">
         <path>C:\ti\CC3200SDK_1.2.0\cc3200-sdk\example\udma\ccs\..\..\..\driverlib\ccs\Release\</path>
         <kind>archive</kind>
         <file>driverlib.a</file>
         <name>cpu.obj</name>
      </input_file>
      <input_file id="fl-166">
         <path>C:\ti\CC3200SDK_1.2.0\cc3200-sdk\example\udma\ccs\..\..\..\driverlib\ccs\Release\</path>
         <kind>archive</kind>
         <file>driverlib.a</file>
         <name>flash.obj</name>
      </input_file>
   </input_file_list>
   <object_component_list>
      <object_component id="oc-f">
         <name>.intvecs</name>
         <load_address>0x20004000</load_address>
         <run_address>0x20004000</run_address>
         <size>0x400</size>
         <input_file_ref idref="fl-5"/>
      </object_component>
      <object_component id="oc-334">
         <name>.text</name>
         <load_address>0x20004400</load_address>
         <run_address>0x20004400</run_address>
         <size>0x10a6</size>
         <input_file_ref idref="fl-144"/>
      </object_component>
      <object_component id="oc-388">
         <name>.text:IntDefaultHandler</name>
         <load_address>0x200054a6</load_address>
         <run_address>0x200054a6</run_address>
         <size>0x2</size>
         <input_file_ref idref="fl-15f"/>
      </object_component>
      <object_component id="oc-9f">
         <name>.text</name>
         <load_address>0x200054a8</load_address>
         <run_address>0x200054a8</run_address>
         <size>0x76c</size>
         <input_file_ref idref="fl-3"/>
      </object_component>
      <object_component id="oc-24b">
         <name>.text</name>
         <load_address>0x20005c14</load_address>
         <run_address>0x20005c14</run_address>
         <size>0x3dc</size>
         <input_file_ref idref="fl-13c"/>
      </object_component>
      <object_component id="oc-14e">
         <name>.text</name>
         <load_address>0x20005ff0</load_address>
         <run_address>0x20005ff0</run_address>
         <size>0x39c</size>
         <input_file_ref idref="fl-2"/>
      </object_component>
      <object_component id="oc-108">
         <name>.text</name>
         <load_address>0x2000638c</load_address>
         <run_address>0x2000638c</run_address>
         <size>0x280</size>
         <input_file_ref idref="fl-6"/>
      </object_component>
      <object_component id="oc-393">
         <name>.text</name>
         <load_address>0x2000660c</load_address>
         <run_address>0x2000660c</run_address>
         <size>0x1f4</size>
         <input_file_ref idref="fl-152"/>
      </object_component>
      <object_component id="oc-de">
         <name>.text</name>
         <load_address>0x20006800</load_address>
         <run_address>0x20006800</run_address>
         <size>0x1cc</size>
         <input_file_ref idref="fl-7"/>
      </object_component>
      <object_component id="oc-261">
         <name>.text</name>
         <load_address>0x200069cc</load_address>
         <run_address>0x200069cc</run_address>
         <size>0x1b6</size>
         <input_file_ref idref="fl-14a"/>
      </object_component>
      <object_component id="oc-13a">
         <name>.text:PRCMCC3200MCUInit</name>
         <load_address>0x20006b84</load_address>
         <run_address>0x20006b84</run_address>
         <size>0x178</size>
         <input_file_ref idref="fl-161"/>
      </object_component>
      <object_component id="oc-11e">
         <name>.text</name>
         <load_address>0x20006cfc</load_address>
         <run_address>0x20006cfc</run_address>
         <size>0x136</size>
         <input_file_ref idref="fl-134"/>
      </object_component>
      <object_component id="oc-3f6">
         <name>.text</name>
         <load_address>0x20006e34</load_address>
         <run_address>0x20006e34</run_address>
         <size>0x110</size>
         <input_file_ref idref="fl-154"/>
      </object_component>
      <object_component id="oc-165">
         <name>.text</name>
         <load_address>0x20006f44</load_address>
         <run_address>0x20006f44</run_address>
         <size>0xfc</size>
         <input_file_ref idref="fl-135"/>
      </object_component>
      <object_component id="oc-1ff">
         <name>.text:uDMAChannelTransferSet</name>
         <load_address>0x20007040</load_address>
         <run_address>0x20007040</run_address>
         <size>0xf0</size>
         <input_file_ref idref="fl-163"/>
      </object_component>
      <object_component id="oc-118">
         <name>.text</name>
         <load_address>0x20007130</load_address>
         <run_address>0x20007130</run_address>
         <size>0xc4</size>
         <input_file_ref idref="fl-137"/>
      </object_component>
      <object_component id="oc-41b">
         <name>.text</name>
         <load_address>0x200071f4</load_address>
         <run_address>0x200071f4</run_address>
         <size>0xbe</size>
         <input_file_ref idref="fl-15c"/>
      </object_component>
      <object_component id="oc-304">
         <name>.text:IntDisable</name>
         <load_address>0x200072b4</load_address>
         <run_address>0x200072b4</run_address>
         <size>0xa8</size>
         <input_file_ref idref="fl-15f"/>
      </object_component>
      <object_component id="oc-134">
         <name>.text:IntEnable</name>
         <load_address>0x2000735c</load_address>
         <run_address>0x2000735c</run_address>
         <size>0xa8</size>
         <input_file_ref idref="fl-15f"/>
      </object_component>
      <object_component id="oc-36">
         <name>.text</name>
         <load_address>0x20007404</load_address>
         <run_address>0x20007404</run_address>
         <size>0x9c</size>
         <input_file_ref idref="fl-13a"/>
      </object_component>
      <object_component id="oc-227">
         <name>.text:PRCMPeripheralClockGet</name>
         <load_address>0x200074a0</load_address>
         <run_address>0x200074a0</run_address>
         <size>0x94</size>
         <input_file_ref idref="fl-161"/>
      </object_component>
      <object_component id="oc-35b">
         <name>.text:PinConfigSet</name>
         <load_address>0x20007534</load_address>
         <run_address>0x20007534</run_address>
         <size>0x88</size>
         <input_file_ref idref="fl-160"/>
      </object_component>
      <object_component id="oc-239">
         <name>.text</name>
         <load_address>0x200075bc</load_address>
         <run_address>0x200075bc</run_address>
         <size>0x88</size>
         <input_file_ref idref="fl-142"/>
      </object_component>
      <object_component id="oc-173">
         <name>.text:__aeabi_cdcmple</name>
         <load_address>0x20007644</load_address>
         <run_address>0x20007644</run_address>
         <size>0x86</size>
         <input_file_ref idref="fl-133"/>
      </object_component>
      <object_component id="oc-16e">
         <name>.text:__aeabi_cdrcmple</name>
         <load_address>0x200076ca</load_address>
         <run_address>0x200076ca</run_address>
         <size>0x86</size>
         <input_file_ref idref="fl-133"/>
      </object_component>
      <object_component id="oc-2b1">
         <name>.text:GPIOIntTypeSet</name>
         <load_address>0x20007750</load_address>
         <run_address>0x20007750</run_address>
         <size>0x82</size>
         <input_file_ref idref="fl-15e"/>
      </object_component>
      <object_component id="oc-10e">
         <name>.text</name>
         <load_address>0x200077d2</load_address>
         <run_address>0x200077d2</run_address>
         <size>0x7a</size>
         <input_file_ref idref="fl-138"/>
      </object_component>
      <object_component id="oc-4f">
         <name>.text</name>
         <load_address>0x2000784c</load_address>
         <run_address>0x2000784c</run_address>
         <size>0x7a</size>
         <input_file_ref idref="fl-13d"/>
      </object_component>
      <object_component id="oc-22d">
         <name>.text:UARTConfigSetExpClk</name>
         <load_address>0x200078c6</load_address>
         <run_address>0x200078c6</run_address>
         <size>0x76</size>
         <input_file_ref idref="fl-162"/>
      </object_component>
      <object_component id="oc-148">
         <name>.text</name>
         <load_address>0x2000793c</load_address>
         <run_address>0x2000793c</run_address>
         <size>0x74</size>
         <input_file_ref idref="fl-4"/>
      </object_component>
      <object_component id="oc-61">
         <name>.text</name>
         <load_address>0x200079b0</load_address>
         <run_address>0x200079b0</run_address>
         <size>0x6c</size>
         <input_file_ref idref="fl-147"/>
      </object_component>
      <object_component id="oc-42">
         <name>.text</name>
         <load_address>0x20007a1c</load_address>
         <run_address>0x20007a1c</run_address>
         <size>0x6a</size>
         <input_file_ref idref="fl-130"/>
      </object_component>
      <object_component id="oc-f6">
         <name>.text:ADCIntEnable</name>
         <load_address>0x20007a88</load_address>
         <run_address>0x20007a88</run_address>
         <size>0x68</size>
         <input_file_ref idref="fl-15d"/>
      </object_component>
      <object_component id="oc-3ee">
         <name>.text</name>
         <load_address>0x20007af0</load_address>
         <run_address>0x20007af0</run_address>
         <size>0x66</size>
         <input_file_ref idref="fl-155"/>
      </object_component>
      <object_component id="oc-1d5">
         <name>.text:uDMAChannelAttributeDisable</name>
         <load_address>0x20007b58</load_address>
         <run_address>0x20007b58</run_address>
         <size>0x64</size>
         <input_file_ref idref="fl-163"/>
      </object_component>
      <object_component id="oc-1f9">
         <name>.text:uDMAChannelAttributeEnable</name>
         <load_address>0x20007bbc</load_address>
         <run_address>0x20007bbc</run_address>
         <size>0x64</size>
         <input_file_ref idref="fl-163"/>
      </object_component>
      <object_component id="oc-cc">
         <name>.text:ADCIntStatus</name>
         <load_address>0x20007c20</load_address>
         <run_address>0x20007c20</run_address>
         <size>0x5c</size>
         <input_file_ref idref="fl-15d"/>
      </object_component>
      <object_component id="oc-d2">
         <name>.text:ADCIntClear</name>
         <load_address>0x20007c7c</load_address>
         <run_address>0x20007c7c</run_address>
         <size>0x58</size>
         <input_file_ref idref="fl-15d"/>
      </object_component>
      <object_component id="oc-1b7">
         <name>.text:PRCMPeripheralReset</name>
         <load_address>0x20007cd4</load_address>
         <run_address>0x20007cd4</run_address>
         <size>0x58</size>
         <input_file_ref idref="fl-161"/>
      </object_component>
      <object_component id="oc-39d">
         <name>.text</name>
         <load_address>0x20007d2c</load_address>
         <run_address>0x20007d2c</run_address>
         <size>0x56</size>
         <input_file_ref idref="fl-14f"/>
      </object_component>
      <object_component id="oc-1bd">
         <name>.text:IntPrioritySet</name>
         <load_address>0x20007d84</load_address>
         <run_address>0x20007d84</run_address>
         <size>0x54</size>
         <input_file_ref idref="fl-15f"/>
      </object_component>
      <object_component id="oc-3c6">
         <name>.text</name>
         <load_address>0x20007dd8</load_address>
         <run_address>0x20007dd8</run_address>
         <size>0x4c</size>
         <input_file_ref idref="fl-146"/>
      </object_component>
      <object_component id="oc-97">
         <name>.text</name>
         <load_address>0x20007e24</load_address>
         <run_address>0x20007e24</run_address>
         <size>0x4c</size>
         <input_file_ref idref="fl-148"/>
      </object_component>
      <object_component id="oc-e4">
         <name>.text:uDMAChannelAssign</name>
         <load_address>0x20007e70</load_address>
         <run_address>0x20007e70</run_address>
         <size>0x4c</size>
         <input_file_ref idref="fl-163"/>
      </object_component>
      <object_component id="oc-d8">
         <name>.text:uDMAChannelModeGet</name>
         <load_address>0x20007ebc</load_address>
         <run_address>0x20007ebc</run_address>
         <size>0x4c</size>
         <input_file_ref idref="fl-163"/>
      </object_component>
      <object_component id="oc-36c">
         <name>.text:GPIOGetIntNumber</name>
         <load_address>0x20007f08</load_address>
         <run_address>0x20007f08</run_address>
         <size>0x48</size>
         <input_file_ref idref="fl-15e"/>
      </object_component>
      <object_component id="oc-398">
         <name>.text</name>
         <load_address>0x20007f50</load_address>
         <run_address>0x20007f50</run_address>
         <size>0x48</size>
         <input_file_ref idref="fl-14b"/>
      </object_component>
      <object_component id="oc-123">
         <name>.text</name>
         <load_address>0x20007f98</load_address>
         <run_address>0x20007f98</run_address>
         <size>0x48</size>
         <input_file_ref idref="fl-136"/>
      </object_component>
      <object_component id="oc-3ae">
         <name>.text</name>
         <load_address>0x20007fe0</load_address>
         <run_address>0x20007fe0</run_address>
         <size>0x46</size>
         <input_file_ref idref="fl-14e"/>
      </object_component>
      <object_component id="oc-6d">
         <name>.text</name>
         <load_address>0x20008028</load_address>
         <run_address>0x20008028</run_address>
         <size>0x44</size>
         <input_file_ref idref="fl-132"/>
      </object_component>
      <object_component id="oc-362">
         <name>.text:PinModeSet</name>
         <load_address>0x2000806c</load_address>
         <run_address>0x2000806c</run_address>
         <size>0x40</size>
         <input_file_ref idref="fl-160"/>
      </object_component>
      <object_component id="oc-460">
         <name>.text</name>
         <load_address>0x200080ac</load_address>
         <run_address>0x200080ac</run_address>
         <size>0x40</size>
         <input_file_ref idref="fl-15b"/>
      </object_component>
      <object_component id="oc-f0">
         <name>.text:ADCIntRegister</name>
         <load_address>0x200080ec</load_address>
         <run_address>0x200080ec</run_address>
         <size>0x3e</size>
         <input_file_ref idref="fl-15d"/>
      </object_component>
      <object_component id="oc-1b1">
         <name>.text:PRCMPeripheralClkEnable</name>
         <load_address>0x2000812c</load_address>
         <run_address>0x2000812c</run_address>
         <size>0x3c</size>
         <input_file_ref idref="fl-161"/>
      </object_component>
      <object_component id="oc-24">
         <name>.text</name>
         <load_address>0x20008168</load_address>
         <run_address>0x20008168</run_address>
         <size>0x3c</size>
         <input_file_ref idref="fl-12e"/>
      </object_component>
      <object_component id="oc-1f3">
         <name>.text:uDMAChannelControlSet</name>
         <load_address>0x200081a4</load_address>
         <run_address>0x200081a4</run_address>
         <size>0x3c</size>
         <input_file_ref idref="fl-163"/>
      </object_component>
      <object_component id="oc-17e">
         <name>.text:ADCChannelDisable</name>
         <load_address>0x200081e0</load_address>
         <run_address>0x200081e0</run_address>
         <size>0x38</size>
         <input_file_ref idref="fl-15d"/>
      </object_component>
      <object_component id="oc-102">
         <name>.text:ADCChannelEnable</name>
         <load_address>0x20008218</load_address>
         <run_address>0x20008218</run_address>
         <size>0x38</size>
         <input_file_ref idref="fl-15d"/>
      </object_component>
      <object_component id="oc-178">
         <name>.text:ADCDMADisable</name>
         <load_address>0x20008250</load_address>
         <run_address>0x20008250</run_address>
         <size>0x38</size>
         <input_file_ref idref="fl-15d"/>
      </object_component>
      <object_component id="oc-ea">
         <name>.text:ADCDMAEnable</name>
         <load_address>0x20008288</load_address>
         <run_address>0x20008288</run_address>
         <size>0x38</size>
         <input_file_ref idref="fl-15d"/>
      </object_component>
      <object_component id="oc-113">
         <name>.text</name>
         <load_address>0x200082c0</load_address>
         <run_address>0x200082c0</run_address>
         <size>0x38</size>
         <input_file_ref idref="fl-139"/>
      </object_component>
      <object_component id="oc-2aa">
         <name>.text:GPIODirModeSet</name>
         <load_address>0x200082f8</load_address>
         <run_address>0x200082f8</run_address>
         <size>0x36</size>
         <input_file_ref idref="fl-15e"/>
      </object_component>
      <object_component id="oc-42a">
         <name>.text</name>
         <load_address>0x20008330</load_address>
         <run_address>0x20008330</run_address>
         <size>0x34</size>
         <input_file_ref idref="fl-159"/>
      </object_component>
      <object_component id="oc-2a4">
         <name>.text:PinTypeGPIO</name>
         <load_address>0x20008364</load_address>
         <run_address>0x20008364</run_address>
         <size>0x30</size>
         <input_file_ref idref="fl-160"/>
      </object_component>
      <object_component id="oc-326">
         <name>.text:UARTDisable</name>
         <load_address>0x20008394</load_address>
         <run_address>0x20008394</run_address>
         <size>0x30</size>
         <input_file_ref idref="fl-162"/>
      </object_component>
      <object_component id="oc-3fc">
         <name>.text</name>
         <load_address>0x200083c4</load_address>
         <run_address>0x200083c4</run_address>
         <size>0x30</size>
         <input_file_ref idref="fl-156"/>
      </object_component>
      <object_component id="oc-3a3">
         <name>.text</name>
         <load_address>0x200083f4</load_address>
         <run_address>0x200083f4</run_address>
         <size>0x2e</size>
         <input_file_ref idref="fl-14d"/>
      </object_component>
      <object_component id="oc-450">
         <name>.text</name>
         <load_address>0x20008422</load_address>
         <run_address>0x20008422</run_address>
         <size>0x2e</size>
         <input_file_ref idref="fl-15a"/>
      </object_component>
      <object_component id="oc-27b">
         <name>.text:PRCMSysResetCauseGet</name>
         <load_address>0x20008450</load_address>
         <run_address>0x20008450</run_address>
         <size>0x2c</size>
         <input_file_ref idref="fl-161"/>
      </object_component>
      <object_component id="oc-3ba">
         <name>.text</name>
         <load_address>0x2000847c</load_address>
         <run_address>0x2000847c</run_address>
         <size>0x2a</size>
         <input_file_ref idref="fl-153"/>
      </object_component>
      <object_component id="oc-28d">
         <name>.text:PRCMPeripheralClkDisable</name>
         <load_address>0x200084a8</load_address>
         <run_address>0x200084a8</run_address>
         <size>0x28</size>
         <input_file_ref idref="fl-161"/>
      </object_component>
      <object_component id="oc-30a">
         <name>.text:IntUnregister</name>
         <load_address>0x200084d0</load_address>
         <run_address>0x200084d0</run_address>
         <size>0x24</size>
         <input_file_ref idref="fl-15f"/>
      </object_component>
      <object_component id="oc-32c">
         <name>.text:UARTEnable</name>
         <load_address>0x200084f4</load_address>
         <run_address>0x200084f4</run_address>
         <size>0x24</size>
         <input_file_ref idref="fl-162"/>
      </object_component>
      <object_component id="oc-245">
         <name>.text</name>
         <load_address>0x20008518</load_address>
         <run_address>0x20008518</run_address>
         <size>0x24</size>
         <input_file_ref idref="fl-13b"/>
      </object_component>
      <object_component id="oc-160">
         <name>.text</name>
         <load_address>0x2000853c</load_address>
         <run_address>0x2000853c</run_address>
         <size>0x24</size>
         <input_file_ref idref="fl-141"/>
      </object_component>
      <object_component id="oc-3a8">
         <name>.text</name>
         <load_address>0x20008560</load_address>
         <run_address>0x20008560</run_address>
         <size>0x22</size>
         <input_file_ref idref="fl-14c"/>
      </object_component>
      <object_component id="oc-2c9">
         <name>.text:GPIOPinWrite</name>
         <load_address>0x20008582</load_address>
         <run_address>0x20008582</run_address>
         <size>0x20</size>
         <input_file_ref idref="fl-15e"/>
      </object_component>
      <object_component id="oc-21c">
         <name>.text:IntRegister</name>
         <load_address>0x200085a4</load_address>
         <run_address>0x200085a4</run_address>
         <size>0x20</size>
         <input_file_ref idref="fl-15f"/>
      </object_component>
      <object_component id="oc-2b7">
         <name>.text:GPIOIntRegister</name>
         <load_address>0x200085c4</load_address>
         <run_address>0x200085c4</run_address>
         <size>0x1e</size>
         <input_file_ref idref="fl-15e"/>
      </object_component>
      <object_component id="oc-233">
         <name>.text:UARTCharPut</name>
         <load_address>0x200085e2</load_address>
         <run_address>0x200085e2</run_address>
         <size>0x1e</size>
         <input_file_ref idref="fl-162"/>
      </object_component>
      <object_component id="oc-15a">
         <name>.text:UARTCharGetNonBlocking</name>
         <load_address>0x20008600</load_address>
         <run_address>0x20008600</run_address>
         <size>0x1c</size>
         <input_file_ref idref="fl-162"/>
      </object_component>
      <object_component id="oc-3c0">
         <name>.text</name>
         <load_address>0x2000861c</load_address>
         <run_address>0x2000861c</run_address>
         <size>0x1c</size>
         <input_file_ref idref="fl-150"/>
      </object_component>
      <object_component id="oc-1e1">
         <name>.text:uDMAChannelDisable</name>
         <load_address>0x20008638</load_address>
         <run_address>0x20008638</run_address>
         <size>0x1c</size>
         <input_file_ref idref="fl-163"/>
      </object_component>
      <object_component id="oc-205">
         <name>.text:uDMAChannelEnable</name>
         <load_address>0x20008654</load_address>
         <run_address>0x20008654</run_address>
         <size>0x1c</size>
         <input_file_ref idref="fl-163"/>
      </object_component>
      <object_component id="oc-1db">
         <name>.text:uDMAChannelRequest</name>
         <load_address>0x20008670</load_address>
         <run_address>0x20008670</run_address>
         <size>0x1c</size>
         <input_file_ref idref="fl-163"/>
      </object_component>
      <object_component id="oc-2c3">
         <name>.text:GPIOIntEnable</name>
         <load_address>0x2000868c</load_address>
         <run_address>0x2000868c</run_address>
         <size>0x1a</size>
         <input_file_ref idref="fl-15e"/>
      </object_component>
      <object_component id="oc-29e">
         <name>.text:PinTypeUART</name>
         <load_address>0x200086a6</load_address>
         <run_address>0x200086a6</run_address>
         <size>0x1a</size>
         <input_file_ref idref="fl-160"/>
      </object_component>
      <object_component id="oc-2d5">
         <name>.text:GPIOPinRead</name>
         <load_address>0x200086c0</load_address>
         <run_address>0x200086c0</run_address>
         <size>0x18</size>
         <input_file_ref idref="fl-15e"/>
      </object_component>
      <object_component id="oc-154">
         <name>.text:UARTCharsAvail</name>
         <load_address>0x200086d8</load_address>
         <run_address>0x200086d8</run_address>
         <size>0x18</size>
         <input_file_ref idref="fl-162"/>
      </object_component>
      <object_component id="oc-67">
         <name>.text</name>
         <load_address>0x200086f0</load_address>
         <run_address>0x200086f0</run_address>
         <size>0x18</size>
         <input_file_ref idref="fl-145"/>
      </object_component>
      <object_component id="oc-281">
         <name>.text:PRCMHIBRegRead</name>
         <load_address>0x20008708</load_address>
         <run_address>0x20008708</run_address>
         <size>0x16</size>
         <input_file_ref idref="fl-161"/>
      </object_component>
      <object_component id="oc-287">
         <name>.text:PRCMHIBRegWrite</name>
         <load_address>0x2000871e</load_address>
         <run_address>0x2000871e</run_address>
         <size>0x16</size>
         <input_file_ref idref="fl-161"/>
      </object_component>
      <object_component id="oc-3b4">
         <name>.text</name>
         <load_address>0x20008734</load_address>
         <run_address>0x20008734</run_address>
         <size>0x16</size>
         <input_file_ref idref="fl-151"/>
      </object_component>
      <object_component id="oc-1c3">
         <name>.text:uDMAIntRegister</name>
         <load_address>0x2000874a</load_address>
         <run_address>0x2000874a</run_address>
         <size>0x16</size>
         <input_file_ref idref="fl-163"/>
      </object_component>
      <object_component id="oc-fc">
         <name>.text:ADCEnable</name>
         <load_address>0x20008760</load_address>
         <run_address>0x20008760</run_address>
         <size>0x14</size>
         <input_file_ref idref="fl-15d"/>
      </object_component>
      <object_component id="oc-26b">
         <name>.text:CPUcpsie</name>
         <load_address>0x20008774</load_address>
         <run_address>0x20008774</run_address>
         <size>0x14</size>
         <input_file_ref idref="fl-165"/>
      </object_component>
      <object_component id="oc-2bd">
         <name>.text:GPIOIntClear</name>
         <load_address>0x20008788</load_address>
         <run_address>0x20008788</run_address>
         <size>0x14</size>
         <input_file_ref idref="fl-15e"/>
      </object_component>
      <object_component id="oc-128">
         <name>.text:IntVTableBaseSet</name>
         <load_address>0x2000879c</load_address>
         <run_address>0x2000879c</run_address>
         <size>0x14</size>
         <input_file_ref idref="fl-15f"/>
      </object_component>
      <object_component id="oc-298">
         <name>.text:PinTypeADC</name>
         <load_address>0x200087b0</load_address>
         <run_address>0x200087b0</run_address>
         <size>0x14</size>
         <input_file_ref idref="fl-160"/>
      </object_component>
      <object_component id="oc-18c">
         <name>.text</name>
         <load_address>0x200087c4</load_address>
         <run_address>0x200087c4</run_address>
         <size>0x14</size>
         <input_file_ref idref="fl-143"/>
      </object_component>
      <object_component id="oc-23f">
         <name>.text</name>
         <load_address>0x200087d8</load_address>
         <run_address>0x200087d8</run_address>
         <size>0x14</size>
         <input_file_ref idref="fl-140"/>
      </object_component>
      <object_component id="oc-1cf">
         <name>.text:uDMAControlBaseSet</name>
         <load_address>0x200087ec</load_address>
         <run_address>0x200087ec</run_address>
         <size>0x14</size>
         <input_file_ref idref="fl-163"/>
      </object_component>
      <object_component id="oc-1ab">
         <name>.text:uDMAIntClear</name>
         <load_address>0x20008800</load_address>
         <run_address>0x20008800</run_address>
         <size>0x14</size>
         <input_file_ref idref="fl-163"/>
      </object_component>
      <object_component id="oc-1e7">
         <name>.text:uDMAIntUnregister</name>
         <load_address>0x20008814</load_address>
         <run_address>0x20008814</run_address>
         <size>0x12</size>
         <input_file_ref idref="fl-163"/>
      </object_component>
      <object_component id="oc-12">
         <name>.text:decompress:none</name>
         <load_address>0x20008826</load_address>
         <run_address>0x20008826</run_address>
         <size>0xe</size>
         <input_file_ref idref="fl-12f"/>
      </object_component>
      <object_component id="oc-2d">
         <name>.text</name>
         <load_address>0x20008834</load_address>
         <run_address>0x20008834</run_address>
         <size>0xe</size>
         <input_file_ref idref="fl-5"/>
      </object_component>
      <object_component id="oc-1e">
         <name>.text:decompress:ZI</name>
         <load_address>0x20008842</load_address>
         <run_address>0x20008842</run_address>
         <size>0xc</size>
         <input_file_ref idref="fl-131"/>
      </object_component>
      <object_component id="oc-1ed">
         <name>.text:uDMADisable</name>
         <load_address>0x20008850</load_address>
         <run_address>0x20008850</run_address>
         <size>0xc</size>
         <input_file_ref idref="fl-163"/>
      </object_component>
      <object_component id="oc-1c9">
         <name>.text:uDMAEnable</name>
         <load_address>0x2000885c</load_address>
         <run_address>0x2000885c</run_address>
         <size>0xc</size>
         <input_file_ref idref="fl-163"/>
      </object_component>
      <object_component id="oc-1a5">
         <name>.text:uDMAIntStatus</name>
         <load_address>0x20008868</load_address>
         <run_address>0x20008868</run_address>
         <size>0xc</size>
         <input_file_ref idref="fl-163"/>
      </object_component>
      <object_component id="oc-12e">
         <name>.text:IntMasterEnable</name>
         <load_address>0x20008874</load_address>
         <run_address>0x20008874</run_address>
         <size>0xa</size>
         <input_file_ref idref="fl-15f"/>
      </object_component>
      <object_component id="oc-357">
         <name>.text:UtilsDelay</name>
         <load_address>0x2000887e</load_address>
         <run_address>0x2000887e</run_address>
         <size>0x6</size>
         <input_file_ref idref="fl-164"/>
      </object_component>
      <object_component id="oc-18">
         <name>.text:decompress:rle24</name>
         <load_address>0x20008884</load_address>
         <run_address>0x20008884</run_address>
         <size>0x6</size>
         <input_file_ref idref="fl-130"/>
      </object_component>
      <object_component id="oc-5b">
         <name>.text</name>
         <load_address>0x2000888a</load_address>
         <run_address>0x2000888a</run_address>
         <size>0x4</size>
         <input_file_ref idref="fl-13e"/>
      </object_component>
      <object_component id="oc-40a">
         <name>.const:.string:_ctypes_</name>
         <load_address>0x20008890</load_address>
         <run_address>0x20008890</run_address>
         <size>0x101</size>
         <input_file_ref idref="fl-149"/>
      </object_component>
      <object_component id="oc-3e0">
         <name>.const:g_ulPinToPadMap</name>
         <load_address>0x20008994</load_address>
         <run_address>0x20008994</run_address>
         <size>0x100</size>
         <input_file_ref idref="fl-160"/>
      </object_component>
      <object_component id="oc-2fa">
         <name>.const:g_pulRegs</name>
         <load_address>0x20008a94</load_address>
         <run_address>0x20008a94</run_address>
         <size>0xd4</size>
         <input_file_ref idref="fl-15f"/>
      </object_component>
      <object_component id="oc-2f4">
         <name>.const:PRCM_PeriphRegsList</name>
         <load_address>0x20008b68</load_address>
         <run_address>0x20008b68</run_address>
         <size>0xa8</size>
         <input_file_ref idref="fl-161"/>
      </object_component>
      <object_component id="oc-277">
         <name>.const</name>
         <load_address>0x20008c10</load_address>
         <run_address>0x20008c10</run_address>
         <size>0x80</size>
         <input_file_ref idref="fl-15f"/>
      </object_component>
      <object_component id="oc-4a6">
         <name>.cinit..data.load</name>
         <load_address>0x20008c90</load_address>
         <run_address>0x20008c90</run_address>
         <size>0x64</size>
      </object_component>
      <object_component id="oc-4a4">
         <name>__TI_handler_table</name>
         <load_address>0x20008cf4</load_address>
         <run_address>0x20008cf4</run_address>
         <size>0xc</size>
      </object_component>
      <object_component id="oc-4a7">
         <name>.cinit..bss.load</name>
         <load_address>0x20008d00</load_address>
         <run_address>0x20008d00</run_address>
         <size>0x8</size>
      </object_component>
      <object_component id="oc-4a5">
         <name>__TI_cinit_table</name>
         <load_address>0x20008d08</load_address>
         <run_address>0x20008d08</run_address>
         <size>0x10</size>
      </object_component>
      <object_component id="oc-2a">
         <name>.sysmem</name>
         <uninitialized>true</uninitialized>
         <run_address>0x20017000</run_address>
         <size>0x8</size>
         <input_file_ref idref="fl-13c"/>
      </object_component>
      <object_component id="oc-4a9">
         <name>.sysmem</name>
         <uninitialized>true</uninitialized>
         <run_address>0x20017000</run_address>
         <size>0x0</size>
      </object_component>
      <object_component id="oc-29">
         <name>.stack</name>
         <uninitialized>true</uninitialized>
         <run_address>0x2002f000</run_address>
         <size>0x0</size>
         <input_file_ref idref="fl-12e"/>
      </object_component>
      <object_component id="oc-4a8">
         <name>.stack</name>
         <uninitialized>true</uninitialized>
         <run_address>0x2002f000</run_address>
         <size>0x0</size>
      </object_component>
      <object_component id="oc-16b">
         <name>.bss:g_ulPing</name>
         <uninitialized>true</uninitialized>
         <run_address>0x2001f000</run_address>
         <size>0x1000</size>
         <input_file_ref idref="fl-3"/>
      </object_component>
      <object_component id="oc-145">
         <name>.bss:g_ulPong</name>
         <uninitialized>true</uninitialized>
         <run_address>0x20020000</run_address>
         <size>0x1000</size>
         <input_file_ref idref="fl-3"/>
      </object_component>
      <object_component id="oc-211">
         <name>.bss:gfpAppCallbackHndl</name>
         <uninitialized>true</uninitialized>
         <run_address>0x20021400</run_address>
         <size>0x100</size>
         <input_file_ref idref="fl-7"/>
      </object_component>
      <object_component id="oc-20e">
         <name>.bss:gpCtlTbl</name>
         <uninitialized>true</uninitialized>
         <run_address>0x20021000</run_address>
         <size>0x400</size>
         <input_file_ref idref="fl-7"/>
      </object_component>
      <object_component id="oc-2d2">
         <name>.common:g_ucLED1Pin</name>
         <uninitialized>true</uninitialized>
         <run_address>0x2002150c</run_address>
         <size>0x1</size>
      </object_component>
      <object_component id="oc-2db">
         <name>.common:g_ucLED2Pin</name>
         <uninitialized>true</uninitialized>
         <run_address>0x2002150d</run_address>
         <size>0x1</size>
      </object_component>
      <object_component id="oc-2dc">
         <name>.common:g_ucLED3Pin</name>
         <uninitialized>true</uninitialized>
         <run_address>0x2002150e</run_address>
         <size>0x1</size>
      </object_component>
      <object_component id="oc-140">
         <name>.common:g_ulPingCount</name>
         <uninitialized>true</uninitialized>
         <run_address>0x20021504</run_address>
         <size>0x4</size>
      </object_component>
      <object_component id="oc-144">
         <name>.common:g_ulPongCount</name>
         <uninitialized>true</uninitialized>
         <run_address>0x20021508</run_address>
         <size>0x4</size>
      </object_component>
      <object_component id="oc-16a">
         <name>.common:g_ucPingflag</name>
         <uninitialized>true</uninitialized>
         <run_address>0x2002150f</run_address>
         <size>0x1</size>
      </object_component>
      <object_component id="oc-143">
         <name>.common:g_ucPongflag</name>
         <uninitialized>true</uninitialized>
         <run_address>0x20021510</run_address>
         <size>0x1</size>
      </object_component>
      <object_component id="oc-251">
         <name>.common:__Errorlog</name>
         <uninitialized>true</uninitialized>
         <run_address>0x20021500</run_address>
         <size>0x4</size>
      </object_component>
      <object_component id="oc-20b">
         <name>.common:iDone</name>
         <uninitialized>true</uninitialized>
         <run_address>0x20021511</run_address>
         <size>0x1</size>
      </object_component>
      <object_component id="oc-2cf">
         <name>.data</name>
         <load_address>0x20021648</load_address>
         <run_address>0x20021648</run_address>
         <size>0x20</size>
         <input_file_ref idref="fl-2"/>
      </object_component>
      <object_component id="oc-aa">
         <name>.data</name>
         <load_address>0x2002167c</load_address>
         <run_address>0x2002167c</run_address>
         <size>0x8</size>
         <input_file_ref idref="fl-132"/>
      </object_component>
      <object_component id="oc-34a">
         <name>.data</name>
         <load_address>0x20021668</load_address>
         <run_address>0x20021668</run_address>
         <size>0xc</size>
         <input_file_ref idref="fl-13c"/>
      </object_component>
      <object_component id="oc-73">
         <name>.data</name>
         <load_address>0x20021690</load_address>
         <run_address>0x20021690</run_address>
         <size>0x4</size>
         <input_file_ref idref="fl-13f"/>
      </object_component>
      <object_component id="oc-a7">
         <name>.data</name>
         <load_address>0x20021674</load_address>
         <run_address>0x20021674</run_address>
         <size>0x8</size>
         <input_file_ref idref="fl-143"/>
      </object_component>
      <object_component id="oc-425">
         <name>.data</name>
         <load_address>0x200215c8</load_address>
         <run_address>0x200215c8</run_address>
         <size>0x80</size>
         <input_file_ref idref="fl-157"/>
      </object_component>
      <object_component id="oc-430">
         <name>.data</name>
         <load_address>0x2002168c</load_address>
         <run_address>0x2002168c</run_address>
         <size>0x4</size>
         <input_file_ref idref="fl-158"/>
      </object_component>
      <object_component id="oc-456">
         <name>.data</name>
         <load_address>0x20021684</load_address>
         <run_address>0x20021684</run_address>
         <size>0x8</size>
         <input_file_ref idref="fl-159"/>
      </object_component>
      <object_component id="oc-471">
         <name>.data:sigtable</name>
         <load_address>0x20021518</load_address>
         <run_address>0x20021518</run_address>
         <size>0xb0</size>
         <input_file_ref idref="fl-15b"/>
      </object_component>
      <object_component id="oc-2d3">
         <name>.debug_info</name>
         <load_address>0x0</load_address>
         <run_address>0x0</run_address>
         <size>0x2bb</size>
         <input_file_ref idref="fl-2"/>
      </object_component>
      <object_component id="oc-2d0">
         <name>.debug_info</name>
         <load_address>0x2bb</load_address>
         <run_address>0x2bb</run_address>
         <size>0x148</size>
         <input_file_ref idref="fl-2"/>
      </object_component>
      <object_component id="oc-14f">
         <name>.debug_info</name>
         <load_address>0x403</load_address>
         <run_address>0x403</run_address>
         <size>0xb4e</size>
         <input_file_ref idref="fl-2"/>
      </object_component>
      <object_component id="oc-318">
         <name>.debug_info</name>
         <load_address>0xf51</load_address>
         <run_address>0xf51</run_address>
         <size>0xc8</size>
         <input_file_ref idref="fl-2"/>
      </object_component>
      <object_component id="oc-380">
         <name>.debug_info</name>
         <load_address>0x1019</load_address>
         <run_address>0x1019</run_address>
         <size>0x62</size>
         <input_file_ref idref="fl-2"/>
      </object_component>
      <object_component id="oc-7e">
         <name>.debug_info</name>
         <load_address>0x107b</load_address>
         <run_address>0x107b</run_address>
         <size>0x84</size>
         <input_file_ref idref="fl-2"/>
      </object_component>
      <object_component id="oc-272">
         <name>.debug_info</name>
         <load_address>0x10ff</load_address>
         <run_address>0x10ff</run_address>
         <size>0x2c</size>
         <input_file_ref idref="fl-2"/>
      </object_component>
      <object_component id="oc-255">
         <name>.debug_info</name>
         <load_address>0x112b</load_address>
         <run_address>0x112b</run_address>
         <size>0x4e</size>
         <input_file_ref idref="fl-2"/>
      </object_component>
      <object_component id="oc-141">
         <name>.debug_info</name>
         <load_address>0x1179</load_address>
         <run_address>0x1179</run_address>
         <size>0x6dc</size>
         <input_file_ref idref="fl-3"/>
      </object_component>
      <object_component id="oc-16c">
         <name>.debug_info</name>
         <load_address>0x1855</load_address>
         <run_address>0x1855</run_address>
         <size>0xd1</size>
         <input_file_ref idref="fl-3"/>
      </object_component>
      <object_component id="oc-146">
         <name>.debug_info</name>
         <load_address>0x1926</load_address>
         <run_address>0x1926</run_address>
         <size>0xd1</size>
         <input_file_ref idref="fl-3"/>
      </object_component>
      <object_component id="oc-a0">
         <name>.debug_info</name>
         <load_address>0x19f7</load_address>
         <run_address>0x19f7</run_address>
         <size>0xadf</size>
         <input_file_ref idref="fl-3"/>
      </object_component>
      <object_component id="oc-25a">
         <name>.debug_info</name>
         <load_address>0x24d6</load_address>
         <run_address>0x24d6</run_address>
         <size>0x110</size>
         <input_file_ref idref="fl-3"/>
      </object_component>
      <object_component id="oc-2ed">
         <name>.debug_info</name>
         <load_address>0x25e6</load_address>
         <run_address>0x25e6</run_address>
         <size>0x86</size>
         <input_file_ref idref="fl-3"/>
      </object_component>
      <object_component id="oc-215">
         <name>.debug_info</name>
         <load_address>0x266c</load_address>
         <run_address>0x266c</run_address>
         <size>0x2c</size>
         <input_file_ref idref="fl-3"/>
      </object_component>
      <object_component id="oc-149">
         <name>.debug_info</name>
         <load_address>0x2698</load_address>
         <run_address>0x2698</run_address>
         <size>0x225</size>
         <input_file_ref idref="fl-4"/>
      </object_component>
      <object_component id="oc-35">
         <name>.debug_info</name>
         <load_address>0x28bd</load_address>
         <run_address>0x28bd</run_address>
         <size>0x128</size>
         <input_file_ref idref="fl-5"/>
      </object_component>
      <object_component id="oc-10">
         <name>.debug_info</name>
         <load_address>0x29e5</load_address>
         <run_address>0x29e5</run_address>
         <size>0x10d</size>
         <input_file_ref idref="fl-5"/>
      </object_component>
      <object_component id="oc-2e">
         <name>.debug_info</name>
         <load_address>0x2af2</load_address>
         <run_address>0x2af2</run_address>
         <size>0x42e</size>
         <input_file_ref idref="fl-5"/>
      </object_component>
      <object_component id="oc-252">
         <name>.debug_info</name>
         <load_address>0x2f20</load_address>
         <run_address>0x2f20</run_address>
         <size>0x3a8</size>
         <input_file_ref idref="fl-6"/>
      </object_component>
      <object_component id="oc-109">
         <name>.debug_info</name>
         <load_address>0x32c8</load_address>
         <run_address>0x32c8</run_address>
         <size>0x8e1</size>
         <input_file_ref idref="fl-6"/>
      </object_component>
      <object_component id="oc-20c">
         <name>.debug_info</name>
         <load_address>0x3ba9</load_address>
         <run_address>0x3ba9</run_address>
         <size>0x55b</size>
         <input_file_ref idref="fl-7"/>
      </object_component>
      <object_component id="oc-212">
         <name>.debug_info</name>
         <load_address>0x4104</load_address>
         <run_address>0x4104</run_address>
         <size>0x115</size>
         <input_file_ref idref="fl-7"/>
      </object_component>
      <object_component id="oc-20f">
         <name>.debug_info</name>
         <load_address>0x4219</load_address>
         <run_address>0x4219</run_address>
         <size>0x101</size>
         <input_file_ref idref="fl-7"/>
      </object_component>
      <object_component id="oc-df">
         <name>.debug_info</name>
         <load_address>0x431a</load_address>
         <run_address>0x431a</run_address>
         <size>0xeba</size>
         <input_file_ref idref="fl-7"/>
      </object_component>
      <object_component id="oc-27">
         <name>.debug_info</name>
         <load_address>0x51d4</load_address>
         <run_address>0x51d4</run_address>
         <size>0x11c</size>
         <input_file_ref idref="fl-12e"/>
      </object_component>
      <object_component id="oc-41">
         <name>.debug_info</name>
         <load_address>0x52f0</load_address>
         <run_address>0x52f0</run_address>
         <size>0x109</size>
         <input_file_ref idref="fl-12f"/>
      </object_component>
      <object_component id="oc-15">
         <name>.debug_info</name>
         <load_address>0x53f9</load_address>
         <run_address>0x53f9</run_address>
         <size>0x1a8</size>
         <input_file_ref idref="fl-12f"/>
      </object_component>
      <object_component id="oc-3c">
         <name>.debug_info</name>
         <load_address>0x55a1</load_address>
         <run_address>0x55a1</run_address>
         <size>0x46</size>
         <input_file_ref idref="fl-12f"/>
      </object_component>
      <object_component id="oc-84">
         <name>.debug_info</name>
         <load_address>0x55e7</load_address>
         <run_address>0x55e7</run_address>
         <size>0x2c</size>
         <input_file_ref idref="fl-12f"/>
      </object_component>
      <object_component id="oc-49">
         <name>.debug_info</name>
         <load_address>0x5613</load_address>
         <run_address>0x5613</run_address>
         <size>0xfd</size>
         <input_file_ref idref="fl-130"/>
      </object_component>
      <object_component id="oc-46">
         <name>.debug_info</name>
         <load_address>0x5710</load_address>
         <run_address>0x5710</run_address>
         <size>0x210</size>
         <input_file_ref idref="fl-130"/>
      </object_component>
      <object_component id="oc-1c">
         <name>.debug_info</name>
         <load_address>0x5920</load_address>
         <run_address>0x5920</run_address>
         <size>0x17a</size>
         <input_file_ref idref="fl-130"/>
      </object_component>
      <object_component id="oc-4a">
         <name>.debug_info</name>
         <load_address>0x5a9a</load_address>
         <run_address>0x5a9a</run_address>
         <size>0x39</size>
         <input_file_ref idref="fl-130"/>
      </object_component>
      <object_component id="oc-8e">
         <name>.debug_info</name>
         <load_address>0x5ad3</load_address>
         <run_address>0x5ad3</run_address>
         <size>0x2c</size>
         <input_file_ref idref="fl-130"/>
      </object_component>
      <object_component id="oc-5a">
         <name>.debug_info</name>
         <load_address>0x5aff</load_address>
         <run_address>0x5aff</run_address>
         <size>0xf8</size>
         <input_file_ref idref="fl-131"/>
      </object_component>
      <object_component id="oc-22">
         <name>.debug_info</name>
         <load_address>0x5bf7</load_address>
         <run_address>0x5bf7</run_address>
         <size>0x173</size>
         <input_file_ref idref="fl-131"/>
      </object_component>
      <object_component id="oc-55">
         <name>.debug_info</name>
         <load_address>0x5d6a</load_address>
         <run_address>0x5d6a</run_address>
         <size>0x46</size>
         <input_file_ref idref="fl-131"/>
      </object_component>
      <object_component id="oc-ae">
         <name>.debug_info</name>
         <load_address>0x5db0</load_address>
         <run_address>0x5db0</run_address>
         <size>0x15a</size>
         <input_file_ref idref="fl-132"/>
      </object_component>
      <object_component id="oc-ab">
         <name>.debug_info</name>
         <load_address>0x5f0a</load_address>
         <run_address>0x5f0a</run_address>
         <size>0xff</size>
         <input_file_ref idref="fl-132"/>
      </object_component>
      <object_component id="oc-6e">
         <name>.debug_info</name>
         <load_address>0x6009</load_address>
         <run_address>0x6009</run_address>
         <size>0x1d6</size>
         <input_file_ref idref="fl-132"/>
      </object_component>
      <object_component id="oc-174">
         <name>.debug_info</name>
         <load_address>0x61df</load_address>
         <run_address>0x61df</run_address>
         <size>0xed</size>
         <input_file_ref idref="fl-133"/>
      </object_component>
      <object_component id="oc-16f">
         <name>.debug_info</name>
         <load_address>0x62cc</load_address>
         <run_address>0x62cc</run_address>
         <size>0xef</size>
         <input_file_ref idref="fl-133"/>
      </object_component>
      <object_component id="oc-11f">
         <name>.debug_info</name>
         <load_address>0x63bb</load_address>
         <run_address>0x63bb</run_address>
         <size>0xff</size>
         <input_file_ref idref="fl-134"/>
      </object_component>
      <object_component id="oc-166">
         <name>.debug_info</name>
         <load_address>0x64ba</load_address>
         <run_address>0x64ba</run_address>
         <size>0xff</size>
         <input_file_ref idref="fl-135"/>
      </object_component>
      <object_component id="oc-124">
         <name>.debug_info</name>
         <load_address>0x65b9</load_address>
         <run_address>0x65b9</run_address>
         <size>0xfa</size>
         <input_file_ref idref="fl-136"/>
      </object_component>
      <object_component id="oc-267">
         <name>.debug_info</name>
         <load_address>0x66b3</load_address>
         <run_address>0x66b3</run_address>
         <size>0xfb</size>
         <input_file_ref idref="fl-137"/>
      </object_component>
      <object_component id="oc-119">
         <name>.debug_info</name>
         <load_address>0x67ae</load_address>
         <run_address>0x67ae</run_address>
         <size>0x193</size>
         <input_file_ref idref="fl-137"/>
      </object_component>
      <object_component id="oc-10f">
         <name>.debug_info</name>
         <load_address>0x6941</load_address>
         <run_address>0x6941</run_address>
         <size>0xff</size>
         <input_file_ref idref="fl-138"/>
      </object_component>
      <object_component id="oc-114">
         <name>.debug_info</name>
         <load_address>0x6a40</load_address>
         <run_address>0x6a40</run_address>
         <size>0xf1</size>
         <input_file_ref idref="fl-139"/>
      </object_component>
      <object_component id="oc-37">
         <name>.debug_info</name>
         <load_address>0x6b31</load_address>
         <run_address>0x6b31</run_address>
         <size>0xde</size>
         <input_file_ref idref="fl-13a"/>
      </object_component>
      <object_component id="oc-349">
         <name>.debug_info</name>
         <load_address>0x6c0f</load_address>
         <run_address>0x6c0f</run_address>
         <size>0xf5</size>
         <input_file_ref idref="fl-13b"/>
      </object_component>
      <object_component id="oc-246">
         <name>.debug_info</name>
         <load_address>0x6d04</load_address>
         <run_address>0x6d04</run_address>
         <size>0x174</size>
         <input_file_ref idref="fl-13b"/>
      </object_component>
      <object_component id="oc-79">
         <name>.debug_info</name>
         <load_address>0x6e78</load_address>
         <run_address>0x6e78</run_address>
         <size>0x1eb</size>
         <input_file_ref idref="fl-13c"/>
      </object_component>
      <object_component id="oc-2b">
         <name>.debug_info</name>
         <load_address>0x7063</load_address>
         <run_address>0x7063</run_address>
         <size>0xca</size>
         <input_file_ref idref="fl-13c"/>
      </object_component>
      <object_component id="oc-34b">
         <name>.debug_info</name>
         <load_address>0x712d</load_address>
         <run_address>0x712d</run_address>
         <size>0x115</size>
         <input_file_ref idref="fl-13c"/>
      </object_component>
      <object_component id="oc-24c">
         <name>.debug_info</name>
         <load_address>0x7242</load_address>
         <run_address>0x7242</run_address>
         <size>0x854</size>
         <input_file_ref idref="fl-13c"/>
      </object_component>
      <object_component id="oc-b4">
         <name>.debug_info</name>
         <load_address>0x7a96</load_address>
         <run_address>0x7a96</run_address>
         <size>0x2c</size>
         <input_file_ref idref="fl-13c"/>
      </object_component>
      <object_component id="oc-b9">
         <name>.debug_info</name>
         <load_address>0x7ac2</load_address>
         <run_address>0x7ac2</run_address>
         <size>0x62</size>
         <input_file_ref idref="fl-13c"/>
      </object_component>
      <object_component id="oc-51">
         <name>.debug_info</name>
         <load_address>0x7b24</load_address>
         <run_address>0x7b24</run_address>
         <size>0x10c</size>
         <input_file_ref idref="fl-13d"/>
      </object_component>
      <object_component id="oc-5c">
         <name>.debug_info</name>
         <load_address>0x7c30</load_address>
         <run_address>0x7c30</run_address>
         <size>0x111</size>
         <input_file_ref idref="fl-13e"/>
      </object_component>
      <object_component id="oc-74">
         <name>.debug_info</name>
         <load_address>0x7d41</load_address>
         <run_address>0x7d41</run_address>
         <size>0xd2</size>
         <input_file_ref idref="fl-13f"/>
      </object_component>
      <object_component id="oc-347">
         <name>.debug_info</name>
         <load_address>0x7e13</load_address>
         <run_address>0x7e13</run_address>
         <size>0xb3</size>
         <input_file_ref idref="fl-140"/>
      </object_component>
      <object_component id="oc-240">
         <name>.debug_info</name>
         <load_address>0x7ec6</load_address>
         <run_address>0x7ec6</run_address>
         <size>0x193</size>
         <input_file_ref idref="fl-140"/>
      </object_component>
      <object_component id="oc-162">
         <name>.debug_info</name>
         <load_address>0x8059</load_address>
         <run_address>0x8059</run_address>
         <size>0xf0</size>
         <input_file_ref idref="fl-141"/>
      </object_component>
      <object_component id="oc-33b">
         <name>.debug_info</name>
         <load_address>0x8149</load_address>
         <run_address>0x8149</run_address>
         <size>0x191</size>
         <input_file_ref idref="fl-142"/>
      </object_component>
      <object_component id="oc-23a">
         <name>.debug_info</name>
         <load_address>0x82da</load_address>
         <run_address>0x82da</run_address>
         <size>0x325</size>
         <input_file_ref idref="fl-142"/>
      </object_component>
      <object_component id="oc-33c">
         <name>.debug_info</name>
         <load_address>0x85ff</load_address>
         <run_address>0x85ff</run_address>
         <size>0x2c</size>
         <input_file_ref idref="fl-142"/>
      </object_component>
      <object_component id="oc-341">
         <name>.debug_info</name>
         <load_address>0x862b</load_address>
         <run_address>0x862b</run_address>
         <size>0x69</size>
         <input_file_ref idref="fl-142"/>
      </object_component>
      <object_component id="oc-194">
         <name>.debug_info</name>
         <load_address>0x8694</load_address>
         <run_address>0x8694</run_address>
         <size>0xed</size>
         <input_file_ref idref="fl-143"/>
      </object_component>
      <object_component id="oc-a8">
         <name>.debug_info</name>
         <load_address>0x8781</load_address>
         <run_address>0x8781</run_address>
         <size>0xdc</size>
         <input_file_ref idref="fl-143"/>
      </object_component>
      <object_component id="oc-18e">
         <name>.debug_info</name>
         <load_address>0x885d</load_address>
         <run_address>0x885d</run_address>
         <size>0x1e8</size>
         <input_file_ref idref="fl-143"/>
      </object_component>
      <object_component id="oc-3cd">
         <name>.debug_info</name>
         <load_address>0x8a45</load_address>
         <run_address>0x8a45</run_address>
         <size>0x320</size>
         <input_file_ref idref="fl-144"/>
      </object_component>
      <object_component id="oc-335">
         <name>.debug_info</name>
         <load_address>0x8d65</load_address>
         <run_address>0x8d65</run_address>
         <size>0x17d0</size>
         <input_file_ref idref="fl-144"/>
      </object_component>
      <object_component id="oc-3ce">
         <name>.debug_info</name>
         <load_address>0xa535</load_address>
         <run_address>0xa535</run_address>
         <size>0x86</size>
         <input_file_ref idref="fl-144"/>
      </object_component>
      <object_component id="oc-411">
         <name>.debug_info</name>
         <load_address>0xa5bb</load_address>
         <run_address>0xa5bb</run_address>
         <size>0x46</size>
         <input_file_ref idref="fl-144"/>
      </object_component>
      <object_component id="oc-3d3">
         <name>.debug_info</name>
         <load_address>0xa601</load_address>
         <run_address>0xa601</run_address>
         <size>0x39</size>
         <input_file_ref idref="fl-144"/>
      </object_component>
      <object_component id="oc-a6">
         <name>.debug_info</name>
         <load_address>0xa63a</load_address>
         <run_address>0xa63a</run_address>
         <size>0x12f</size>
         <input_file_ref idref="fl-145"/>
      </object_component>
      <object_component id="oc-69">
         <name>.debug_info</name>
         <load_address>0xa769</load_address>
         <run_address>0xa769</run_address>
         <size>0x130</size>
         <input_file_ref idref="fl-145"/>
      </object_component>
      <object_component id="oc-187">
         <name>.debug_info</name>
         <load_address>0xa899</load_address>
         <run_address>0xa899</run_address>
         <size>0x5e</size>
         <input_file_ref idref="fl-145"/>
      </object_component>
      <object_component id="oc-40e">
         <name>.debug_info</name>
         <load_address>0xa8f7</load_address>
         <run_address>0xa8f7</run_address>
         <size>0xdd</size>
         <input_file_ref idref="fl-146"/>
      </object_component>
      <object_component id="oc-3c7">
         <name>.debug_info</name>
         <load_address>0xa9d4</load_address>
         <run_address>0xa9d4</run_address>
         <size>0x13a</size>
         <input_file_ref idref="fl-146"/>
      </object_component>
      <object_component id="oc-9e">
         <name>.debug_info</name>
         <load_address>0xab0e</load_address>
         <run_address>0xab0e</run_address>
         <size>0x286</size>
         <input_file_ref idref="fl-147"/>
      </object_component>
      <object_component id="oc-62">
         <name>.debug_info</name>
         <load_address>0xad94</load_address>
         <run_address>0xad94</run_address>
         <size>0x140</size>
         <input_file_ref idref="fl-147"/>
      </object_component>
      <object_component id="oc-c2">
         <name>.debug_info</name>
         <load_address>0xaed4</load_address>
         <run_address>0xaed4</run_address>
         <size>0x39</size>
         <input_file_ref idref="fl-147"/>
      </object_component>
      <object_component id="oc-c7">
         <name>.debug_info</name>
         <load_address>0xaf0d</load_address>
         <run_address>0xaf0d</run_address>
         <size>0xcd</size>
         <input_file_ref idref="fl-147"/>
      </object_component>
      <object_component id="oc-bf">
         <name>.debug_info</name>
         <load_address>0xafda</load_address>
         <run_address>0xafda</run_address>
         <size>0x1a9</size>
         <input_file_ref idref="fl-148"/>
      </object_component>
      <object_component id="oc-98">
         <name>.debug_info</name>
         <load_address>0xb183</load_address>
         <run_address>0xb183</run_address>
         <size>0x14c</size>
         <input_file_ref idref="fl-148"/>
      </object_component>
      <object_component id="oc-19c">
         <name>.debug_info</name>
         <load_address>0xb2cf</load_address>
         <run_address>0xb2cf</run_address>
         <size>0x2c</size>
         <input_file_ref idref="fl-148"/>
      </object_component>
      <object_component id="oc-43e">
         <name>.debug_info</name>
         <load_address>0xb2fb</load_address>
         <run_address>0xb2fb</run_address>
         <size>0xb7</size>
         <input_file_ref idref="fl-149"/>
      </object_component>
      <object_component id="oc-40b">
         <name>.debug_info</name>
         <load_address>0xb3b2</load_address>
         <run_address>0xb3b2</run_address>
         <size>0xc3</size>
         <input_file_ref idref="fl-149"/>
      </object_component>
      <object_component id="oc-263">
         <name>.debug_info</name>
         <load_address>0xb475</load_address>
         <run_address>0xb475</run_address>
         <size>0x111</size>
         <input_file_ref idref="fl-14a"/>
      </object_component>
      <object_component id="oc-399">
         <name>.debug_info</name>
         <load_address>0xb586</load_address>
         <run_address>0xb586</run_address>
         <size>0xf3</size>
         <input_file_ref idref="fl-14b"/>
      </object_component>
      <object_component id="oc-3f5">
         <name>.debug_info</name>
         <load_address>0xb679</load_address>
         <run_address>0xb679</run_address>
         <size>0xe6</size>
         <input_file_ref idref="fl-14c"/>
      </object_component>
      <object_component id="oc-3a9">
         <name>.debug_info</name>
         <load_address>0xb75f</load_address>
         <run_address>0xb75f</run_address>
         <size>0x155</size>
         <input_file_ref idref="fl-14c"/>
      </object_component>
      <object_component id="oc-3a5">
         <name>.debug_info</name>
         <load_address>0xb8b4</load_address>
         <run_address>0xb8b4</run_address>
         <size>0xf1</size>
         <input_file_ref idref="fl-14d"/>
      </object_component>
      <object_component id="oc-403">
         <name>.debug_info</name>
         <load_address>0xb9a5</load_address>
         <run_address>0xb9a5</run_address>
         <size>0x12a</size>
         <input_file_ref idref="fl-14e"/>
      </object_component>
      <object_component id="oc-3af">
         <name>.debug_info</name>
         <load_address>0xbacf</load_address>
         <run_address>0xbacf</run_address>
         <size>0x14c</size>
         <input_file_ref idref="fl-14e"/>
      </object_component>
      <object_component id="oc-3ec">
         <name>.debug_info</name>
         <load_address>0xbc1b</load_address>
         <run_address>0xbc1b</run_address>
         <size>0x115</size>
         <input_file_ref idref="fl-14f"/>
      </object_component>
      <object_component id="oc-39e">
         <name>.debug_info</name>
         <load_address>0xbd30</load_address>
         <run_address>0xbd30</run_address>
         <size>0x18b</size>
         <input_file_ref idref="fl-14f"/>
      </object_component>
      <object_component id="oc-409">
         <name>.debug_info</name>
         <load_address>0xbebb</load_address>
         <run_address>0xbebb</run_address>
         <size>0xba</size>
         <input_file_ref idref="fl-150"/>
      </object_component>
      <object_component id="oc-3c1">
         <name>.debug_info</name>
         <load_address>0xbf75</load_address>
         <run_address>0xbf75</run_address>
         <size>0x174</size>
         <input_file_ref idref="fl-150"/>
      </object_component>
      <object_component id="oc-405">
         <name>.debug_info</name>
         <load_address>0xc0e9</load_address>
         <run_address>0xc0e9</run_address>
         <size>0xbe</size>
         <input_file_ref idref="fl-151"/>
      </object_component>
      <object_component id="oc-3b5">
         <name>.debug_info</name>
         <load_address>0xc1a7</load_address>
         <run_address>0xc1a7</run_address>
         <size>0x1ad</size>
         <input_file_ref idref="fl-151"/>
      </object_component>
      <object_component id="oc-395">
[...]
         <name>__aeabi_memcpy4</name>
         <value>0x20007405</value>
         <object_component_ref idref="oc-36"/>
      </symbol>
      <symbol id="sm-31b">
         <name>memmove</name>
         <value>0x20008519</value>
         <object_component_ref idref="oc-245"/>
      </symbol>
      <symbol id="sm-392">
         <name>_sys_memory</name>
         <value>0x20017000</value>
         <object_component_ref idref="oc-2a"/>
      </symbol>
      <symbol id="sm-393">
         <name>free</name>
         <value>0x20005d0b</value>
         <object_component_ref idref="oc-24b"/>
      </symbol>
      <symbol id="sm-394">
         <name>realloc</name>
         <value>0x20005dcd</value>
         <object_component_ref idref="oc-24b"/>
      </symbol>
      <symbol id="sm-395">
         <name>memalign</name>
         <value>0x20005ed9</value>
         <object_component_ref idref="oc-24b"/>
      </symbol>
      <symbol id="sm-396">
         <name>calloc</name>
         <value>0x20005fbd</value>
         <object_component_ref idref="oc-24b"/>
      </symbol>
      <symbol id="sm-397">
         <name>malloc</name>
         <value>0x20005ca3</value>
         <object_component_ref idref="oc-24b"/>
      </symbol>
      <symbol id="sm-398">
         <name>minit</name>
         <value>0x20005c15</value>
         <object_component_ref idref="oc-24b"/>
      </symbol>
      <symbol id="sm-3a7">
         <name>__aeabi_memset</name>
         <value>0x2000784f</value>
         <object_component_ref idref="oc-4f"/>
      </symbol>
      <symbol id="sm-3a8">
         <name>memset</name>
         <value>0x20007855</value>
         <object_component_ref idref="oc-4f"/>
      </symbol>
      <symbol id="sm-3a9">
         <name>__aeabi_memset8</name>
         <value>0x2000784f</value>
         <object_component_ref idref="oc-4f"/>
      </symbol>
      <symbol id="sm-3aa">
         <name>__aeabi_memset4</name>
         <value>0x2000784f</value>
         <object_component_ref idref="oc-4f"/>
      </symbol>
      <symbol id="sm-3ab">
         <name>__aeabi_memclr8</name>
         <value>0x2000784d</value>
         <object_component_ref idref="oc-4f"/>
      </symbol>
      <symbol id="sm-3ac">
         <name>__aeabi_memclr4</name>
         <value>0x2000784d</value>
         <object_component_ref idref="oc-4f"/>
      </symbol>
      <symbol id="sm-3ad">
         <name>__aeabi_memclr</name>
         <value>0x2000784d</value>
         <object_component_ref idref="oc-4f"/>
      </symbol>
      <symbol id="sm-3b7">
         <name>_system_pre_init</name>
         <value>0x2000888b</value>
         <object_component_ref idref="oc-5b"/>
      </symbol>
      <symbol id="sm-3bf">
         <name>main_func_sp</name>
         <value>0x20021690</value>
         <object_component_ref idref="oc-73"/>
      </symbol>
      <symbol id="sm-3cd">
         <name>strlen</name>
         <value>0x200087d9</value>
         <object_component_ref idref="oc-23f"/>
      </symbol>
      <symbol id="sm-3d9">
         <name>__aeabi_ui2f</name>
         <value>0x2000853d</value>
         <object_component_ref idref="oc-160"/>
      </symbol>
      <symbol id="sm-3fa">
         <name>vsnprintf</name>
         <value>0x200075bd</value>
         <object_component_ref idref="oc-239"/>
      </symbol>
      <symbol id="sm-413">
         <name>_nop</name>
         <value>0x200087d3</value>
         <object_component_ref idref="oc-18c"/>
      </symbol>
      <symbol id="sm-414">
         <name>_lock</name>
         <value>0x20021674</value>
         <object_component_ref idref="oc-a7"/>
      </symbol>
      <symbol id="sm-415">
         <name>_unlock</name>
         <value>0x20021678</value>
         <object_component_ref idref="oc-a7"/>
      </symbol>
      <symbol id="sm-416">
         <name>_register_lock</name>
         <value>0x200087cb</value>
         <object_component_ref idref="oc-18c"/>
      </symbol>
      <symbol id="sm-417">
         <name>_register_unlock</name>
         <value>0x200087c5</value>
         <object_component_ref idref="oc-18c"/>
      </symbol>
      <symbol id="sm-51c">
         <name>__TI_printfi</name>
         <value>0x200051a1</value>
         <object_component_ref idref="oc-334"/>
      </symbol>
      <symbol id="sm-531">
         <name>_args_main</name>
         <value>0x200086f1</value>
         <object_component_ref idref="oc-67"/>
      </symbol>
      <symbol id="sm-547">
         <name>atoi</name>
         <value>0x20007dd9</value>
         <object_component_ref idref="oc-3c6"/>
      </symbol>
      <symbol id="sm-56d">
         <name>__TI_auto_init</name>
         <value>0x200079b1</value>
         <object_component_ref idref="oc-61"/>
      </symbol>
      <symbol id="sm-587">
         <name>copy_in</name>
         <value>0x20007e25</value>
         <object_component_ref idref="oc-97"/>
      </symbol>
      <symbol id="sm-592">
         <name>_ctypes_</name>
         <value>0x20008890</value>
         <object_component_ref idref="oc-40a"/>
      </symbol>
      <symbol id="sm-5b6">
         <name>__aeabi_dsub</name>
         <value>0x200069cd</value>
         <object_component_ref idref="oc-261"/>
      </symbol>
      <symbol id="sm-5b7">
         <name>__aeabi_dadd</name>
         <value>0x200069d7</value>
         <object_component_ref idref="oc-261"/>
      </symbol>
      <symbol id="sm-5c5">
         <name>__aeabi_d2iz</name>
         <value>0x20007f51</value>
         <object_component_ref idref="oc-398"/>
      </symbol>
      <symbol id="sm-5d2">
         <name>frexp</name>
         <value>0x20008561</value>
         <object_component_ref idref="oc-3a8"/>
      </symbol>
      <symbol id="sm-5de">
         <name>__aeabi_i2d</name>
         <value>0x200083f5</value>
         <object_component_ref idref="oc-3a3"/>
      </symbol>
      <symbol id="sm-5ef">
         <name>ldexp</name>
         <value>0x20007fe1</value>
         <object_component_ref idref="oc-3ae"/>
      </symbol>
      <symbol id="sm-5fe">
         <name>ltoa</name>
         <value>0x20007d2d</value>
         <object_component_ref idref="oc-39d"/>
      </symbol>
      <symbol id="sm-60e">
         <name>memccpy</name>
         <value>0x2000861d</value>
         <object_component_ref idref="oc-3c0"/>
      </symbol>
      <symbol id="sm-61e">
         <name>strchr</name>
         <value>0x20008735</value>
         <object_component_ref idref="oc-3b4"/>
      </symbol>
      <symbol id="sm-648">
         <name>__aeabi_uldivmod</name>
         <value>0x2000660d</value>
         <object_component_ref idref="oc-393"/>
      </symbol>
      <symbol id="sm-656">
         <name>_Dclass</name>
         <value>0x2000847d</value>
         <object_component_ref idref="oc-3ba"/>
      </symbol>
      <symbol id="sm-677">
         <name>_Dscale</name>
         <value>0x20006e35</value>
         <object_component_ref idref="oc-3f6"/>
      </symbol>
      <symbol id="sm-68b">
         <name>_Dunscale</name>
         <value>0x20007af1</value>
         <object_component_ref idref="oc-3ee"/>
      </symbol>
      <symbol id="sm-69a">
         <name>_Feraise</name>
         <value>0x200083c5</value>
         <object_component_ref idref="oc-3fc"/>
      </symbol>
      <symbol id="sm-6aa">
         <name>_Rteps</name>
         <value>0x20021628</value>
         <object_component_ref idref="oc-425"/>
      </symbol>
      <symbol id="sm-6ab">
         <name>_Zero</name>
         <value>0x20021640</value>
         <object_component_ref idref="oc-425"/>
      </symbol>
      <symbol id="sm-6ac">
         <name>_Hugeval</name>
         <value>0x200215e8</value>
         <object_component_ref idref="oc-425"/>
      </symbol>
      <symbol id="sm-6ad">
         <name>_Snan</name>
         <value>0x20021618</value>
         <object_component_ref idref="oc-425"/>
      </symbol>
      <symbol id="sm-6ae">
         <name>_Nan</name>
         <value>0x20021608</value>
         <object_component_ref idref="oc-425"/>
      </symbol>
      <symbol id="sm-6af">
         <name>_Inf</name>
         <value>0x200215f8</value>
         <object_component_ref idref="oc-425"/>
      </symbol>
      <symbol id="sm-6b0">
         <name>_Xbig</name>
         <value>0x20021638</value>
         <object_component_ref idref="oc-425"/>
      </symbol>
      <symbol id="sm-6b1">
         <name>_Eps</name>
         <value>0x200215d8</value>
         <object_component_ref idref="oc-425"/>
      </symbol>
      <symbol id="sm-6b2">
         <name>_Denorm</name>
         <value>0x200215c8</value>
         <object_component_ref idref="oc-425"/>
      </symbol>
      <symbol id="sm-6ba">
         <name>_Errno</name>
         <value>0x2002168c</value>
         <object_component_ref idref="oc-430"/>
      </symbol>
      <symbol id="sm-6d8">
         <name>feraiseexcept</name>
         <value>0x20008331</value>
         <object_component_ref idref="oc-42a"/>
      </symbol>
      <symbol id="sm-6d9">
         <name>_Tls_setup__Fenv</name>
         <value>0x20021688</value>
         <object_component_ref idref="oc-456"/>
      </symbol>
      <symbol id="sm-6da">
         <name>_Fenv</name>
         <value>0x20021684</value>
         <object_component_ref idref="oc-456"/>
      </symbol>
      <symbol id="sm-6ee">
         <name>raise</name>
         <value>0x20008423</value>
         <object_component_ref idref="oc-450"/>
      </symbol>
      <symbol id="sm-708">
         <name>signal</name>
         <value>0x200080ad</value>
         <object_component_ref idref="oc-460"/>
      </symbol>
      <symbol id="sm-71d">
         <name>_Dnorm</name>
         <value>0x200071f5</value>
         <object_component_ref idref="oc-41b"/>
      </symbol>
      <symbol id="sm-792">
         <name>ADCChannelDisable</name>
         <value>0x200081e1</value>
         <object_component_ref idref="oc-17e"/>
      </symbol>
      <symbol id="sm-793">
         <name>ADCIntEnable</name>
         <value>0x20007a89</value>
         <object_component_ref idref="oc-f6"/>
      </symbol>
      <symbol id="sm-794">
         <name>ADCDMAEnable</name>
         <value>0x20008289</value>
         <object_component_ref idref="oc-ea"/>
      </symbol>
      <symbol id="sm-795">
         <name>ADCChannelEnable</name>
         <value>0x20008219</value>
         <object_component_ref idref="oc-102"/>
      </symbol>
      <symbol id="sm-796">
         <name>ADCEnable</name>
         <value>0x20008761</value>
         <object_component_ref idref="oc-fc"/>
      </symbol>
      <symbol id="sm-797">
         <name>ADCIntClear</name>
         <value>0x20007c7d</value>
         <object_component_ref idref="oc-d2"/>
      </symbol>
      <symbol id="sm-798">
         <name>ADCIntStatus</name>
         <value>0x20007c21</value>
         <object_component_ref idref="oc-cc"/>
      </symbol>
      <symbol id="sm-799">
         <name>ADCIntRegister</name>
         <value>0x200080ed</value>
         <object_component_ref idref="oc-f0"/>
      </symbol>
      <symbol id="sm-79a">
         <name>ADCDMADisable</name>
         <value>0x20008251</value>
         <object_component_ref idref="oc-178"/>
      </symbol>
      <symbol id="sm-7f0">
         <name>GPIOIntRegister</name>
         <value>0x200085c5</value>
         <object_component_ref idref="oc-2b7"/>
      </symbol>
      <symbol id="sm-7f1">
         <name>GPIOIntEnable</name>
         <value>0x2000868d</value>
         <object_component_ref idref="oc-2c3"/>
      </symbol>
      <symbol id="sm-7f2">
         <name>GPIOIntTypeSet</name>
         <value>0x20007751</value>
         <object_component_ref idref="oc-2b1"/>
      </symbol>
      <symbol id="sm-7f3">
         <name>GPIOIntClear</name>
         <value>0x20008789</value>
         <object_component_ref idref="oc-2bd"/>
      </symbol>
      <symbol id="sm-7f4">
         <name>GPIOPinRead</name>
         <value>0x200086c1</value>
         <object_component_ref idref="oc-2d5"/>
      </symbol>
      <symbol id="sm-7f5">
         <name>GPIODirModeSet</name>
         <value>0x200082f9</value>
         <object_component_ref idref="oc-2aa"/>
      </symbol>
      <symbol id="sm-7f6">
         <name>GPIOPinWrite</name>
         <value>0x20008583</value>
         <object_component_ref idref="oc-2c9"/>
      </symbol>
      <symbol id="sm-86e">
         <name>IntPrioritySet</name>
         <value>0x20007d85</value>
         <object_component_ref idref="oc-1bd"/>
      </symbol>
      <symbol id="sm-86f">
         <name>IntVTableBaseSet</name>
         <value>0x2000879d</value>
         <object_component_ref idref="oc-128"/>
      </symbol>
      <symbol id="sm-870">
         <name>IntEnable</name>
         <value>0x2000735d</value>
         <object_component_ref idref="oc-134"/>
      </symbol>
      <symbol id="sm-871">
         <name>IntDisable</name>
         <value>0x200072b5</value>
         <object_component_ref idref="oc-304"/>
      </symbol>
      <symbol id="sm-872">
         <name>IntRegister</name>
         <value>0x200085a5</value>
         <object_component_ref idref="oc-21c"/>
      </symbol>
      <symbol id="sm-873">
         <name>IntUnregister</name>
         <value>0x200084d1</value>
         <object_component_ref idref="oc-30a"/>
      </symbol>
      <symbol id="sm-874">
         <name>IntMasterEnable</name>
         <value>0x20008875</value>
         <object_component_ref idref="oc-12e"/>
      </symbol>
      <symbol id="sm-8b3">
         <name>PinTypeUART</name>
         <value>0x200086a7</value>
         <object_component_ref idref="oc-29e"/>
      </symbol>
      <symbol id="sm-8b4">
         <name>PinTypeADC</name>
         <value>0x200087b1</value>
         <object_component_ref idref="oc-298"/>
      </symbol>
      <symbol id="sm-8b5">
         <name>PinTypeGPIO</name>
         <value>0x20008365</value>
         <object_component_ref idref="oc-2a4"/>
      </symbol>
      <symbol id="sm-8b6">
         <name>PinConfigSet</name>
         <value>0x20007535</value>
         <object_component_ref idref="oc-35b"/>
      </symbol>
      <symbol id="sm-8b7">
         <name>PinModeSet</name>
         <value>0x2000806d</value>
         <object_component_ref idref="oc-362"/>
      </symbol>
      <symbol id="sm-93d">
         <name>PRCMPeripheralReset</name>
         <value>0x20007cd5</value>
         <object_component_ref idref="oc-1b7"/>
      </symbol>
      <symbol id="sm-93e">
         <name>PRCMPeripheralClkEnable</name>
         <value>0x2000812d</value>
         <object_component_ref idref="oc-1b1"/>
      </symbol>
      <symbol id="sm-93f">
         <name>PRCMPeripheralClockGet</name>
         <value>0x200074a1</value>
         <object_component_ref idref="oc-227"/>
      </symbol>
      <symbol id="sm-940">
         <name>PRCMCC3200MCUInit</name>
         <value>0x20006b85</value>
         <object_component_ref idref="oc-13a"/>
      </symbol>
      <symbol id="sm-941">
         <name>PRCMHIBRegWrite</name>
         <value>0x2000871f</value>
         <object_component_ref idref="oc-287"/>
      </symbol>
      <symbol id="sm-942">
         <name>PRCMSysResetCauseGet</name>
         <value>0x20008451</value>
         <object_component_ref idref="oc-27b"/>
      </symbol>
      <symbol id="sm-943">
         <name>PRCMPeripheralClkDisable</name>
         <value>0x200084a9</value>
         <object_component_ref idref="oc-28d"/>
      </symbol>
      <symbol id="sm-944">
         <name>PRCMHIBRegRead</name>
         <value>0x20008709</value>
         <object_component_ref idref="oc-281"/>
      </symbol>
      <symbol id="sm-980">
         <name>UARTConfigSetExpClk</name>
         <value>0x200078c7</value>
         <object_component_ref idref="oc-22d"/>
      </symbol>
      <symbol id="sm-981">
         <name>UARTDisable</name>
         <value>0x20008395</value>
         <object_component_ref idref="oc-326"/>
      </symbol>
      <symbol id="sm-982">
         <name>UARTCharsAvail</name>
         <value>0x200086d9</value>
         <object_component_ref idref="oc-154"/>
      </symbol>
      <symbol id="sm-983">
         <name>UARTCharGetNonBlocking</name>
         <value>0x20008601</value>
         <object_component_ref idref="oc-15a"/>
      </symbol>
      <symbol id="sm-984">
         <name>UARTCharPut</name>
         <value>0x200085e3</value>
         <object_component_ref idref="oc-233"/>
      </symbol>
      <symbol id="sm-985">
         <name>UARTEnable</name>
         <value>0x200084f5</value>
         <object_component_ref idref="oc-32c"/>
      </symbol>
      <symbol id="sm-a3e">
         <name>uDMAChannelControlSet</name>
         <value>0x200081a5</value>
         <object_component_ref idref="oc-1f3"/>
      </symbol>
      <symbol id="sm-a3f">
         <name>uDMAIntClear</name>
         <value>0x20008801</value>
         <object_component_ref idref="oc-1ab"/>
      </symbol>
      <symbol id="sm-a40">
         <name>uDMAChannelDisable</name>
         <value>0x20008639</value>
         <object_component_ref idref="oc-1e1"/>
      </symbol>
      <symbol id="sm-a41">
         <name>uDMAChannelModeGet</name>
         <value>0x20007ebd</value>
         <object_component_ref idref="oc-d8"/>
      </symbol>
      <symbol id="sm-a42">
         <name>uDMAIntUnregister</name>
         <value>0x20008815</value>
         <object_component_ref idref="oc-1e7"/>
      </symbol>
      <symbol id="sm-a43">
         <name>uDMAChannelAttributeEnable</name>
         <value>0x20007bbd</value>
         <object_component_ref idref="oc-1f9"/>
      </symbol>
      <symbol id="sm-a44">
         <name>uDMADisable</name>
         <value>0x20008851</value>
         <object_component_ref idref="oc-1ed"/>
      </symbol>
      <symbol id="sm-a45">
         <name>uDMAChannelTransferSet</name>
         <value>0x20007041</value>
         <object_component_ref idref="oc-1ff"/>
      </symbol>
      <symbol id="sm-a46">
         <name>uDMAIntStatus</name>
         <value>0x20008869</value>
         <object_component_ref idref="oc-1a5"/>
      </symbol>
      <symbol id="sm-a47">
         <name>uDMAChannelAssign</name>
         <value>0x20007e71</value>
         <object_component_ref idref="oc-e4"/>
      </symbol>
      <symbol id="sm-a48">
         <name>uDMAIntRegister</name>
         <value>0x2000874b</value>
         <object_component_ref idref="oc-1c3"/>
      </symbol>
      <symbol id="sm-a49">
         <name>uDMAEnable</name>
         <value>0x2000885d</value>
         <object_component_ref idref="oc-1c9"/>
      </symbol>
      <symbol id="sm-a4a">
         <name>uDMAControlBaseSet</name>
         <value>0x200087ed</value>
         <object_component_ref idref="oc-1cf"/>
      </symbol>
      <symbol id="sm-a4b">
         <name>uDMAChannelAttributeDisable</name>
         <value>0x20007b59</value>
         <object_component_ref idref="oc-1d5"/>
      </symbol>
      <symbol id="sm-a4c">
         <name>uDMAChannelEnable</name>
         <value>0x20008655</value>
         <object_component_ref idref="oc-205"/>
      </symbol>
      <symbol id="sm-a4d">
         <name>uDMAChannelRequest</name>
         <value>0x20008671</value>
         <object_component_ref idref="oc-1db"/>
      </symbol>
      <symbol id="sm-a51">
         <name>UtilsDelay</name>
         <value>0x2000887f</value>
         <object_component_ref idref="oc-357"/>
      </symbol>
      <symbol id="sm-a5b">
         <name>CPUcpsie</name>
         <value>0x20008775</value>
         <object_component_ref idref="oc-26b"/>
      </symbol>
      <symbol id="sm-a5d">
         <name>__TI_static_base__</name>
         <value>0x20008c90</value>
      </symbol>
      <symbol id="sm-a60">
         <name>SHT$$INIT_ARRAY$$Limit</name>
         <value>0x0</value>
      </symbol>
      <symbol id="sm-a61">
         <name>SHT$$INIT_ARRAY$$Base</name>
         <value>0x0</value>
      </symbol>
   </symbol_table>
   <title>Link successful</title>
</link_info>
