******************************************************************************
                  TI ARM Linker PC v5.2.5                      
******************************************************************************
>> Linked Wed May 11 19:27:44 2016

OUTPUT FILE NAME:   <adc_dma1.out>
ENTRY POINT SYMBOL: "_c_int00"  address: 20008169


MEMORY CONFIGURATION

         name            origin    length      used     unused   attr    fill
----------------------  --------  ---------  --------  --------  ----  --------
  SRAM_CODE             20004000   00013000  00004d16  0000e2ea  RW X
  SRAM_DATA             20017000   00019000  0000b68e  0000d972  RW X


SEGMENT ALLOCATION MAP

run origin  load origin   length   init length attrs members
----------  ----------- ---------- ----------- ----- -------
20004000    20004000    00004d18   00004d18    r-x
  20004000    20004000    00000400   00000400    r-- .intvecs
  20004400    20004400    0000448e   0000448e    r-x .text
  20008890    20008890    00000400   00000400    r-- .const
  20008c90    20008c90    00000088   00000088    r-- .cinit
20017000    20017000    0000a694   00000000    rw-
  20017000    20017000    00008000   00000000    rw- .sysmem
  2001f000    2001f000    00002512   00000000    rw- .bss
  20021518    20021518    0000017c   00000000    rw- .data
2002f000    2002f000    00001000   00000000    rw-
  2002f000    2002f000    00001000   00000000    rw- .stack


SECTION ALLOCATION MAP

 output                                  attributes/
section   page    origin      length       input sections
--------  ----  ----------  ----------   ----------------
.intvecs   0    20004000    00000400     
                  20004000    00000400     startup_ccs.obj (.intvecs)

.init_array 
*          0    20004000    00000000     UNINITIALIZED

.text      0    20004400    0000448e     
                  20004400    000010a6     rtsv7M4_T_le_eabi.lib : _printfi.obj (.text)
                  200054a6    00000002     driverlib.a : interrupt.obj (.text:IntDefaultHandler)
                  200054a8    0000076c     main.obj (.text)
                  20005c14    000003dc     rtsv7M4_T_le_eabi.lib : memory.obj (.text)
                  20005ff0    0000039c     gpio_if.obj (.text)
                  2000638c    00000280     uart_if.obj (.text)
                  2000660c    000001f4     rtsv7M4_T_le_eabi.lib : ull_div_t2.obj (.text)
                  20006800    000001cc     udma_if.obj (.text)
                  200069cc    000001b6     rtsv7M4_T_le_eabi.lib : fd_add_t2.obj (.text)
                  20006b82    00000002     --HOLE-- [fill = 0]
                  20006b84    00000178     driverlib.a : prcm.obj (.text:PRCMCC3200MCUInit)
                  20006cfc    00000136     rtsv7M4_T_le_eabi.lib : fd_div_t2.obj (.text)
                  20006e32    00000002     --HOLE-- [fill = 0]
                  20006e34    00000110                           : xdscale.obj (.text)
                  20006f44    000000fc                           : fd_mul_t2.obj (.text)
                  20007040    000000f0     driverlib.a : udma.obj (.text:uDMAChannelTransferSet)
                  20007130    000000c4     rtsv7M4_T_le_eabi.lib : floor.obj (.text)
                  200071f4    000000be                           : xdnorm.obj (.text)
                  200072b2    00000002     --HOLE-- [fill = 0]
                  200072b4    000000a8     driverlib.a : interrupt.obj (.text:IntDisable)
                  2000735c    000000a8                 : interrupt.obj (.text:IntEnable)
                  20007404    0000009c     rtsv7M4_T_le_eabi.lib : memcpy_t2.obj (.text)
                  200074a0    00000094     driverlib.a : prcm.obj (.text:PRCMPeripheralClockGet)
                  20007534    00000088                 : pin.obj (.text:PinConfigSet)
                  200075bc    00000088     rtsv7M4_T_le_eabi.lib : vsnprintf.obj (.text)
                  20007644    00000086                           : fd_cmp_t2.obj (.text:__aeabi_cdcmple)
                  200076ca    00000086                           : fd_cmp_t2.obj (.text:__aeabi_cdrcmple)
                  20007750    00000082     driverlib.a : gpio.obj (.text:GPIOIntTypeSet)
                  200077d2    0000007a     rtsv7M4_T_le_eabi.lib : fs_mul_t2.obj (.text)
                  2000784c    0000007a                           : memset_t2.obj (.text)
                  200078c6    00000076     driverlib.a : uart.obj (.text:UARTConfigSetExpClk)
                  2000793c    00000074     pin_mux_config.obj (.text)
                  200079b0    0000006c     rtsv7M4_T_le_eabi.lib : autoinit.obj (.text)
                  20007a1c    0000006a                           : copy_decompress_rle.obj (.text)
                  20007a86    00000002     --HOLE-- [fill = 0]
                  20007a88    00000068     driverlib.a : adc.obj (.text:ADCIntEnable)
                  20007af0    00000066     rtsv7M4_T_le_eabi.lib : xdunscal.obj (.text)
                  20007b56    00000002     --HOLE-- [fill = 0]
                  20007b58    00000064     driverlib.a : udma.obj (.text:uDMAChannelAttributeDisable)
                  20007bbc    00000064                 : udma.obj (.text:uDMAChannelAttributeEnable)
                  20007c20    0000005c                 : adc.obj (.text:ADCIntStatus)
                  20007c7c    00000058                 : adc.obj (.text:ADCIntClear)
                  20007cd4    00000058                 : prcm.obj (.text:PRCMPeripheralReset)
                  20007d2c    00000056     rtsv7M4_T_le_eabi.lib : ltoa.obj (.text)
                  20007d82    00000002     --HOLE-- [fill = 0]
                  20007d84    00000054     driverlib.a : interrupt.obj (.text:IntPrioritySet)
                  20007dd8    0000004c     rtsv7M4_T_le_eabi.lib : atoi.obj (.text)
                  20007e24    0000004c                           : cpy_tbl.obj (.text)
                  20007e70    0000004c     driverlib.a : udma.obj (.text:uDMAChannelAssign)
                  20007ebc    0000004c                 : udma.obj (.text:uDMAChannelModeGet)
                  20007f08    00000048                 : gpio.obj (.text:GPIOGetIntNumber)
                  20007f50    00000048     rtsv7M4_T_le_eabi.lib : fd_toi_t2.obj (.text)
                  20007f98    00000048                           : fd_tos_t2.obj (.text)
                  20007fe0    00000046                           : ldexp.obj (.text)
                  20008026    00000002     --HOLE-- [fill = 0]
                  20008028    00000044                           : exit.obj (.text)
                  2000806c    00000040     driverlib.a : pin.obj (.text:PinModeSet)
                  200080ac    00000040     rtsv7M4_T_le_eabi.lib : signal.obj (.text)
                  200080ec    0000003e     driverlib.a : adc.obj (.text:ADCIntRegister)
                  2000812a    00000002     --HOLE-- [fill = 0]
                  2000812c    0000003c                 : prcm.obj (.text:PRCMPeripheralClkEnable)
                  20008168    0000003c     rtsv7M4_T_le_eabi.lib : boot.obj (.text)
                  200081a4    0000003c     driverlib.a : udma.obj (.text:uDMAChannelControlSet)
                  200081e0    00000038                 : adc.obj (.text:ADCChannelDisable)
                  20008218    00000038                 : adc.obj (.text:ADCChannelEnable)
                  20008250    00000038                 : adc.obj (.text:ADCDMADisable)
                  20008288    00000038                 : adc.obj (.text:ADCDMAEnable)
                  200082c0    00000038     rtsv7M4_T_le_eabi.lib : fs_tod_t2.obj (.text)
                  200082f8    00000036     driverlib.a : gpio.obj (.text:GPIODirModeSet)
                  2000832e    00000002     --HOLE-- [fill = 0]
                  20008330    00000034     rtsv7M4_T_le_eabi.lib : feraiseexcept.obj (.text)
                  20008364    00000030     driverlib.a : pin.obj (.text:PinTypeGPIO)
                  20008394    00000030                 : uart.obj (.text:UARTDisable)
                  200083c4    00000030     rtsv7M4_T_le_eabi.lib : xferaise.obj (.text)
                  200083f4    0000002e                           : i_tofd_t2.obj (.text)
                  20008422    0000002e                           : raise.obj (.text)
                  20008450    0000002c     driverlib.a : prcm.obj (.text:PRCMSysResetCauseGet)
                  2000847c    0000002a     rtsv7M4_T_le_eabi.lib : xdclass.obj (.text)
                  200084a6    00000002     --HOLE-- [fill = 0]
                  200084a8    00000028     driverlib.a : prcm.obj (.text:PRCMPeripheralClkDisable)
                  200084d0    00000024                 : interrupt.obj (.text:IntUnregister)
                  200084f4    00000024                 : uart.obj (.text:UARTEnable)
                  20008518    00000024     rtsv7M4_T_le_eabi.lib : memmov.obj (.text)
                  2000853c    00000024                           : u_tofs_t2.obj (.text)
                  20008560    00000022                           : frexp.obj (.text)
                  20008582    00000020     driverlib.a : gpio.obj (.text:GPIOPinWrite)
                  200085a2    00000002     --HOLE-- [fill = 0]
                  200085a4    00000020                 : interrupt.obj (.text:IntRegister)
                  200085c4    0000001e                 : gpio.obj (.text:GPIOIntRegister)
                  200085e2    0000001e                 : uart.obj (.text:UARTCharPut)
                  20008600    0000001c                 : uart.obj (.text:UARTCharGetNonBlocking)
                  2000861c    0000001c     rtsv7M4_T_le_eabi.lib : memccpy.obj (.text)
                  20008638    0000001c     driverlib.a : udma.obj (.text:uDMAChannelDisable)
                  20008654    0000001c                 : udma.obj (.text:uDMAChannelEnable)
                  20008670    0000001c                 : udma.obj (.text:uDMAChannelRequest)
                  2000868c    0000001a                 : gpio.obj (.text:GPIOIntEnable)
                  200086a6    0000001a                 : pin.obj (.text:PinTypeUART)
                  200086c0    00000018                 : gpio.obj (.text:GPIOPinRead)
                  200086d8    00000018                 : uart.obj (.text:UARTCharsAvail)
                  200086f0    00000018     rtsv7M4_T_le_eabi.lib : args_main.obj (.text)
                  20008708    00000016     driverlib.a : prcm.obj (.text:PRCMHIBRegRead)
                  2000871e    00000016                 : prcm.obj (.text:PRCMHIBRegWrite)
                  20008734    00000016     rtsv7M4_T_le_eabi.lib : strchr.obj (.text)
                  2000874a    00000016     driverlib.a : udma.obj (.text:uDMAIntRegister)
                  20008760    00000014                 : adc.obj (.text:ADCEnable)
                  20008774    00000014                 : cpu.obj (.text:CPUcpsie)
                  20008788    00000014                 : gpio.obj (.text:GPIOIntClear)
                  2000879c    00000014                 : interrupt.obj (.text:IntVTableBaseSet)
                  200087b0    00000014                 : pin.obj (.text:PinTypeADC)
                  200087c4    00000014     rtsv7M4_T_le_eabi.lib : _lock.obj (.text)
                  200087d8    00000014                           : strlen.obj (.text)
                  200087ec    00000014     driverlib.a : udma.obj (.text:uDMAControlBaseSet)
                  20008800    00000014                 : udma.obj (.text:uDMAIntClear)
                  20008814    00000012                 : udma.obj (.text:uDMAIntUnregister)
                  20008826    0000000e     rtsv7M4_T_le_eabi.lib : copy_decompress_none.obj (.text:decompress:none)
                  20008834    0000000e     startup_ccs.obj (.text)
                  20008842    0000000c     rtsv7M4_T_le_eabi.lib : copy_zero_init.obj (.text:decompress:ZI)
                  2000884e    00000002     --HOLE-- [fill = 0]
                  20008850    0000000c     driverlib.a : udma.obj (.text:uDMADisable)
                  2000885c    0000000c                 : udma.obj (.text:uDMAEnable)
                  20008868    0000000c                 : udma.obj (.text:uDMAIntStatus)
                  20008874    0000000a                 : interrupt.obj (.text:IntMasterEnable)
                  2000887e    00000006                 : utils.obj (.text:UtilsDelay)
                  20008884    00000006     rtsv7M4_T_le_eabi.lib : copy_decompress_rle.obj (.text:decompress:rle24)
                  2000888a    00000004                           : pre_init.obj (.text)

.const     0    20008890    00000400     
                  20008890    00000101     rtsv7M4_T_le_eabi.lib : ctype.obj (.const:.string:_ctypes_)
                  20008991    00000003     --HOLE-- [fill = 0]
                  20008994    00000100     driverlib.a : pin.obj (.const:g_ulPinToPadMap)
                  20008a94    000000d4                 : interrupt.obj (.const:g_pulRegs)
                  20008b68    000000a8                 : prcm.obj (.const:PRCM_PeriphRegsList)
                  20008c10    00000080                 : interrupt.obj (.const)

.cinit     0    20008c90    00000088     
                  20008c90    00000064     (.cinit..data.load) [load image, compression = rle]
                  20008cf4    0000000c     (__TI_handler_table)
                  20008d00    00000008     (.cinit..bss.load) [load image, compression = zero_init]
                  20008d08    00000010     (__TI_cinit_table)

.sysmem    0    20017000    00008000     UNINITIALIZED
                  20017000    00000008     rtsv7M4_T_le_eabi.lib : memory.obj (.sysmem)
                  20017008    00007ff8     --HOLE--

.bss       0    2001f000    00002512     UNINITIALIZED
                  2001f000    00001000     main.obj (.bss:g_ulPing)
                  20020000    00001000     main.obj (.bss:g_ulPong)
                  20021000    00000400     udma_if.obj (.bss:gpCtlTbl)
                  20021400    00000100     udma_if.obj (.bss:gfpAppCallbackHndl)
                  20021500    00000004     (.common:__Errorlog)
                  20021504    00000004     (.common:g_ulPingCount)
                  20021508    00000004     (.common:g_ulPongCount)
                  2002150c    00000001     (.common:g_ucLED1Pin)
                  2002150d    00000001     (.common:g_ucLED2Pin)
                  2002150e    00000001     (.common:g_ucLED3Pin)
                  2002150f    00000001     (.common:g_ucPingflag)
                  20021510    00000001     (.common:g_ucPongflag)
                  20021511    00000001     (.common:iDone)

.TI.noinit 
*          0    2001f000    00000000     UNINITIALIZED

.data      0    20021518    0000017c     UNINITIALIZED
                  20021518    000000b0     rtsv7M4_T_le_eabi.lib : signal.obj (.data:sigtable)
                  200215c8    00000080                           : xvalues.obj (.data)
                  20021648    00000020     gpio_if.obj (.data)
                  20021668    0000000c     rtsv7M4_T_le_eabi.lib : memory.obj (.data)
                  20021674    00000008                           : _lock.obj (.data)
                  2002167c    00000008                           : exit.obj (.data)
                  20021684    00000008                           : feraiseexcept.obj (.data)
                  2002168c    00000004                           : errno.obj (.data)
                  20021690    00000004                           : stkdepth_vars.obj (.data)

.TI.persistent 
*          0    20021518    00000000     UNINITIALIZED

.stack     0    2002f000    00001000     UNINITIALIZED
                  2002f000    00001000     --HOLE--


LINKER GENERATED COPY TABLES

__TI_cinit_table @ 20008d08 records: 2, size/record: 8, table size: 16
	.data: load addr=20008c90, load size=00000064 bytes, run addr=20021518, run size=0000017c bytes, compression=rle
	.bss: load addr=20008d00, load size=00000008 bytes, run addr=2001f000, run size=00002512 bytes, compression=zero_init


LINKER GENERATED HANDLER TABLE

__TI_handler_table @ 20008cf4 records: 3, size/record: 4, table size: 12
	index: 0, handler: __TI_decompress_rle24
	index: 1, handler: __TI_decompress_none
	index: 2, handler: __TI_zero_init


GLOBAL SYMBOLS: SORTED ALPHABETICALLY BY Name 

address   name                       
-------   ----                       
200081e1  ADCChannelDisable          
20008219  ADCChannelEnable           
20008251  ADCDMADisable              
20008289  ADCDMAEnable               
20008761  ADCEnable                  
20007c7d  ADCIntClear                
20007a89  ADCIntEnable               
200054a9  ADCIntHandler              
200080ed  ADCIntRegister             
20007c21  ADCIntStatus               
20008029  C$$EXIT                    
20008775  CPUcpsie                   
200063cd  ClearTerm                  
20005615  DisplayBanner              
20006817  DmaErrorIntHandler         
20006801  DmaSwIntHandler            
200063d7  Error                      
200082f9  GPIODirModeSet             
20008789  GPIOIntClear               
2000868d  GPIOIntEnable              
200085c5  GPIOIntRegister            
20007751  GPIOIntTypeSet             
200086c1  GPIOPinRead                
20008583  GPIOPinWrite               
200062b1  GPIO_IF_ConfigureNIntEnable
2000633d  GPIO_IF_Get                
2000626b  GPIO_IF_GetPortNPin        
2000602d  GPIO_IF_LedConfigure       
2000611f  GPIO_IF_LedOff             
2000606b  GPIO_IF_LedOn              
200061d3  GPIO_IF_LedStatus          
2000623d  GPIO_IF_LedToggle          
200062f9  GPIO_IF_Set                
2000640f  GetCmd                     
20005553  InitAdcDma                 
2000638d  InitTerm                   
200072b5  IntDisable                 
2000735d  IntEnable                  
20008875  IntMasterEnable            
20007d85  IntPrioritySet             
200085a5  IntRegister                
200084d1  IntUnregister              
2000879d  IntVTableBaseSet           
200063ab  Message                    
20006b85  PRCMCC3200MCUInit          
20008709  PRCMHIBRegRead             
2000871f  PRCMHIBRegWrite            
200084a9  PRCMPeripheralClkDisable   
2000812d  PRCMPeripheralClkEnable    
200074a1  PRCMPeripheralClockGet     
20007cd5  PRCMPeripheralReset        
20008451  PRCMSysResetCauseGet       
20007535  PinConfigSet               
2000806d  PinModeSet                 
2000793d  PinMuxConfig               
200087b1  PinTypeADC                 
20008365  PinTypeGPIO                
200086a7  PinTypeUART                
2000654d  Report                     
20008835  ResetISR                   
UNDEFED   SHT$$INIT_ARRAY$$Base      
UNDEFED   SHT$$INIT_ARRAY$$Limit     
200064b5  TrimSpace                  
20008601  UARTCharGetNonBlocking     
200085e3  UARTCharPut                
200086d9  UARTCharsAvail             
200078c7  UARTConfigSetExpClk        
20008395  UARTDisable                
200084f5  UARTEnable                 
2000688b  UDMAChannelSelect          
2000695f  UDMADeInit                 
20006823  UDMAInit                   
200068b9  UDMASetupAutoMemTransfer   
200068ed  UDMASetupPingPongTransfer  
20006973  UDMASetupTransfer          
20006947  UDMAStartTransfer          
20006953  UDMAStopTransfer           
2000887f  UtilsDelay                 
2000847d  _Dclass                    
200215c8  _Denorm                    
200071f5  _Dnorm                     
20006e35  _Dscale                    
20007af1  _Dunscale                  
200215d8  _Eps                       
2002168c  _Errno                     
20021684  _Fenv                      
200083c5  _Feraise                   
200215e8  _Hugeval                   
200215f8  _Inf                       
20021608  _Nan                       
20021628  _Rteps                     
20021618  _Snan                      
20021688  _Tls_setup__Fenv           
20021638  _Xbig                      
20021640  _Zero                      
20030000  __STACK_END                
00001000  __STACK_SIZE               
00008000  __SYSMEM_SIZE              
20008d08  __TI_CINIT_Base            
20008d18  __TI_CINIT_Limit           
20008cf4  __TI_Handler_Table_Base    
20008d00  __TI_Handler_Table_Limit   
200079b1  __TI_auto_init             
2002167c  __TI_cleanup_ptr           
20008827  __TI_decompress_none       
20008885  __TI_decompress_rle24      
20021680  __TI_dtors_ptr             
200051a1  __TI_printfi               
20008c90  __TI_static_base__         
20008843  __TI_zero_init             
20007645  __aeabi_cdcmpeq            
20007645  __aeabi_cdcmple            
200076cb  __aeabi_cdrcmple           
20007f99  __aeabi_d2f                
20007f51  __aeabi_d2iz               
200069d7  __aeabi_dadd               
20006cfd  __aeabi_ddiv               
20006f45  __aeabi_dmul               
200069cd  __aeabi_dsub               
200082c1  __aeabi_f2d                
200077d3  __aeabi_fmul               
200083f5  __aeabi_i2d                
2000784d  __aeabi_memclr             
2000784d  __aeabi_memclr4            
2000784d  __aeabi_memclr8            
20007405  __aeabi_memcpy             
20007405  __aeabi_memcpy4            
20007405  __aeabi_memcpy8            
2000784f  __aeabi_memset             
2000784f  __aeabi_memset4            
2000784f  __aeabi_memset8            
2000853d  __aeabi_ui2f               
2000660d  __aeabi_uldivmod           
ffffffff  __binit__                  
ffffffff  __c_args__                 
2002f000  __stack                    
200086f1  _args_main                 
20008169  _c_int00                   
20008890  _ctypes_                   
20021674  _lock                      
200087d3  _nop                       
200087cb  _register_lock             
200087c5  _register_unlock           
20017000  _sys_memory                
2000888b  _system_pre_init           
20021678  _unlock                    
2000802d  abort                      
20007dd9  atoi                       
ffffffff  binit                      
20005fbd  calloc                     
20007e25  copy_in                    
20008035  exit                       
20008331  feraiseexcept              
20007131  floor                      
20005d0b  free                       
20008561  frexp                      
20004000  g_pfnVectors               
2002150c  g_ucLED1Pin                
2002150d  g_ucLED2Pin                
2002150e  g_ucLED3Pin                
2002150f  g_ucPingflag               
20021510  g_ucPongflag               
2002165c  g_uiLED1Port               
20021660  g_uiLED2Port               
20021664  g_uiLED3Port               
2001f000  g_ulPing                   
20021504  g_ulPingCount              
20020000  g_ulPong                   
20021508  g_ulPongCount              
20021400  gfpAppCallbackHndl         
20021000  gpCtlTbl                   
20021511  iDone                      
20007fe1  ldexp                      
20007d2d  ltoa                       
20005721  main                       
20021690  main_func_sp               
20005ca3  malloc                     
20005ed9  memalign                   
2000861d  memccpy                    
20007405  memcpy                     
20008519  memmove                    
20007855  memset                     
20005c15  minit                      
20008423  raise                      
20005dcd  realloc                    
20005639  roundToHundredths          
200080ad  signal                     
20008735  strchr                     
200087d9  strlen                     
20007e71  uDMAChannelAssign          
20007b59  uDMAChannelAttributeDisable
20007bbd  uDMAChannelAttributeEnable 
200081a5  uDMAChannelControlSet      
20008639  uDMAChannelDisable         
20008655  uDMAChannelEnable          
20007ebd  uDMAChannelModeGet         
20008671  uDMAChannelRequest         
20007041  uDMAChannelTransferSet     
200087ed  uDMAControlBaseSet         
20008851  uDMADisable                
2000885d  uDMAEnable                 
20008801  uDMAIntClear               
2000874b  uDMAIntRegister            
20008869  uDMAIntStatus              
20008815  uDMAIntUnregister          
200075bd  vsnprintf                  


GLOBAL SYMBOLS: SORTED BY Symbol Address 

address   name                       
-------   ----                       
00001000  __STACK_SIZE               
00008000  __SYSMEM_SIZE              
20004000  g_pfnVectors               
200051a1  __TI_printfi               
200054a9  ADCIntHandler              
20005553  InitAdcDma                 
20005615  DisplayBanner              
20005639  roundToHundredths          
20005721  main                       
20005c15  minit                      
20005ca3  malloc                     
20005d0b  free                       
20005dcd  realloc                    
20005ed9  memalign                   
20005fbd  calloc                     
2000602d  GPIO_IF_LedConfigure       
2000606b  GPIO_IF_LedOn              
2000611f  GPIO_IF_LedOff             
200061d3  GPIO_IF_LedStatus          
2000623d  GPIO_IF_LedToggle          
2000626b  GPIO_IF_GetPortNPin        
200062b1  GPIO_IF_ConfigureNIntEnable
200062f9  GPIO_IF_Set                
2000633d  GPIO_IF_Get                
2000638d  InitTerm                   
200063ab  Message                    
200063cd  ClearTerm                  
200063d7  Error                      
2000640f  GetCmd                     
200064b5  TrimSpace                  
2000654d  Report                     
2000660d  __aeabi_uldivmod           
20006801  DmaSwIntHandler            
20006817  DmaErrorIntHandler         
20006823  UDMAInit                   
2000688b  UDMAChannelSelect          
200068b9  UDMASetupAutoMemTransfer   
200068ed  UDMASetupPingPongTransfer  
20006947  UDMAStartTransfer          
20006953  UDMAStopTransfer           
2000695f  UDMADeInit                 
20006973  UDMASetupTransfer          
200069cd  __aeabi_dsub               
200069d7  __aeabi_dadd               
20006b85  PRCMCC3200MCUInit          
20006cfd  __aeabi_ddiv               
20006e35  _Dscale                    
20006f45  __aeabi_dmul               
20007041  uDMAChannelTransferSet     
20007131  floor                      
200071f5  _Dnorm                     
200072b5  IntDisable                 
2000735d  IntEnable                  
20007405  __aeabi_memcpy             
20007405  __aeabi_memcpy4            
20007405  __aeabi_memcpy8            
20007405  memcpy                     
200074a1  PRCMPeripheralClockGet     
20007535  PinConfigSet               
200075bd  vsnprintf                  
20007645  __aeabi_cdcmpeq            
20007645  __aeabi_cdcmple            
200076cb  __aeabi_cdrcmple           
20007751  GPIOIntTypeSet             
200077d3  __aeabi_fmul               
2000784d  __aeabi_memclr             
2000784d  __aeabi_memclr4            
2000784d  __aeabi_memclr8            
2000784f  __aeabi_memset             
2000784f  __aeabi_memset4            
2000784f  __aeabi_memset8            
20007855  memset                     
200078c7  UARTConfigSetExpClk        
2000793d  PinMuxConfig               
200079b1  __TI_auto_init             
20007a89  ADCIntEnable               
20007af1  _Dunscale                  
20007b59  uDMAChannelAttributeDisable
20007bbd  uDMAChannelAttributeEnable 
20007c21  ADCIntStatus               
20007c7d  ADCIntClear                
20007cd5  PRCMPeripheralReset        
20007d2d  ltoa                       
20007d85  IntPrioritySet             
20007dd9  atoi                       
20007e25  copy_in                    
20007e71  uDMAChannelAssign          
20007ebd  uDMAChannelModeGet         
20007f51  __aeabi_d2iz               
20007f99  __aeabi_d2f                
20007fe1  ldexp                      
20008029  C$$EXIT                    
2000802d  abort                      
20008035  exit                       
2000806d  PinModeSet                 
200080ad  signal                     
200080ed  ADCIntRegister             
2000812d  PRCMPeripheralClkEnable    
20008169  _c_int00                   
200081a5  uDMAChannelControlSet      
200081e1  ADCChannelDisable          
20008219  ADCChannelEnable           
20008251  ADCDMADisable              
20008289  ADCDMAEnable               
200082c1  __aeabi_f2d                
200082f9  GPIODirModeSet             
20008331  feraiseexcept              
20008365  PinTypeGPIO                
20008395  UARTDisable                
200083c5  _Feraise                   
200083f5  __aeabi_i2d                
20008423  raise                      
20008451  PRCMSysResetCauseGet       
2000847d  _Dclass                    
200084a9  PRCMPeripheralClkDisable   
200084d1  IntUnregister              
200084f5  UARTEnable                 
20008519  memmove                    
2000853d  __aeabi_ui2f               
20008561  frexp                      
20008583  GPIOPinWrite               
200085a5  IntRegister                
200085c5  GPIOIntRegister            
200085e3  UARTCharPut                
20008601  UARTCharGetNonBlocking     
2000861d  memccpy                    
20008639  uDMAChannelDisable         
20008655  uDMAChannelEnable          
20008671  uDMAChannelRequest         
2000868d  GPIOIntEnable              
200086a7  PinTypeUART                
200086c1  GPIOPinRead                
200086d9  UARTCharsAvail             
200086f1  _args_main                 
20008709  PRCMHIBRegRead             
2000871f  PRCMHIBRegWrite            
20008735  strchr                     
2000874b  uDMAIntRegister            
20008761  ADCEnable                  
20008775  CPUcpsie                   
20008789  GPIOIntClear               
2000879d  IntVTableBaseSet           
200087b1  PinTypeADC                 
200087c5  _register_unlock           
200087cb  _register_lock             
200087d3  _nop                       
200087d9  strlen                     
200087ed  uDMAControlBaseSet         
20008801  uDMAIntClear               
20008815  uDMAIntUnregister          
20008827  __TI_decompress_none       
20008835  ResetISR                   
20008843  __TI_zero_init             
20008851  uDMADisable                
2000885d  uDMAEnable                 
20008869  uDMAIntStatus              
20008875  IntMasterEnable            
2000887f  UtilsDelay                 
20008885  __TI_decompress_rle24      
2000888b  _system_pre_init           
20008890  _ctypes_                   
20008c90  __TI_static_base__         
20008cf4  __TI_Handler_Table_Base    
20008d00  __TI_Handler_Table_Limit   
20008d08  __TI_CINIT_Base            
20008d18  __TI_CINIT_Limit           
20017000  _sys_memory                
2001f000  g_ulPing                   
20020000  g_ulPong                   
20021000  gpCtlTbl                   
20021400  gfpAppCallbackHndl         
20021504  g_ulPingCount              
20021508  g_ulPongCount              
2002150c  g_ucLED1Pin                
2002150d  g_ucLED2Pin                
2002150e  g_ucLED3Pin                
2002150f  g_ucPingflag               
20021510  g_ucPongflag               
20021511  iDone                      
200215c8  _Denorm                    
200215d8  _Eps                       
200215e8  _Hugeval                   
200215f8  _Inf                       
20021608  _Nan                       
20021618  _Snan                      
20021628  _Rteps                     
20021638  _Xbig                      
20021640  _Zero                      
2002165c  g_uiLED1Port               
20021660  g_uiLED2Port               
20021664  g_uiLED3Port               
20021674  _lock                      
20021678  _unlock                    
2002167c  __TI_cleanup_ptr           
20021680  __TI_dtors_ptr             
20021684  _Fenv                      
20021688  _Tls_setup__Fenv           
2002168c  _Errno                     
20021690  main_func_sp               
2002f000  __stack                    
20030000  __STACK_END                
ffffffff  __binit__                  
ffffffff  __c_args__                 
ffffffff  binit                      
UNDEFED   SHT$$INIT_ARRAY$$Base      
UNDEFED   SHT$$INIT_ARRAY$$Limit     

[206 symbols]
