******************************************************************************
                  TI ARM Linker PC v5.2.6                      
******************************************************************************
>> Linked Mon Apr 25 17:47:34 2016

OUTPUT FILE NAME:   <udma.out>
ENTRY POINT SYMBOL: "_c_int00"  address: 20007c45


MEMORY CONFIGURATION

         name            origin    length      used     unused   attr    fill
----------------------  --------  ---------  --------  --------  ----  --------
  SRAM_CODE             20004000   00013000  0000471a  0000e8e6  RW X
  SRAM_DATA             20017000   00019000  0000bb39  0000d4c7  RW X


SEGMENT ALLOCATION MAP

run origin  load origin   length   init length attrs members
----------  ----------- ---------- ----------- ----- -------
20004000    20004000    00004720   00004720    r-x
  20004000    20004000    00000400   00000400    r-- .intvecs
  20004400    20004400    00003e72   00003e72    r-x .text
  20008274    20008274    00000430   00000430    r-- .const
  200086a8    200086a8    00000078   00000078    r-- .cinit
20017000    20017000    0000ab40   00000000    rw-
  20017000    20017000    00008000   00000000    rw- .sysmem
  2001f000    2001f000    000029b9   00000000    rw- .bss
  200219c0    200219c0    00000180   00000000    rw- .data
2002f000    2002f000    00001000   00000000    rw-
  2002f000    2002f000    00001000   00000000    rw- .stack


SECTION ALLOCATION MAP

 output                                  attributes/
section   page    origin      length       input sections
--------  ----  ----------  ----------   ----------------
.intvecs   0    20004000    00000400     
                  20004000    00000400     startup_ccs.obj (.intvecs)

.init_array 
*          0    20004000    00000000     UNINITIALIZED

.text      0    20004400    00003e72     
                  20004400    000010a6     rtsv7M4_T_le_eabi.lib : _printfi.obj (.text)
                  200054a6    00000002     driverlib.a : interrupt.obj (.text:IntDefaultHandler)
                  200054a8    00000948     main.obj (.text)
                  20005df0    000003dc     rtsv7M4_T_le_eabi.lib : memory.obj (.text)
                  200061cc    00000280     uart_if.obj (.text)
                  2000644c    000001f4     rtsv7M4_T_le_eabi.lib : ull_div_t2.obj (.text)
                  20006640    000001cc     udma_if.obj (.text)
                  2000680c    000001b6     rtsv7M4_T_le_eabi.lib : fd_add_t2.obj (.text)
                  200069c2    00000002     --HOLE-- [fill = 0]
                  200069c4    00000178     driverlib.a : prcm.obj (.text:PRCMCC3200MCUInit)
                  20006b3c    00000136     rtsv7M4_T_le_eabi.lib : fd_div_t2.obj (.text)
                  20006c72    00000002     --HOLE-- [fill = 0]
                  20006c74    00000110                           : xdscale.obj (.text)
                  20006d84    000000fc                           : fd_mul_t2.obj (.text)
                  20006e80    000000f0     driverlib.a : udma.obj (.text:uDMAChannelTransferSet)
                  20006f70    000000be     rtsv7M4_T_le_eabi.lib : xdnorm.obj (.text)
                  2000702e    00000002     --HOLE-- [fill = 0]
                  20007030    000000a8     driverlib.a : interrupt.obj (.text:IntDisable)
                  200070d8    000000a8                 : interrupt.obj (.text:IntEnable)
                  20007180    0000009c     rtsv7M4_T_le_eabi.lib : memcpy_t2.obj (.text)
                  2000721c    00000094     driverlib.a : prcm.obj (.text:PRCMPeripheralClockGet)
                  200072b0    00000088                 : pin.obj (.text:PinConfigSet)
                  20007338    00000088     rtsv7M4_T_le_eabi.lib : vsnprintf.obj (.text)
                  200073c0    00000086                           : fd_cmp_t2.obj (.text:__aeabi_cdcmple)
                  20007446    00000086                           : fd_cmp_t2.obj (.text:__aeabi_cdrcmple)
                  200074cc    0000007a                           : memset_t2.obj (.text)
                  20007546    00000002     --HOLE-- [fill = 0]
                  20007548    00000078     driverlib.a : udma.obj (.text:uDMAChannelScatterGatherSet)
                  200075c0    00000076                 : uart.obj (.text:UARTConfigSetExpClk)
                  20007636    00000002     --HOLE-- [fill = 0]
                  20007638    0000006c     rtsv7M4_T_le_eabi.lib : autoinit.obj (.text)
                  200076a4    0000006a                           : copy_decompress_rle.obj (.text)
                  2000770e    00000066                           : xdunscal.obj (.text)
                  20007774    00000064     driverlib.a : udma.obj (.text:uDMAChannelAttributeDisable)
                  200077d8    00000064                 : udma.obj (.text:uDMAChannelAttributeEnable)
                  2000783c    00000058                 : prcm.obj (.text:PRCMPeripheralReset)
                  20007894    00000056     rtsv7M4_T_le_eabi.lib : ltoa.obj (.text)
                  200078ea    00000002     --HOLE-- [fill = 0]
                  200078ec    00000054     driverlib.a : interrupt.obj (.text:IntPrioritySet)
                  20007940    0000004c     rtsv7M4_T_le_eabi.lib : atoi.obj (.text)
                  2000798c    0000004c                           : cpy_tbl.obj (.text)
                  200079d8    0000004c     driverlib.a : udma.obj (.text:uDMAChannelAssign)
                  20007a24    0000004c                 : udma.obj (.text:uDMAChannelModeGet)
                  20007a70    00000048     rtsv7M4_T_le_eabi.lib : fd_toi_t2.obj (.text)
                  20007ab8    00000046                           : ldexp.obj (.text)
                  20007afe    00000002     --HOLE-- [fill = 0]
                  20007b00    00000044     driverlib.a : uart.obj (.text:UARTIntNumberGet)
                  20007b44    00000044     rtsv7M4_T_le_eabi.lib : exit.obj (.text)
                  20007b88    00000040     driverlib.a : pin.obj (.text:PinModeSet)
                  20007bc8    00000040     rtsv7M4_T_le_eabi.lib : signal.obj (.text)
                  20007c08    0000003c     driverlib.a : prcm.obj (.text:PRCMPeripheralClkEnable)
                  20007c44    0000003c     rtsv7M4_T_le_eabi.lib : boot.obj (.text)
                  20007c80    0000003c     driverlib.a : udma.obj (.text:uDMAChannelControlSet)
                  20007cbc    00000034     rtsv7M4_T_le_eabi.lib : feraiseexcept.obj (.text)
                  20007cf0    00000030     driverlib.a : uart.obj (.text:UARTDisable)
                  20007d20    00000030     rtsv7M4_T_le_eabi.lib : xferaise.obj (.text)
                  20007d50    0000002e                           : i_tofd_t2.obj (.text)
                  20007d7e    0000002e                           : raise.obj (.text)
                  20007dac    0000002c     driverlib.a : prcm.obj (.text:PRCMSysResetCauseGet)
                  20007dd8    0000002a     rtsv7M4_T_le_eabi.lib : xdclass.obj (.text)
                  20007e02    00000002     --HOLE-- [fill = 0]
                  20007e04    00000028     driverlib.a : prcm.obj (.text:PRCMPeripheralClkDisable)
                  20007e2c    00000028                 : udma.obj (.text:uDMAChannelIsEnabled)
                  20007e54    00000024                 : interrupt.obj (.text:IntUnregister)
                  20007e78    00000024                 : uart.obj (.text:UARTEnable)
                  20007e9c    00000024     rtsv7M4_T_le_eabi.lib : memmov.obj (.text)
                  20007ec0    00000022                           : frexp.obj (.text)
                  20007ee2    00000022                           : memcmp.obj (.text)
                  20007f04    00000020     driverlib.a : interrupt.obj (.text:IntRegister)
                  20007f24    0000001e                 : uart.obj (.text:UARTCharPut)
                  20007f42    0000001e                 : uart.obj (.text:UARTIntRegister)
                  20007f60    0000001e                 : uart.obj (.text:UARTIntStatus)
                  20007f7e    00000002     --HOLE-- [fill = 0]
                  20007f80    0000001c                 : systick.obj (.text:SysTickIntRegister)
                  20007f9c    0000001c                 : uart.obj (.text:UARTCharGetNonBlocking)
                  20007fb8    0000001c     pinmux.obj (.text)
                  20007fd4    0000001c     rtsv7M4_T_le_eabi.lib : memccpy.obj (.text)
                  20007ff0    0000001c     driverlib.a : udma.obj (.text:uDMAChannelDisable)
                  2000800c    0000001c                 : udma.obj (.text:uDMAChannelEnable)
                  20008028    0000001c                 : udma.obj (.text:uDMAChannelRequest)
                  20008044    0000001a                 : pin.obj (.text:PinTypeUART)
                  2000805e    0000001a                 : uart.obj (.text:UARTIntUnregister)
                  20008078    00000018                 : systick.obj (.text:SysTickPeriodSet)
                  20008090    00000018                 : uart.obj (.text:UARTCharsAvail)
                  200080a8    00000018                 : uart.obj (.text:UARTDMAEnable)
                  200080c0    00000018                 : uart.obj (.text:UARTFIFOLevelSet)
                  200080d8    00000018                 : uart.obj (.text:UARTIntEnable)
                  200080f0    00000018     rtsv7M4_T_le_eabi.lib : args_main.obj (.text)
                  20008108    00000016     driverlib.a : prcm.obj (.text:PRCMHIBRegRead)
                  2000811e    00000016                 : prcm.obj (.text:PRCMHIBRegWrite)
                  20008134    00000016     rtsv7M4_T_le_eabi.lib : strchr.obj (.text)
                  2000814a    00000016     driverlib.a : udma.obj (.text:uDMAIntRegister)
                  20008160    00000014                 : cpu.obj (.text:CPUcpsie)
                  20008174    00000014                 : interrupt.obj (.text:IntVTableBaseSet)
                  20008188    00000014     rtsv7M4_T_le_eabi.lib : _lock.obj (.text)
                  2000819c    00000014                           : strlen.obj (.text)
                  200081b0    00000014     driverlib.a : udma.obj (.text:uDMAControlBaseSet)
                  200081c4    00000014                 : udma.obj (.text:uDMAIntClear)
                  200081d8    00000012                 : uart.obj (.text:UARTIntClear)
                  200081ea    00000012                 : udma.obj (.text:uDMAIntUnregister)
                  200081fc    00000010                 : systick.obj (.text:SysTickEnable)
                  2000820c    0000000e     rtsv7M4_T_le_eabi.lib : copy_decompress_none.obj (.text:decompress:none)
                  2000821a    0000000e     startup_ccs.obj (.text)
                  20008228    0000000c     rtsv7M4_T_le_eabi.lib : copy_zero_init.obj (.text:decompress:ZI)
                  20008234    0000000c     driverlib.a : udma.obj (.text:uDMADisable)
                  20008240    0000000c                 : udma.obj (.text:uDMAEnable)
                  2000824c    0000000c                 : udma.obj (.text:uDMAIntStatus)
                  20008258    0000000a                 : interrupt.obj (.text:IntMasterEnable)
                  20008262    00000006                 : utils.obj (.text:UtilsDelay)
                  20008268    00000006     rtsv7M4_T_le_eabi.lib : copy_decompress_rle.obj (.text:decompress:rle24)
                  2000826e    00000004                           : pre_init.obj (.text)

.const     0    20008274    00000430     
                  20008274    00000101     rtsv7M4_T_le_eabi.lib : ctype.obj (.const:.string:_ctypes_)
                  20008375    00000003     --HOLE-- [fill = 0]
                  20008378    00000100     driverlib.a : pin.obj (.const:g_ulPinToPadMap)
                  20008478    000000d4                 : interrupt.obj (.const:g_pulRegs)
                  2000854c    000000a8                 : prcm.obj (.const:PRCM_PeriphRegsList)
                  200085f4    00000080                 : interrupt.obj (.const)
                  20008674    00000020     main.obj (.const)
                  20008694    00000010     driverlib.a : uart.obj (.const)

.cinit     0    200086a8    00000078     
                  200086a8    0000004e     (.cinit..data.load) [load image, compression = rle]
                  200086f6    00000002     --HOLE-- [fill = 0]
                  200086f8    0000000c     (__TI_handler_table)
                  20008704    00000004     --HOLE-- [fill = 0]
                  20008708    00000008     (.cinit..bss.load) [load image, compression = zero_init]
                  20008710    00000010     (__TI_cinit_table)

.sysmem    0    20017000    00008000     UNINITIALIZED
                  20017000    00000008     rtsv7M4_T_le_eabi.lib : memory.obj (.sysmem)
                  20017008    00007ff8     --HOLE--

.bss       0    2001f000    000029b9     UNINITIALIZED
                  2001f000    00001000     main.obj (.bss:g_ulDstBuf)
                  20020000    00001000     main.obj (.bss:g_ulSrcBuf)
                  20021000    00000400     udma_if.obj (.bss:gpCtlTbl)
                  20021400    00000190     main.obj (.bss:ulBytesTransferred)
                  20021590    00000100     main.obj (.bss:g_ucRxBufA)
                  20021690    00000100     main.obj (.bss:g_ucRxBufB)
                  20021790    00000100     main.obj (.bss:g_ucTxBuf)
                  20021890    00000100     udma_if.obj (.bss:gfpAppCallbackHndl)
                  20021990    00000020     (.common:TaskList)
                  200219b0    00000004     (.common:__Errorlog)
                  200219b4    00000004     (.common:ulPrevSeconds$4)
                  200219b8    00000001     (.common:iDone)

.TI.noinit 
*          0    2001f000    00000000     UNINITIALIZED

.data      0    200219c0    00000180     UNINITIALIZED
                  200219c0    000000b0     rtsv7M4_T_le_eabi.lib : signal.obj (.data:sigtable)
                  20021a70    00000080                           : xvalues.obj (.data)
                  20021af0    00000024     main.obj (.data)
                  20021b14    0000000c     rtsv7M4_T_le_eabi.lib : memory.obj (.data)
                  20021b20    00000008                           : _lock.obj (.data)
                  20021b28    00000008                           : exit.obj (.data)
                  20021b30    00000008                           : feraiseexcept.obj (.data)
                  20021b38    00000004                           : errno.obj (.data)
                  20021b3c    00000004                           : stkdepth_vars.obj (.data)

.TI.persistent 
*          0    200219c0    00000000     UNINITIALIZED

.stack     0    2002f000    00001000     UNINITIALIZED
                  2002f000    00001000     --HOLE--


LINKER GENERATED COPY TABLES

__TI_cinit_table @ 20008710 records: 2, size/record: 8, table size: 16
	.data: load addr=200086a8, load size=0000004e bytes, run addr=200219c0, run size=00000180 bytes, compression=rle
	.bss: load addr=20008708, load size=00000008 bytes, run addr=2001f000, run size=000029b9 bytes, compression=zero_init


LINKER GENERATED HANDLER TABLE

__TI_handler_table @ 200086f8 records: 3, size/record: 4, table size: 12
	index: 0, handler: __TI_decompress_rle24
	index: 1, handler: __TI_decompress_none
	index: 2, handler: __TI_zero_init


GLOBAL SYMBOLS: SORTED ALPHABETICALLY BY Name 

address   name                       
-------   ----                       
20007b45  C$$EXIT                    
20008161  CPUcpsie                   
2000620d  ClearTerm                  
20005791  DisplayBanner              
20006657  DmaErrorIntHandler         
20006641  DmaSwIntHandler            
20021b04  Done                       
20006217  Error                      
2000624f  GetCmd                     
200059a1  InitSGTransfer             
200054f5  InitSWTransfer             
200061cd  InitTerm                   
20005685  InitUART0Transfer          
20007031  IntDisable                 
200070d9  IntEnable                  
20008259  IntMasterEnable            
200078ed  IntPrioritySet             
20007f05  IntRegister                
20007e55  IntUnregister              
20008175  IntVTableBaseSet           
200061eb  Message                    
200069c5  PRCMCC3200MCUInit          
20008109  PRCMHIBRegRead             
2000811f  PRCMHIBRegWrite            
20007e05  PRCMPeripheralClkDisable   
20007c09  PRCMPeripheralClkEnable    
2000721d  PRCMPeripheralClockGet     
2000783d  PRCMPeripheralReset        
20007dad  PRCMSysResetCauseGet       
200072b1  PinConfigSet               
20007b89  PinModeSet                 
20007fb9  PinMuxConfig               
20008045  PinTypeUART                
2000638d  Report                     
2000821b  ResetISR                   
UNDEFED   SHT$$INIT_ARRAY$$Base      
UNDEFED   SHT$$INIT_ARRAY$$Limit     
200054a9  StartAndCompleteSWTransfer 
200081fd  SysTickEnable              
20005821  SysTickHandler             
20007f81  SysTickIntRegister         
20008079  SysTickPeriodSet           
200062f5  TrimSpace                  
2000559b  UART0IntHandler            
20007f9d  UARTCharGetNonBlocking     
20007f25  UARTCharPut                
20008091  UARTCharsAvail             
200075c1  UARTConfigSetExpClk        
200080a9  UARTDMAEnable              
20007cf1  UARTDisable                
20021b08  UARTDone                   
20007e79  UARTEnable                 
200080c1  UARTFIFOLevelSet           
200081d9  UARTIntClear               
200080d9  UARTIntEnable              
20007f43  UARTIntRegister            
20007f61  UARTIntStatus              
2000805f  UARTIntUnregister          
200066cb  UDMAChannelSelect          
2000679f  UDMADeInit                 
20006663  UDMAInit                   
200066f9  UDMASetupAutoMemTransfer   
2000672d  UDMASetupPingPongTransfer  
200067b3  UDMASetupTransfer          
20006787  UDMAStartTransfer          
20006793  UDMAStopTransfer           
20008263  UtilsDelay                 
20007dd9  _Dclass                    
20021a70  _Denorm                    
20006f71  _Dnorm                     
20006c75  _Dscale                    
2000770f  _Dunscale                  
20021a80  _Eps                       
20021b38  _Errno                     
20021b30  _Fenv                      
20007d21  _Feraise                   
20021a90  _Hugeval                   
20021aa0  _Inf                       
20021ab0  _Nan                       
20021ad0  _Rteps                     
20021ac0  _Snan                      
20021b34  _Tls_setup__Fenv           
20021ae0  _Xbig                      
20021ae8  _Zero                      
20030000  __STACK_END                
00001000  __STACK_SIZE               
00008000  __SYSMEM_SIZE              
20008710  __TI_CINIT_Base            
20008720  __TI_CINIT_Limit           
200086f8  __TI_Handler_Table_Base    
20008704  __TI_Handler_Table_Limit   
20007639  __TI_auto_init             
20021b28  __TI_cleanup_ptr           
2000820d  __TI_decompress_none       
20008269  __TI_decompress_rle24      
20021b2c  __TI_dtors_ptr             
200051a1  __TI_printfi               
200086a8  __TI_static_base__         
20008229  __TI_zero_init             
200073c1  __aeabi_cdcmpeq            
200073c1  __aeabi_cdcmple            
20007447  __aeabi_cdrcmple           
20007a71  __aeabi_d2iz               
20006817  __aeabi_dadd               
20006b3d  __aeabi_ddiv               
20006d85  __aeabi_dmul               
2000680d  __aeabi_dsub               
20007d51  __aeabi_i2d                
200074cd  __aeabi_memclr             
200074cd  __aeabi_memclr4            
200074cd  __aeabi_memclr8            
20007181  __aeabi_memcpy             
20007181  __aeabi_memcpy4            
20007181  __aeabi_memcpy8            
200074cf  __aeabi_memset             
200074cf  __aeabi_memset4            
200074cf  __aeabi_memset8            
2000644d  __aeabi_uldivmod           
ffffffff  __binit__                  
ffffffff  __c_args__                 
2002f000  __stack                    
200080f1  _args_main                 
20007c45  _c_int00                   
20008274  _ctypes_                   
20021b20  _lock                      
20008197  _nop                       
2000818f  _register_lock             
20008189  _register_unlock           
20017000  _sys_memory                
2000826f  _system_pre_init           
20021b24  _unlock                    
20007b49  abort                      
20007941  atoi                       
ffffffff  binit                      
20006199  calloc                     
2000798d  copy_in                    
20007b51  exit                       
20007cbd  feraiseexcept              
20005ee7  free                       
20007ec1  frexp                      
20004000  g_pfnVectors               
20021890  gfpAppCallbackHndl         
20021000  gpCtlTbl                   
200219b8  iDone                      
20007ab9  ldexp                      
20007895  ltoa                       
20005ae1  main                       
20021b3c  main_func_sp               
20005e7f  malloc                     
200060b5  memalign                   
20007fd5  memccpy                    
20007ee3  memcmp                     
20007181  memcpy                     
20007e9d  memmove                    
200074d5  memset                     
20005df1  minit                      
20007d7f  raise                      
20005fa9  realloc                    
20007bc9  signal                     
20008135  strchr                     
2000819d  strlen                     
200079d9  uDMAChannelAssign          
20007775  uDMAChannelAttributeDisable
200077d9  uDMAChannelAttributeEnable 
20007c81  uDMAChannelControlSet      
20007ff1  uDMAChannelDisable         
2000800d  uDMAChannelEnable          
20007e2d  uDMAChannelIsEnabled       
20007a25  uDMAChannelModeGet         
20008029  uDMAChannelRequest         
20007549  uDMAChannelScatterGatherSet
20006e81  uDMAChannelTransferSet     
200081b1  uDMAControlBaseSet         
20008235  uDMADisable                
20008241  uDMAEnable                 
200081c5  uDMAIntClear               
2000814b  uDMAIntRegister            
2000824d  uDMAIntStatus              
200081eb  uDMAIntUnregister          
20021b00  uiCount                    
20021400  ulBytesTransferred         
20007339  vsnprintf                  


GLOBAL SYMBOLS: SORTED BY Symbol Address 

address   name                       
-------   ----                       
00001000  __STACK_SIZE               
00008000  __SYSMEM_SIZE              
20004000  g_pfnVectors               
200051a1  __TI_printfi               
200054a9  StartAndCompleteSWTransfer 
200054f5  InitSWTransfer             
2000559b  UART0IntHandler            
20005685  InitUART0Transfer          
20005791  DisplayBanner              
20005821  SysTickHandler             
200059a1  InitSGTransfer             
20005ae1  main                       
20005df1  minit                      
20005e7f  malloc                     
20005ee7  free                       
20005fa9  realloc                    
200060b5  memalign                   
20006199  calloc                     
200061cd  InitTerm                   
200061eb  Message                    
2000620d  ClearTerm                  
20006217  Error                      
2000624f  GetCmd                     
200062f5  TrimSpace                  
2000638d  Report                     
2000644d  __aeabi_uldivmod           
20006641  DmaSwIntHandler            
20006657  DmaErrorIntHandler         
20006663  UDMAInit                   
200066cb  UDMAChannelSelect          
200066f9  UDMASetupAutoMemTransfer   
2000672d  UDMASetupPingPongTransfer  
20006787  UDMAStartTransfer          
20006793  UDMAStopTransfer           
2000679f  UDMADeInit                 
200067b3  UDMASetupTransfer          
2000680d  __aeabi_dsub               
20006817  __aeabi_dadd               
200069c5  PRCMCC3200MCUInit          
20006b3d  __aeabi_ddiv               
20006c75  _Dscale                    
20006d85  __aeabi_dmul               
20006e81  uDMAChannelTransferSet     
20006f71  _Dnorm                     
20007031  IntDisable                 
200070d9  IntEnable                  
20007181  __aeabi_memcpy             
20007181  __aeabi_memcpy4            
20007181  __aeabi_memcpy8            
20007181  memcpy                     
2000721d  PRCMPeripheralClockGet     
200072b1  PinConfigSet               
20007339  vsnprintf                  
200073c1  __aeabi_cdcmpeq            
200073c1  __aeabi_cdcmple            
20007447  __aeabi_cdrcmple           
200074cd  __aeabi_memclr             
200074cd  __aeabi_memclr4            
200074cd  __aeabi_memclr8            
200074cf  __aeabi_memset             
200074cf  __aeabi_memset4            
200074cf  __aeabi_memset8            
200074d5  memset                     
20007549  uDMAChannelScatterGatherSet
200075c1  UARTConfigSetExpClk        
20007639  __TI_auto_init             
2000770f  _Dunscale                  
20007775  uDMAChannelAttributeDisable
200077d9  uDMAChannelAttributeEnable 
2000783d  PRCMPeripheralReset        
20007895  ltoa                       
200078ed  IntPrioritySet             
20007941  atoi                       
2000798d  copy_in                    
200079d9  uDMAChannelAssign          
20007a25  uDMAChannelModeGet         
20007a71  __aeabi_d2iz               
20007ab9  ldexp                      
20007b45  C$$EXIT                    
20007b49  abort                      
20007b51  exit                       
20007b89  PinModeSet                 
20007bc9  signal                     
20007c09  PRCMPeripheralClkEnable    
20007c45  _c_int00                   
20007c81  uDMAChannelControlSet      
20007cbd  feraiseexcept              
20007cf1  UARTDisable                
20007d21  _Feraise                   
20007d51  __aeabi_i2d                
20007d7f  raise                      
20007dad  PRCMSysResetCauseGet       
20007dd9  _Dclass                    
20007e05  PRCMPeripheralClkDisable   
20007e2d  uDMAChannelIsEnabled       
20007e55  IntUnregister              
20007e79  UARTEnable                 
20007e9d  memmove                    
20007ec1  frexp                      
20007ee3  memcmp                     
20007f05  IntRegister                
20007f25  UARTCharPut                
20007f43  UARTIntRegister            
20007f61  UARTIntStatus              
20007f81  SysTickIntRegister         
20007f9d  UARTCharGetNonBlocking     
20007fb9  PinMuxConfig               
20007fd5  memccpy                    
20007ff1  uDMAChannelDisable         
2000800d  uDMAChannelEnable          
20008029  uDMAChannelRequest         
20008045  PinTypeUART                
2000805f  UARTIntUnregister          
20008079  SysTickPeriodSet           
20008091  UARTCharsAvail             
200080a9  UARTDMAEnable              
200080c1  UARTFIFOLevelSet           
200080d9  UARTIntEnable              
200080f1  _args_main                 
20008109  PRCMHIBRegRead             
2000811f  PRCMHIBRegWrite            
20008135  strchr                     
2000814b  uDMAIntRegister            
20008161  CPUcpsie                   
20008175  IntVTableBaseSet           
20008189  _register_unlock           
2000818f  _register_lock             
20008197  _nop                       
2000819d  strlen                     
200081b1  uDMAControlBaseSet         
200081c5  uDMAIntClear               
200081d9  UARTIntClear               
200081eb  uDMAIntUnregister          
200081fd  SysTickEnable              
2000820d  __TI_decompress_none       
2000821b  ResetISR                   
20008229  __TI_zero_init             
20008235  uDMADisable                
20008241  uDMAEnable                 
2000824d  uDMAIntStatus              
20008259  IntMasterEnable            
20008263  UtilsDelay                 
20008269  __TI_decompress_rle24      
2000826f  _system_pre_init           
20008274  _ctypes_                   
200086a8  __TI_static_base__         
200086f8  __TI_Handler_Table_Base    
20008704  __TI_Handler_Table_Limit   
20008710  __TI_CINIT_Base            
20008720  __TI_CINIT_Limit           
20017000  _sys_memory                
20021000  gpCtlTbl                   
20021400  ulBytesTransferred         
20021890  gfpAppCallbackHndl         
200219b8  iDone                      
20021a70  _Denorm                    
20021a80  _Eps                       
20021a90  _Hugeval                   
20021aa0  _Inf                       
20021ab0  _Nan                       
20021ac0  _Snan                      
20021ad0  _Rteps                     
20021ae0  _Xbig                      
20021ae8  _Zero                      
20021b00  uiCount                    
20021b04  Done                       
20021b08  UARTDone                   
20021b20  _lock                      
20021b24  _unlock                    
20021b28  __TI_cleanup_ptr           
20021b2c  __TI_dtors_ptr             
20021b30  _Fenv                      
20021b34  _Tls_setup__Fenv           
20021b38  _Errno                     
20021b3c  main_func_sp               
2002f000  __stack                    
20030000  __STACK_END                
ffffffff  __binit__                  
ffffffff  __c_args__                 
ffffffff  binit                      
UNDEFED   SHT$$INIT_ARRAY$$Base      
UNDEFED   SHT$$INIT_ARRAY$$Limit     

[182 symbols]
