******************************************************************************
                  TI ARM Linker PC v5.2.5                      
******************************************************************************
>> Linked Wed May 04 22:17:22 2016

OUTPUT FILE NAME:   <adc1.out>
ENTRY POINT SYMBOL: "_c_int00"  address: 2000719d


MEMORY CONFIGURATION

         name            origin    length      used     unused   attr    fill
----------------------  --------  ---------  --------  --------  ----  --------
  SRAM_CODE             20004000   00013000  00003a96  0000f56a  RW X
  SRAM_DATA             20017000   00019000  0000d160  0000bea0  RW X


SEGMENT ALLOCATION MAP

run origin  load origin   length   init length attrs members
----------  ----------- ---------- ----------- ----- -------
20004000    20004000    00003a98   00003a98    r-x
  20004000    20004000    00000400   00000400    r-- .intvecs
  20004400    20004400    000032f2   000032f2    r-x .text
  200076f4    200076f4    0000032c   0000032c    r-- .const
  20007a20    20007a20    00000078   00000078    r-- .cinit
20017000    20017000    0000c164   00000000    rw-
  20017000    20017000    00008000   00000000    rw- .sysmem
  2001f000    2001f000    00004004   00000000    rw- .bss
  20023008    20023008    0000015c   00000000    rw- .data
2002f000    2002f000    00001000   00000000    rw-
  2002f000    2002f000    00001000   00000000    rw- .stack


SECTION ALLOCATION MAP

 output                                  attributes/
section   page    origin      length       input sections
--------  ----  ----------  ----------   ----------------
.intvecs   0    20004000    00000400     
                  20004000    00000400     startup_ccs.obj (.intvecs)

.init_array 
*          0    20004000    00000000     UNINITIALIZED

.text      0    20004400    000032f2     
                  20004400    000010a6     rtsv7M4_T_le_eabi.lib : _printfi.obj (.text)
                  200054a6    00000002     --HOLE-- [fill = 0]
                  200054a8    000003dc                           : memory.obj (.text)
                  20005884    000002b0     main.obj (.text)
                  20005b34    00000280     uart_if.obj (.text)
                  20005db4    000001f4     rtsv7M4_T_le_eabi.lib : ull_div_t2.obj (.text)
                  20005fa8    000001b6                           : fd_add_t2.obj (.text)
                  2000615e    00000002     --HOLE-- [fill = 0]
                  20006160    00000178     driverlib.a : prcm.obj (.text:PRCMCC3200MCUInit)
                  200062d8    00000136     rtsv7M4_T_le_eabi.lib : fd_div_t2.obj (.text)
                  2000640e    00000002     --HOLE-- [fill = 0]
                  20006410    00000110                           : xdscale.obj (.text)
                  20006520    000000fc                           : fd_mul_t2.obj (.text)
                  2000661c    000000be                           : xdnorm.obj (.text)
                  200066da    00000002     --HOLE-- [fill = 0]
                  200066dc    000000a8     driverlib.a : interrupt.obj (.text:IntEnable)
                  20006784    000000a0                 : spi.obj (.text:SPIConfigSetExpClk)
                  20006824    0000009c     rtsv7M4_T_le_eabi.lib : memcpy_t2.obj (.text)
                  200068c0    00000094     driverlib.a : prcm.obj (.text:PRCMPeripheralClockGet)
                  20006954    00000092     rtsv7M4_T_le_eabi.lib : fs_div_t2.obj (.text)
                  200069e6    00000002     --HOLE-- [fill = 0]
                  200069e8    00000088     driverlib.a : pin.obj (.text:PinConfigSet)
                  20006a70    00000088     rtsv7M4_T_le_eabi.lib : vsnprintf.obj (.text)
                  20006af8    00000086                           : fd_cmp_t2.obj (.text:__aeabi_cdcmple)
                  20006b7e    00000086                           : fd_cmp_t2.obj (.text:__aeabi_cdrcmple)
                  20006c04    0000007a                           : memset_t2.obj (.text)
                  20006c7e    00000076     driverlib.a : uart.obj (.text:UARTConfigSetExpClk)
                  20006cf4    0000006c     rtsv7M4_T_le_eabi.lib : autoinit.obj (.text)
                  20006d60    0000006a                           : copy_decompress_rle.obj (.text)
                  20006dca    00000066                           : xdunscal.obj (.text)
                  20006e30    00000058     driverlib.a : prcm.obj (.text:PRCMPeripheralReset)
                  20006e88    00000056     rtsv7M4_T_le_eabi.lib : ltoa.obj (.text)
                  20006ede    0000004c     pin_mux_config.obj (.text)
                  20006f2a    00000002     --HOLE-- [fill = 0]
                  20006f2c    0000004c     rtsv7M4_T_le_eabi.lib : atoi.obj (.text)
                  20006f78    0000004c                           : cpy_tbl.obj (.text)
                  20006fc4    00000048                           : fd_toi_t2.obj (.text)
                  2000700c    00000048                           : fd_tos_t2.obj (.text)
                  20007054    00000046                           : ldexp.obj (.text)
                  2000709a    00000002     --HOLE-- [fill = 0]
                  2000709c    00000044                           : exit.obj (.text)
                  200070e0    00000040     driverlib.a : pin.obj (.text:PinModeSet)
                  20007120    00000040     rtsv7M4_T_le_eabi.lib : signal.obj (.text)
                  20007160    0000003c     driverlib.a : prcm.obj (.text:PRCMPeripheralClkEnable)
                  2000719c    0000003c     rtsv7M4_T_le_eabi.lib : boot.obj (.text)
                  200071d8    00000038     driverlib.a : adc.obj (.text:ADCChannelDisable)
                  20007210    00000038                 : adc.obj (.text:ADCChannelEnable)
                  20007248    00000038     rtsv7M4_T_le_eabi.lib : fs_tod_t2.obj (.text)
                  20007280    00000034                           : feraiseexcept.obj (.text)
                  200072b4    00000030     driverlib.a : uart.obj (.text:UARTDisable)
                  200072e4    00000030     rtsv7M4_T_le_eabi.lib : xferaise.obj (.text)
                  20007314    0000002e                           : i_tofd_t2.obj (.text)
                  20007342    0000002e                           : raise.obj (.text)
                  20007370    0000002c     driverlib.a : prcm.obj (.text:PRCMSysResetCauseGet)
                  2000739c    0000002a     rtsv7M4_T_le_eabi.lib : xdclass.obj (.text)
                  200073c6    00000002     --HOLE-- [fill = 0]
                  200073c8    00000028     driverlib.a : prcm.obj (.text:PRCMPeripheralClkDisable)
                  200073f0    00000024                 : uart.obj (.text:UARTEnable)
                  20007414    00000024     rtsv7M4_T_le_eabi.lib : memmov.obj (.text)
                  20007438    00000024                           : u_tofs_t2.obj (.text)
                  2000745c    00000022                           : frexp.obj (.text)
                  2000747e    00000020     driverlib.a : spi.obj (.text:SPIDataGet)
                  2000749e    0000001e                 : spi.obj (.text:SPIDataPut)
                  200074bc    0000001e                 : uart.obj (.text:UARTCharPut)
                  200074da    0000001c                 : adc.obj (.text:ADCFIFOLvlGet)
                  200074f6    0000001c                 : uart.obj (.text:UARTCharGetNonBlocking)
                  20007512    0000001c     rtsv7M4_T_le_eabi.lib : memccpy.obj (.text)
                  2000752e    0000001a     driverlib.a : pin.obj (.text:PinTypeSPI)
                  20007548    0000001a                 : pin.obj (.text:PinTypeUART)
                  20007562    00000018                 : adc.obj (.text:ADCFIFORead)
                  2000757a    00000018                 : spi.obj (.text:SPICSDisable)
                  20007592    00000018                 : spi.obj (.text:SPICSEnable)
                  200075aa    00000018                 : spi.obj (.text:SPIEnable)
                  200075c2    00000018                 : uart.obj (.text:UARTCharsAvail)
                  200075da    00000002     --HOLE-- [fill = 0]
                  200075dc    00000018     rtsv7M4_T_le_eabi.lib : args_main.obj (.text)
                  200075f4    00000016     driverlib.a : prcm.obj (.text:PRCMHIBRegRead)
                  2000760a    00000016                 : prcm.obj (.text:PRCMHIBRegWrite)
                  20007620    00000016     rtsv7M4_T_le_eabi.lib : strchr.obj (.text)
                  20007636    00000014     driverlib.a : adc.obj (.text:ADCEnable)
                  2000764a    00000014                 : cpu.obj (.text:CPUcpsie)
                  2000765e    00000002     --HOLE-- [fill = 0]
                  20007660    00000014                 : interrupt.obj (.text:IntVTableBaseSet)
                  20007674    00000014                 : pin.obj (.text:PinTypeADC)
                  20007688    00000014     rtsv7M4_T_le_eabi.lib : _lock.obj (.text)
                  2000769c    00000014                           : strlen.obj (.text)
                  200076b0    0000000e                           : copy_decompress_none.obj (.text:decompress:none)
                  200076be    0000000e     startup_ccs.obj (.text)
                  200076cc    0000000c     rtsv7M4_T_le_eabi.lib : copy_zero_init.obj (.text:decompress:ZI)
                  200076d8    0000000a     driverlib.a : interrupt.obj (.text:IntMasterEnable)
                  200076e2    00000006                 : utils.obj (.text:UtilsDelay)
                  200076e8    00000006     rtsv7M4_T_le_eabi.lib : copy_decompress_rle.obj (.text:decompress:rle24)
                  200076ee    00000004                           : pre_init.obj (.text)

.const     0    200076f4    0000032c     
                  200076f4    00000101     rtsv7M4_T_le_eabi.lib : ctype.obj (.const:.string:_ctypes_)
                  200077f5    00000003     --HOLE-- [fill = 0]
                  200077f8    00000100     driverlib.a : pin.obj (.const:g_ulPinToPadMap)
                  200078f8    000000a8                 : prcm.obj (.const:PRCM_PeriphRegsList)
                  200079a0    00000080                 : interrupt.obj (.const)

.cinit     0    20007a20    00000078     
                  20007a20    0000004e     (.cinit..data.load) [load image, compression = rle]
                  20007a6e    00000002     --HOLE-- [fill = 0]
                  20007a70    0000000c     (__TI_handler_table)
                  20007a7c    00000004     --HOLE-- [fill = 0]
                  20007a80    00000008     (.cinit..bss.load) [load image, compression = zero_init]
                  20007a88    00000010     (__TI_cinit_table)

.sysmem    0    20017000    00008000     UNINITIALIZED
                  20017000    00000008     rtsv7M4_T_le_eabi.lib : memory.obj (.sysmem)
                  20017008    00007ff8     --HOLE--

.bss       0    2001f000    00004004     UNINITIALIZED
                  2001f000    00004000     main.obj (.bss:pulAdcSamples)
                  20023000    00000004     (.common:__Errorlog)

.TI.noinit 
*          0    2001f000    00000000     UNINITIALIZED

.data      0    20023008    0000015c     UNINITIALIZED
                  20023008    000000b0     rtsv7M4_T_le_eabi.lib : signal.obj (.data:sigtable)
                  200230b8    00000080                           : xvalues.obj (.data)
                  20023138    0000000c                           : memory.obj (.data)
                  20023144    00000008                           : _lock.obj (.data)
                  2002314c    00000008                           : exit.obj (.data)
                  20023154    00000008                           : feraiseexcept.obj (.data)
                  2002315c    00000004                           : errno.obj (.data)
                  20023160    00000004                           : stkdepth_vars.obj (.data)

.TI.persistent 
*          0    20023008    00000000     UNINITIALIZED

.stack     0    2002f000    00001000     UNINITIALIZED
                  2002f000    00001000     --HOLE--


LINKER GENERATED COPY TABLES

__TI_cinit_table @ 20007a88 records: 2, size/record: 8, table size: 16
	.data: load addr=20007a20, load size=0000004e bytes, run addr=20023008, run size=0000015c bytes, compression=rle
	.bss: load addr=20007a80, load size=00000008 bytes, run addr=2001f000, run size=00004004 bytes, compression=zero_init


LINKER GENERATED HANDLER TABLE

__TI_handler_table @ 20007a70 records: 3, size/record: 4, table size: 12
	index: 0, handler: __TI_decompress_rle24
	index: 1, handler: __TI_decompress_none
	index: 2, handler: __TI_zero_init


GLOBAL SYMBOLS: SORTED ALPHABETICALLY BY Name 

address   name                    
-------   ----                    
200071d9  ADCChannelDisable       
20007211  ADCChannelEnable        
20007637  ADCEnable               
200074db  ADCFIFOLvlGet           
20007563  ADCFIFORead             
2000709d  C$$EXIT                 
2000764b  CPUcpsie                
20005b75  ClearTerm               
20005b7f  Error                   
20005bb7  GetCmd                  
20005b35  InitTerm                
200066dd  IntEnable               
200076d9  IntMasterEnable         
20007661  IntVTableBaseSet        
20005b53  Message                 
20006161  PRCMCC3200MCUInit       
200075f5  PRCMHIBRegRead          
2000760b  PRCMHIBRegWrite         
200073c9  PRCMPeripheralClkDisable
20007161  PRCMPeripheralClkEnable 
200068c1  PRCMPeripheralClockGet  
20006e31  PRCMPeripheralReset     
20007371  PRCMSysResetCauseGet    
200069e9  PinConfigSet            
200070e1  PinModeSet              
20006edf  PinMuxConfig            
20007675  PinTypeADC              
2000752f  PinTypeSPI              
20007549  PinTypeUART             
20005cf5  Report                  
200076bf  ResetISR                
UNDEFED   SHT$$INIT_ARRAY$$Base   
UNDEFED   SHT$$INIT_ARRAY$$Limit  
2000757b  SPICSDisable            
20007593  SPICSEnable             
20006785  SPIConfigSetExpClk      
2000747f  SPIDataGet              
2000749f  SPIDataPut              
200075ab  SPIEnable               
20005c5d  TrimSpace               
200074f7  UARTCharGetNonBlocking  
200074bd  UARTCharPut             
200075c3  UARTCharsAvail          
20006c7f  UARTConfigSetExpClk     
200072b5  UARTDisable             
200073f1  UARTEnable              
200076e3  UtilsDelay              
2000739d  _Dclass                 
200230b8  _Denorm                 
2000661d  _Dnorm                  
20006411  _Dscale                 
20006dcb  _Dunscale               
200230c8  _Eps                    
2002315c  _Errno                  
20023154  _Fenv                   
200072e5  _Feraise                
200230d8  _Hugeval                
200230e8  _Inf                    
200230f8  _Nan                    
20023118  _Rteps                  
20023108  _Snan                   
20023158  _Tls_setup__Fenv        
20023128  _Xbig                   
20023130  _Zero                   
20030000  __STACK_END             
00001000  __STACK_SIZE            
00008000  __SYSMEM_SIZE           
20007a88  __TI_CINIT_Base         
20007a98  __TI_CINIT_Limit        
20007a70  __TI_Handler_Table_Base 
20007a7c  __TI_Handler_Table_Limit
20006cf5  __TI_auto_init          
2002314c  __TI_cleanup_ptr        
200076b1  __TI_decompress_none    
200076e9  __TI_decompress_rle24   
20023150  __TI_dtors_ptr          
200051a1  __TI_printfi            
20007a20  __TI_static_base__      
200076cd  __TI_zero_init          
20006af9  __aeabi_cdcmpeq         
20006af9  __aeabi_cdcmple         
20006b7f  __aeabi_cdrcmple        
2000700d  __aeabi_d2f             
20006fc5  __aeabi_d2iz            
20005fb3  __aeabi_dadd            
200062d9  __aeabi_ddiv            
20006521  __aeabi_dmul            
20005fa9  __aeabi_dsub            
20007249  __aeabi_f2d             
20006955  __aeabi_fdiv            
20007315  __aeabi_i2d             
20006c05  __aeabi_memclr          
20006c05  __aeabi_memclr4         
20006c05  __aeabi_memclr8         
20006825  __aeabi_memcpy          
20006825  __aeabi_memcpy4         
20006825  __aeabi_memcpy8         
20006c07  __aeabi_memset          
20006c07  __aeabi_memset4         
20006c07  __aeabi_memset8         
20007439  __aeabi_ui2f            
20005db5  __aeabi_uldivmod        
ffffffff  __binit__               
ffffffff  __c_args__              
2002f000  __stack                 
200075dd  _args_main              
2000719d  _c_int00                
200076f4  _ctypes_                
20023144  _lock                   
20007697  _nop                    
2000768f  _register_lock          
20007689  _register_unlock        
20017000  _sys_memory             
200076ef  _system_pre_init        
20023148  _unlock                 
200070a1  abort                   
20006f2d  atoi                    
ffffffff  binit                   
20005851  calloc                  
20006f79  copy_in                 
200070a9  exit                    
20007281  feraiseexcept           
2000559f  free                    
2000745d  frexp                   
20004000  g_pfnVectors            
20007055  ldexp                   
20006e89  ltoa                    
200058c3  main                    
20023160  main_func_sp            
20005537  malloc                  
2000576d  memalign                
20007513  memccpy                 
20006825  memcpy                  
20007415  memmove                 
20006c0d  memset                  
200054a9  minit                   
2001f000  pulAdcSamples           
20007343  raise                   
20005661  realloc                 
20007121  signal                  
20007621  strchr                  
2000769d  strlen                  
20006a71  vsnprintf               


GLOBAL SYMBOLS: SORTED BY Symbol Address 

address   name                    
-------   ----                    
00001000  __STACK_SIZE            
00008000  __SYSMEM_SIZE           
20004000  g_pfnVectors            
200051a1  __TI_printfi            
200054a9  minit                   
20005537  malloc                  
2000559f  free                    
20005661  realloc                 
2000576d  memalign                
20005851  calloc                  
200058c3  main                    
20005b35  InitTerm                
20005b53  Message                 
20005b75  ClearTerm               
20005b7f  Error                   
20005bb7  GetCmd                  
20005c5d  TrimSpace               
20005cf5  Report                  
20005db5  __aeabi_uldivmod        
20005fa9  __aeabi_dsub            
20005fb3  __aeabi_dadd            
20006161  PRCMCC3200MCUInit       
200062d9  __aeabi_ddiv            
20006411  _Dscale                 
20006521  __aeabi_dmul            
2000661d  _Dnorm                  
200066dd  IntEnable               
20006785  SPIConfigSetExpClk      
20006825  __aeabi_memcpy          
20006825  __aeabi_memcpy4         
20006825  __aeabi_memcpy8         
20006825  memcpy                  
200068c1  PRCMPeripheralClockGet  
20006955  __aeabi_fdiv            
200069e9  PinConfigSet            
20006a71  vsnprintf               
20006af9  __aeabi_cdcmpeq         
20006af9  __aeabi_cdcmple         
20006b7f  __aeabi_cdrcmple        
20006c05  __aeabi_memclr          
20006c05  __aeabi_memclr4         
20006c05  __aeabi_memclr8         
20006c07  __aeabi_memset          
20006c07  __aeabi_memset4         
20006c07  __aeabi_memset8         
20006c0d  memset                  
20006c7f  UARTConfigSetExpClk     
20006cf5  __TI_auto_init          
20006dcb  _Dunscale               
20006e31  PRCMPeripheralReset     
20006e89  ltoa                    
20006edf  PinMuxConfig            
20006f2d  atoi                    
20006f79  copy_in                 
20006fc5  __aeabi_d2iz            
2000700d  __aeabi_d2f             
20007055  ldexp                   
2000709d  C$$EXIT                 
200070a1  abort                   
200070a9  exit                    
200070e1  PinModeSet              
20007121  signal                  
20007161  PRCMPeripheralClkEnable 
2000719d  _c_int00                
200071d9  ADCChannelDisable       
20007211  ADCChannelEnable        
20007249  __aeabi_f2d             
20007281  feraiseexcept           
200072b5  UARTDisable             
200072e5  _Feraise                
20007315  __aeabi_i2d             
20007343  raise                   
20007371  PRCMSysResetCauseGet    
2000739d  _Dclass                 
200073c9  PRCMPeripheralClkDisable
200073f1  UARTEnable              
20007415  memmove                 
20007439  __aeabi_ui2f            
2000745d  frexp                   
2000747f  SPIDataGet              
2000749f  SPIDataPut              
200074bd  UARTCharPut             
200074db  ADCFIFOLvlGet           
200074f7  UARTCharGetNonBlocking  
20007513  memccpy                 
2000752f  PinTypeSPI              
20007549  PinTypeUART             
20007563  ADCFIFORead             
2000757b  SPICSDisable            
20007593  SPICSEnable             
200075ab  SPIEnable               
200075c3  UARTCharsAvail          
200075dd  _args_main              
200075f5  PRCMHIBRegRead          
2000760b  PRCMHIBRegWrite         
20007621  strchr                  
20007637  ADCEnable               
2000764b  CPUcpsie                
20007661  IntVTableBaseSet        
20007675  PinTypeADC              
20007689  _register_unlock        
2000768f  _register_lock          
20007697  _nop                    
2000769d  strlen                  
200076b1  __TI_decompress_none    
200076bf  ResetISR                
200076cd  __TI_zero_init          
200076d9  IntMasterEnable         
200076e3  UtilsDelay              
200076e9  __TI_decompress_rle24   
200076ef  _system_pre_init        
200076f4  _ctypes_                
20007a20  __TI_static_base__      
20007a70  __TI_Handler_Table_Base 
20007a7c  __TI_Handler_Table_Limit
20007a88  __TI_CINIT_Base         
20007a98  __TI_CINIT_Limit        
20017000  _sys_memory             
2001f000  pulAdcSamples           
200230b8  _Denorm                 
200230c8  _Eps                    
200230d8  _Hugeval                
200230e8  _Inf                    
200230f8  _Nan                    
20023108  _Snan                   
20023118  _Rteps                  
20023128  _Xbig                   
20023130  _Zero                   
20023144  _lock                   
20023148  _unlock                 
2002314c  __TI_cleanup_ptr        
20023150  __TI_dtors_ptr          
20023154  _Fenv                   
20023158  _Tls_setup__Fenv        
2002315c  _Errno                  
20023160  main_func_sp            
2002f000  __stack                 
20030000  __STACK_END             
ffffffff  __binit__               
ffffffff  __c_args__              
ffffffff  binit                   
UNDEFED   SHT$$INIT_ARRAY$$Base   
UNDEFED   SHT$$INIT_ARRAY$$Limit  

[143 symbols]
