<?xml version="1.0"?>
<link_info>
   <banner>TI ARM Linker PC v5.2.5</banner>
   <copyright>Copyright (c) 1996-2015 Texas Instruments Incorporated</copyright>
   <link_time>0x572ad762</link_time>
   <link_errors>0x0</link_errors>
   <output_file>adc1.out</output_file>
   <entry_point>
      <name>_c_int00</name>
      <address>0x2000719d</address>
   </entry_point>
   <input_file_list>
      <input_file id="fl-2">
         <path>.\</path>
         <kind>object</kind>
         <file>main.obj</file>
         <name>main.obj</name>
      </input_file>
      <input_file id="fl-3">
         <path>.\</path>
         <kind>object</kind>
         <file>pin_mux_config.obj</file>
         <name>pin_mux_config.obj</name>
      </input_file>
      <input_file id="fl-4">
         <path>.\</path>
         <kind>object</kind>
         <file>startup_ccs.obj</file>
         <name>startup_ccs.obj</name>
      </input_file>
      <input_file id="fl-5">
         <path>.\</path>
         <kind>object</kind>
         <file>uart_if.obj</file>
         <name>uart_if.obj</name>
      </input_file>
      <input_file id="fl-12c">
         <path>C:\ti\ccsv6\tools\compiler\ti-cgt-arm_5.2.5\lib\</path>
         <kind>archive</kind>
         <file>rtsv7M4_T_le_eabi.lib</file>
         <name>boot.obj</name>
      </input_file>
      <input_file id="fl-12d">
         <path>C:\ti\ccsv6\tools\compiler\ti-cgt-arm_5.2.5\lib\</path>
         <kind>archive</kind>
         <file>rtsv7M4_T_le_eabi.lib</file>
         <name>copy_decompress_none.obj</name>
      </input_file>
      <input_file id="fl-12e">
         <path>C:\ti\ccsv6\tools\compiler\ti-cgt-arm_5.2.5\lib\</path>
         <kind>archive</kind>
         <file>rtsv7M4_T_le_eabi.lib</file>
         <name>copy_decompress_rle.obj</name>
      </input_file>
      <input_file id="fl-12f">
         <path>C:\ti\ccsv6\tools\compiler\ti-cgt-arm_5.2.5\lib\</path>
         <kind>archive</kind>
         <file>rtsv7M4_T_le_eabi.lib</file>
         <name>copy_zero_init.obj</name>
      </input_file>
      <input_file id="fl-130">
         <path>C:\ti\ccsv6\tools\compiler\ti-cgt-arm_5.2.5\lib\</path>
         <kind>archive</kind>
         <file>rtsv7M4_T_le_eabi.lib</file>
         <name>exit.obj</name>
      </input_file>
      <input_file id="fl-131">
         <path>C:\ti\ccsv6\tools\compiler\ti-cgt-arm_5.2.5\lib\</path>
         <kind>archive</kind>
         <file>rtsv7M4_T_le_eabi.lib</file>
         <name>fd_add_t2.obj</name>
      </input_file>
      <input_file id="fl-132">
         <path>C:\ti\ccsv6\tools\compiler\ti-cgt-arm_5.2.5\lib\</path>
         <kind>archive</kind>
         <file>rtsv7M4_T_le_eabi.lib</file>
         <name>fd_div_t2.obj</name>
      </input_file>
      <input_file id="fl-133">
         <path>C:\ti\ccsv6\tools\compiler\ti-cgt-arm_5.2.5\lib\</path>
         <kind>archive</kind>
         <file>rtsv7M4_T_le_eabi.lib</file>
         <name>fd_mul_t2.obj</name>
      </input_file>
      <input_file id="fl-134">
         <path>C:\ti\ccsv6\tools\compiler\ti-cgt-arm_5.2.5\lib\</path>
         <kind>archive</kind>
         <file>rtsv7M4_T_le_eabi.lib</file>
         <name>fd_toi_t2.obj</name>
      </input_file>
      <input_file id="fl-135">
         <path>C:\ti\ccsv6\tools\compiler\ti-cgt-arm_5.2.5\lib\</path>
         <kind>archive</kind>
         <file>rtsv7M4_T_le_eabi.lib</file>
         <name>fd_tos_t2.obj</name>
      </input_file>
      <input_file id="fl-136">
         <path>C:\ti\ccsv6\tools\compiler\ti-cgt-arm_5.2.5\lib\</path>
         <kind>archive</kind>
         <file>rtsv7M4_T_le_eabi.lib</file>
         <name>fs_div_t2.obj</name>
      </input_file>
      <input_file id="fl-137">
         <path>C:\ti\ccsv6\tools\compiler\ti-cgt-arm_5.2.5\lib\</path>
         <kind>archive</kind>
         <file>rtsv7M4_T_le_eabi.lib</file>
         <name>fs_tod_t2.obj</name>
      </input_file>
      <input_file id="fl-138">
         <path>C:\ti\ccsv6\tools\compiler\ti-cgt-arm_5.2.5\lib\</path>
         <kind>archive</kind>
         <file>rtsv7M4_T_le_eabi.lib</file>
         <name>memcpy_t2.obj</name>
      </input_file>
      <input_file id="fl-139">
         <path>C:\ti\ccsv6\tools\compiler\ti-cgt-arm_5.2.5\lib\</path>
         <kind>archive</kind>
         <file>rtsv7M4_T_le_eabi.lib</file>
         <name>memmov.obj</name>
      </input_file>
      <input_file id="fl-13a">
         <path>C:\ti\ccsv6\tools\compiler\ti-cgt-arm_5.2.5\lib\</path>
         <kind>archive</kind>
         <file>rtsv7M4_T_le_eabi.lib</file>
         <name>memory.obj</name>
      </input_file>
      <input_file id="fl-13b">
         <path>C:\ti\ccsv6\tools\compiler\ti-cgt-arm_5.2.5\lib\</path>
         <kind>archive</kind>
         <file>rtsv7M4_T_le_eabi.lib</file>
         <name>memset_t2.obj</name>
      </input_file>
      <input_file id="fl-13c">
         <path>C:\ti\ccsv6\tools\compiler\ti-cgt-arm_5.2.5\lib\</path>
         <kind>archive</kind>
         <file>rtsv7M4_T_le_eabi.lib</file>
         <name>pre_init.obj</name>
      </input_file>
      <input_file id="fl-13d">
         <path>C:\ti\ccsv6\tools\compiler\ti-cgt-arm_5.2.5\lib\</path>
         <kind>archive</kind>
         <file>rtsv7M4_T_le_eabi.lib</file>
         <name>stkdepth_vars.obj</name>
      </input_file>
      <input_file id="fl-13e">
         <path>C:\ti\ccsv6\tools\compiler\ti-cgt-arm_5.2.5\lib\</path>
         <kind>archive</kind>
         <file>rtsv7M4_T_le_eabi.lib</file>
         <name>strlen.obj</name>
      </input_file>
      <input_file id="fl-13f">
         <path>C:\ti\ccsv6\tools\compiler\ti-cgt-arm_5.2.5\lib\</path>
         <kind>archive</kind>
         <file>rtsv7M4_T_le_eabi.lib</file>
         <name>u_tofs_t2.obj</name>
      </input_file>
      <input_file id="fl-140">
         <path>C:\ti\ccsv6\tools\compiler\ti-cgt-arm_5.2.5\lib\</path>
         <kind>archive</kind>
         <file>rtsv7M4_T_le_eabi.lib</file>
         <name>vsnprintf.obj</name>
      </input_file>
      <input_file id="fl-141">
         <path>C:\ti\ccsv6\tools\compiler\ti-cgt-arm_5.2.5\lib\</path>
         <kind>archive</kind>
         <file>rtsv7M4_T_le_eabi.lib</file>
         <name>_lock.obj</name>
      </input_file>
      <input_file id="fl-142">
         <path>C:\ti\ccsv6\tools\compiler\ti-cgt-arm_5.2.5\lib\</path>
         <kind>archive</kind>
         <file>rtsv7M4_T_le_eabi.lib</file>
         <name>_printfi.obj</name>
      </input_file>
      <input_file id="fl-143">
         <path>C:\ti\ccsv6\tools\compiler\ti-cgt-arm_5.2.5\lib\</path>
         <kind>archive</kind>
         <file>rtsv7M4_T_le_eabi.lib</file>
         <name>args_main.obj</name>
      </input_file>
      <input_file id="fl-144">
         <path>C:\ti\ccsv6\tools\compiler\ti-cgt-arm_5.2.5\lib\</path>
         <kind>archive</kind>
         <file>rtsv7M4_T_le_eabi.lib</file>
         <name>atoi.obj</name>
      </input_file>
      <input_file id="fl-145">
         <path>C:\ti\ccsv6\tools\compiler\ti-cgt-arm_5.2.5\lib\</path>
         <kind>archive</kind>
         <file>rtsv7M4_T_le_eabi.lib</file>
         <name>autoinit.obj</name>
      </input_file>
      <input_file id="fl-146">
         <path>C:\ti\ccsv6\tools\compiler\ti-cgt-arm_5.2.5\lib\</path>
         <kind>archive</kind>
         <file>rtsv7M4_T_le_eabi.lib</file>
         <name>cpy_tbl.obj</name>
      </input_file>
      <input_file id="fl-147">
         <path>C:\ti\ccsv6\tools\compiler\ti-cgt-arm_5.2.5\lib\</path>
         <kind>archive</kind>
         <file>rtsv7M4_T_le_eabi.lib</file>
         <name>ctype.obj</name>
      </input_file>
      <input_file id="fl-148">
         <path>C:\ti\ccsv6\tools\compiler\ti-cgt-arm_5.2.5\lib\</path>
         <kind>archive</kind>
         <file>rtsv7M4_T_le_eabi.lib</file>
         <name>fd_cmp_t2.obj</name>
      </input_file>
      <input_file id="fl-149">
         <path>C:\ti\ccsv6\tools\compiler\ti-cgt-arm_5.2.5\lib\</path>
         <kind>archive</kind>
         <file>rtsv7M4_T_le_eabi.lib</file>
         <name>frexp.obj</name>
      </input_file>
      <input_file id="fl-14a">
         <path>C:\ti\ccsv6\tools\compiler\ti-cgt-arm_5.2.5\lib\</path>
         <kind>archive</kind>
         <file>rtsv7M4_T_le_eabi.lib</file>
         <name>i_tofd_t2.obj</name>
      </input_file>
      <input_file id="fl-14b">
         <path>C:\ti\ccsv6\tools\compiler\ti-cgt-arm_5.2.5\lib\</path>
         <kind>archive</kind>
         <file>rtsv7M4_T_le_eabi.lib</file>
         <name>ldexp.obj</name>
      </input_file>
      <input_file id="fl-14c">
         <path>C:\ti\ccsv6\tools\compiler\ti-cgt-arm_5.2.5\lib\</path>
         <kind>archive</kind>
         <file>rtsv7M4_T_le_eabi.lib</file>
         <name>ltoa.obj</name>
      </input_file>
      <input_file id="fl-14d">
         <path>C:\ti\ccsv6\tools\compiler\ti-cgt-arm_5.2.5\lib\</path>
         <kind>archive</kind>
         <file>rtsv7M4_T_le_eabi.lib</file>
         <name>memccpy.obj</name>
      </input_file>
      <input_file id="fl-14e">
         <path>C:\ti\ccsv6\tools\compiler\ti-cgt-arm_5.2.5\lib\</path>
         <kind>archive</kind>
         <file>rtsv7M4_T_le_eabi.lib</file>
         <name>strchr.obj</name>
      </input_file>
      <input_file id="fl-14f">
         <path>C:\ti\ccsv6\tools\compiler\ti-cgt-arm_5.2.5\lib\</path>
         <kind>archive</kind>
         <file>rtsv7M4_T_le_eabi.lib</file>
         <name>ull_div_t2.obj</name>
      </input_file>
      <input_file id="fl-150">
         <path>C:\ti\ccsv6\tools\compiler\ti-cgt-arm_5.2.5\lib\</path>
         <kind>archive</kind>
         <file>rtsv7M4_T_le_eabi.lib</file>
         <name>xdclass.obj</name>
      </input_file>
      <input_file id="fl-151">
         <path>C:\ti\ccsv6\tools\compiler\ti-cgt-arm_5.2.5\lib\</path>
         <kind>archive</kind>
         <file>rtsv7M4_T_le_eabi.lib</file>
         <name>xdscale.obj</name>
      </input_file>
      <input_file id="fl-152">
         <path>C:\ti\ccsv6\tools\compiler\ti-cgt-arm_5.2.5\lib\</path>
         <kind>archive</kind>
         <file>rtsv7M4_T_le_eabi.lib</file>
         <name>xdunscal.obj</name>
      </input_file>
      <input_file id="fl-153">
         <path>C:\ti\ccsv6\tools\compiler\ti-cgt-arm_5.2.5\lib\</path>
         <kind>archive</kind>
         <file>rtsv7M4_T_le_eabi.lib</file>
         <name>xferaise.obj</name>
      </input_file>
      <input_file id="fl-154">
         <path>C:\ti\ccsv6\tools\compiler\ti-cgt-arm_5.2.5\lib\</path>
         <kind>archive</kind>
         <file>rtsv7M4_T_le_eabi.lib</file>
         <name>xvalues.obj</name>
      </input_file>
      <input_file id="fl-155">
         <path>C:\ti\ccsv6\tools\compiler\ti-cgt-arm_5.2.5\lib\</path>
         <kind>archive</kind>
         <file>rtsv7M4_T_le_eabi.lib</file>
         <name>errno.obj</name>
      </input_file>
      <input_file id="fl-156">
         <path>C:\ti\ccsv6\tools\compiler\ti-cgt-arm_5.2.5\lib\</path>
         <kind>archive</kind>
         <file>rtsv7M4_T_le_eabi.lib</file>
         <name>feraiseexcept.obj</name>
      </input_file>
      <input_file id="fl-157">
         <path>C:\ti\ccsv6\tools\compiler\ti-cgt-arm_5.2.5\lib\</path>
         <kind>archive</kind>
         <file>rtsv7M4_T_le_eabi.lib</file>
         <name>raise.obj</name>
      </input_file>
      <input_file id="fl-158">
         <path>C:\ti\ccsv6\tools\compiler\ti-cgt-arm_5.2.5\lib\</path>
         <kind>archive</kind>
         <file>rtsv7M4_T_le_eabi.lib</file>
         <name>signal.obj</name>
      </input_file>
      <input_file id="fl-159">
         <path>C:\ti\ccsv6\tools\compiler\ti-cgt-arm_5.2.5\lib\</path>
         <kind>archive</kind>
         <file>rtsv7M4_T_le_eabi.lib</file>
         <name>xdnorm.obj</name>
      </input_file>
      <input_file id="fl-15a">
         <path>C:\ti\CC3200SDK_1.2.0\cc3200-sdk\example\adc\ccs\..\..\..\driverlib\ccs\Release\</path>
         <kind>archive</kind>
         <file>driverlib.a</file>
         <name>adc.obj</name>
      </input_file>
      <input_file id="fl-15b">
         <path>C:\ti\CC3200SDK_1.2.0\cc3200-sdk\example\adc\ccs\..\..\..\driverlib\ccs\Release\</path>
         <kind>archive</kind>
         <file>driverlib.a</file>
         <name>interrupt.obj</name>
      </input_file>
      <input_file id="fl-15c">
         <path>C:\ti\CC3200SDK_1.2.0\cc3200-sdk\example\adc\ccs\..\..\..\driverlib\ccs\Release\</path>
         <kind>archive</kind>
         <file>driverlib.a</file>
         <name>pin.obj</name>
      </input_file>
      <input_file id="fl-15d">
         <path>C:\ti\CC3200SDK_1.2.0\cc3200-sdk\example\adc\ccs\..\..\..\driverlib\ccs\Release\</path>
         <kind>archive</kind>
         <file>driverlib.a</file>
         <name>prcm.obj</name>
      </input_file>
      <input_file id="fl-15e">
         <path>C:\ti\CC3200SDK_1.2.0\cc3200-sdk\example\adc\ccs\..\..\..\driverlib\ccs\Release\</path>
         <kind>archive</kind>
         <file>driverlib.a</file>
         <name>spi.obj</name>
      </input_file>
      <input_file id="fl-15f">
         <path>C:\ti\CC3200SDK_1.2.0\cc3200-sdk\example\adc\ccs\..\..\..\driverlib\ccs\Release\</path>
         <kind>archive</kind>
         <file>driverlib.a</file>
         <name>uart.obj</name>
      </input_file>
      <input_file id="fl-160">
         <path>C:\ti\CC3200SDK_1.2.0\cc3200-sdk\example\adc\ccs\..\..\..\driverlib\ccs\Release\</path>
         <kind>archive</kind>
         <file>driverlib.a</file>
         <name>utils.obj</name>
      </input_file>
      <input_file id="fl-161">
         <path>C:\ti\CC3200SDK_1.2.0\cc3200-sdk\example\adc\ccs\..\..\..\driverlib\ccs\Release\</path>
         <kind>archive</kind>
         <file>driverlib.a</file>
         <name>cpu.obj</name>
      </input_file>
      <input_file id="fl-162">
         <path>C:\ti\CC3200SDK_1.2.0\cc3200-sdk\example\adc\ccs\..\..\..\driverlib\ccs\Release\</path>
         <kind>archive</kind>
         <file>driverlib.a</file>
         <name>flash.obj</name>
      </input_file>
   </input_file_list>
   <object_component_list>
      <object_component id="oc-f">
         <name>.intvecs</name>
         <load_address>0x20004000</load_address>
         <run_address>0x20004000</run_address>
         <size>0x400</size>
         <input_file_ref idref="fl-4"/>
      </object_component>
      <object_component id="oc-238">
         <name>.text</name>
         <load_address>0x20004400</load_address>
         <run_address>0x20004400</run_address>
         <size>0x10a6</size>
         <input_file_ref idref="fl-142"/>
      </object_component>
      <object_component id="oc-1b7">
         <name>.text</name>
         <load_address>0x200054a8</load_address>
         <run_address>0x200054a8</run_address>
         <size>0x3dc</size>
         <input_file_ref idref="fl-13a"/>
      </object_component>
      <object_component id="oc-9f">
         <name>.text</name>
         <load_address>0x20005884</load_address>
         <run_address>0x20005884</run_address>
         <size>0x2b0</size>
         <input_file_ref idref="fl-2"/>
      </object_component>
      <object_component id="oc-cc">
         <name>.text</name>
         <load_address>0x20005b34</load_address>
         <run_address>0x20005b34</run_address>
         <size>0x280</size>
         <input_file_ref idref="fl-5"/>
      </object_component>
      <object_component id="oc-27b">
         <name>.text</name>
         <load_address>0x20005db4</load_address>
         <run_address>0x20005db4</run_address>
         <size>0x1f4</size>
         <input_file_ref idref="fl-14f"/>
      </object_component>
      <object_component id="oc-146">
         <name>.text</name>
         <load_address>0x20005fa8</load_address>
         <run_address>0x20005fa8</run_address>
         <size>0x1b6</size>
         <input_file_ref idref="fl-131"/>
      </object_component>
      <object_component id="oc-e4">
         <name>.text:PRCMCC3200MCUInit</name>
         <load_address>0x20006160</load_address>
         <run_address>0x20006160</run_address>
         <size>0x178</size>
         <input_file_ref idref="fl-15d"/>
      </object_component>
      <object_component id="oc-141">
         <name>.text</name>
         <load_address>0x200062d8</load_address>
         <run_address>0x200062d8</run_address>
         <size>0x136</size>
         <input_file_ref idref="fl-132"/>
      </object_component>
      <object_component id="oc-2e2">
         <name>.text</name>
         <load_address>0x20006410</load_address>
         <run_address>0x20006410</run_address>
         <size>0x110</size>
         <input_file_ref idref="fl-151"/>
      </object_component>
      <object_component id="oc-13c">
         <name>.text</name>
         <load_address>0x20006520</load_address>
         <run_address>0x20006520</run_address>
         <size>0xfc</size>
         <input_file_ref idref="fl-133"/>
      </object_component>
      <object_component id="oc-307">
         <name>.text</name>
         <load_address>0x2000661c</load_address>
         <run_address>0x2000661c</run_address>
         <size>0xbe</size>
         <input_file_ref idref="fl-159"/>
      </object_component>
      <object_component id="oc-de">
         <name>.text:IntEnable</name>
         <load_address>0x200066dc</load_address>
         <run_address>0x200066dc</run_address>
         <size>0xa8</size>
         <input_file_ref idref="fl-15b"/>
      </object_component>
      <object_component id="oc-102">
         <name>.text:SPIConfigSetExpClk</name>
         <load_address>0x20006784</load_address>
         <run_address>0x20006784</run_address>
         <size>0xa0</size>
         <input_file_ref idref="fl-15e"/>
      </object_component>
      <object_component id="oc-36">
         <name>.text</name>
         <load_address>0x20006824</load_address>
         <run_address>0x20006824</run_address>
         <size>0x9c</size>
         <input_file_ref idref="fl-138"/>
      </object_component>
      <object_component id="oc-fc">
         <name>.text:PRCMPeripheralClockGet</name>
         <load_address>0x200068c0</load_address>
         <run_address>0x200068c0</run_address>
         <size>0x94</size>
         <input_file_ref idref="fl-15d"/>
      </object_component>
      <object_component id="oc-150">
         <name>.text</name>
         <load_address>0x20006954</load_address>
         <run_address>0x20006954</run_address>
         <size>0x92</size>
         <input_file_ref idref="fl-136"/>
      </object_component>
      <object_component id="oc-265">
         <name>.text:PinConfigSet</name>
         <load_address>0x200069e8</load_address>
         <run_address>0x200069e8</run_address>
         <size>0x88</size>
         <input_file_ref idref="fl-15c"/>
      </object_component>
      <object_component id="oc-199">
         <name>.text</name>
         <load_address>0x20006a70</load_address>
         <run_address>0x20006a70</run_address>
         <size>0x88</size>
         <input_file_ref idref="fl-140"/>
      </object_component>
      <object_component id="oc-280">
         <name>.text:__aeabi_cdcmple</name>
         <load_address>0x20006af8</load_address>
         <run_address>0x20006af8</run_address>
         <size>0x86</size>
         <input_file_ref idref="fl-148"/>
      </object_component>
      <object_component id="oc-285">
         <name>.text:__aeabi_cdrcmple</name>
         <load_address>0x20006b7e</load_address>
         <run_address>0x20006b7e</run_address>
         <size>0x86</size>
         <input_file_ref idref="fl-148"/>
      </object_component>
      <object_component id="oc-4f">
         <name>.text</name>
         <load_address>0x20006c04</load_address>
         <run_address>0x20006c04</run_address>
         <size>0x7a</size>
         <input_file_ref idref="fl-13b"/>
      </object_component>
      <object_component id="oc-18d">
         <name>.text:UARTConfigSetExpClk</name>
         <load_address>0x20006c7e</load_address>
         <run_address>0x20006c7e</run_address>
         <size>0x76</size>
         <input_file_ref idref="fl-15f"/>
      </object_component>
      <object_component id="oc-61">
         <name>.text</name>
         <load_address>0x20006cf4</load_address>
         <run_address>0x20006cf4</run_address>
         <size>0x6c</size>
         <input_file_ref idref="fl-145"/>
      </object_component>
      <object_component id="oc-42">
         <name>.text</name>
         <load_address>0x20006d60</load_address>
         <run_address>0x20006d60</run_address>
         <size>0x6a</size>
         <input_file_ref idref="fl-12e"/>
      </object_component>
      <object_component id="oc-2da">
         <name>.text</name>
         <load_address>0x20006dca</load_address>
         <run_address>0x20006dca</run_address>
         <size>0x66</size>
         <input_file_ref idref="fl-152"/>
      </object_component>
      <object_component id="oc-f6">
         <name>.text:PRCMPeripheralReset</name>
         <load_address>0x20006e30</load_address>
         <run_address>0x20006e30</run_address>
         <size>0x58</size>
         <input_file_ref idref="fl-15d"/>
      </object_component>
      <object_component id="oc-28a">
         <name>.text</name>
         <load_address>0x20006e88</load_address>
         <run_address>0x20006e88</run_address>
         <size>0x56</size>
         <input_file_ref idref="fl-14c"/>
      </object_component>
      <object_component id="oc-ea">
         <name>.text</name>
         <load_address>0x20006ede</load_address>
         <run_address>0x20006ede</run_address>
         <size>0x4c</size>
         <input_file_ref idref="fl-3"/>
      </object_component>
      <object_component id="oc-2b3">
         <name>.text</name>
         <load_address>0x20006f2c</load_address>
         <run_address>0x20006f2c</run_address>
         <size>0x4c</size>
         <input_file_ref idref="fl-144"/>
      </object_component>
      <object_component id="oc-97">
         <name>.text</name>
         <load_address>0x20006f78</load_address>
         <run_address>0x20006f78</run_address>
         <size>0x4c</size>
         <input_file_ref idref="fl-146"/>
      </object_component>
      <object_component id="oc-155">
         <name>.text</name>
         <load_address>0x20006fc4</load_address>
         <run_address>0x20006fc4</run_address>
         <size>0x48</size>
         <input_file_ref idref="fl-134"/>
      </object_component>
      <object_component id="oc-14b">
         <name>.text</name>
         <load_address>0x2000700c</load_address>
         <run_address>0x2000700c</run_address>
         <size>0x48</size>
         <input_file_ref idref="fl-135"/>
      </object_component>
      <object_component id="oc-29b">
         <name>.text</name>
         <load_address>0x20007054</load_address>
         <run_address>0x20007054</run_address>
         <size>0x46</size>
         <input_file_ref idref="fl-14b"/>
      </object_component>
      <object_component id="oc-6d">
         <name>.text</name>
         <load_address>0x2000709c</load_address>
         <run_address>0x2000709c</run_address>
         <size>0x44</size>
         <input_file_ref idref="fl-130"/>
      </object_component>
      <object_component id="oc-25f">
         <name>.text:PinModeSet</name>
         <load_address>0x200070e0</load_address>
         <run_address>0x200070e0</run_address>
         <size>0x40</size>
         <input_file_ref idref="fl-15c"/>
      </object_component>
      <object_component id="oc-34c">
         <name>.text</name>
         <load_address>0x20007120</load_address>
         <run_address>0x20007120</run_address>
         <size>0x40</size>
         <input_file_ref idref="fl-158"/>
      </object_component>
      <object_component id="oc-f0">
         <name>.text:PRCMPeripheralClkEnable</name>
         <load_address>0x20007160</load_address>
         <run_address>0x20007160</run_address>
         <size>0x3c</size>
         <input_file_ref idref="fl-15d"/>
      </object_component>
      <object_component id="oc-24">
         <name>.text</name>
         <load_address>0x2000719c</load_address>
         <run_address>0x2000719c</run_address>
         <size>0x3c</size>
         <input_file_ref idref="fl-12c"/>
      </object_component>
      <object_component id="oc-12c">
         <name>.text:ADCChannelDisable</name>
         <load_address>0x200071d8</load_address>
         <run_address>0x200071d8</run_address>
         <size>0x38</size>
         <input_file_ref idref="fl-15a"/>
      </object_component>
      <object_component id="oc-11a">
         <name>.text:ADCChannelEnable</name>
         <load_address>0x20007210</load_address>
         <run_address>0x20007210</run_address>
         <size>0x38</size>
         <input_file_ref idref="fl-15a"/>
      </object_component>
      <object_component id="oc-137">
         <name>.text</name>
         <load_address>0x20007248</load_address>
         <run_address>0x20007248</run_address>
         <size>0x38</size>
         <input_file_ref idref="fl-137"/>
      </object_component>
      <object_component id="oc-316">
         <name>.text</name>
         <load_address>0x20007280</load_address>
         <run_address>0x20007280</run_address>
         <size>0x34</size>
         <input_file_ref idref="fl-156"/>
      </object_component>
      <object_component id="oc-22a">
         <name>.text:UARTDisable</name>
         <load_address>0x200072b4</load_address>
         <run_address>0x200072b4</run_address>
         <size>0x30</size>
         <input_file_ref idref="fl-15f"/>
      </object_component>
      <object_component id="oc-2e8">
         <name>.text</name>
         <load_address>0x200072e4</load_address>
         <run_address>0x200072e4</run_address>
         <size>0x30</size>
         <input_file_ref idref="fl-153"/>
      </object_component>
      <object_component id="oc-290">
         <name>.text</name>
         <load_address>0x20007314</load_address>
         <run_address>0x20007314</run_address>
         <size>0x2e</size>
         <input_file_ref idref="fl-14a"/>
      </object_component>
      <object_component id="oc-33c">
         <name>.text</name>
         <load_address>0x20007342</load_address>
         <run_address>0x20007342</run_address>
         <size>0x2e</size>
         <input_file_ref idref="fl-157"/>
      </object_component>
      <object_component id="oc-1dc">
         <name>.text:PRCMSysResetCauseGet</name>
         <load_address>0x20007370</load_address>
         <run_address>0x20007370</run_address>
         <size>0x2c</size>
         <input_file_ref idref="fl-15d"/>
      </object_component>
      <object_component id="oc-2a7">
         <name>.text</name>
         <load_address>0x2000739c</load_address>
         <run_address>0x2000739c</run_address>
         <size>0x2a</size>
         <input_file_ref idref="fl-150"/>
      </object_component>
      <object_component id="oc-1ee">
         <name>.text:PRCMPeripheralClkDisable</name>
         <load_address>0x200073c8</load_address>
         <run_address>0x200073c8</run_address>
         <size>0x28</size>
         <input_file_ref idref="fl-15d"/>
      </object_component>
      <object_component id="oc-230">
         <name>.text:UARTEnable</name>
         <load_address>0x200073f0</load_address>
         <run_address>0x200073f0</run_address>
         <size>0x24</size>
         <input_file_ref idref="fl-15f"/>
      </object_component>
      <object_component id="oc-1b1">
         <name>.text</name>
         <load_address>0x20007414</load_address>
         <run_address>0x20007414</run_address>
         <size>0x24</size>
         <input_file_ref idref="fl-139"/>
      </object_component>
      <object_component id="oc-132">
         <name>.text</name>
         <load_address>0x20007438</load_address>
         <run_address>0x20007438</run_address>
         <size>0x24</size>
         <input_file_ref idref="fl-13f"/>
      </object_component>
      <object_component id="oc-295">
         <name>.text</name>
         <load_address>0x2000745c</load_address>
         <run_address>0x2000745c</run_address>
         <size>0x22</size>
         <input_file_ref idref="fl-149"/>
      </object_component>
      <object_component id="oc-160">
         <name>.text:SPIDataGet</name>
         <load_address>0x2000747e</load_address>
         <run_address>0x2000747e</run_address>
         <size>0x20</size>
         <input_file_ref idref="fl-15e"/>
      </object_component>
      <object_component id="oc-15a">
         <name>.text:SPIDataPut</name>
         <load_address>0x2000749e</load_address>
         <run_address>0x2000749e</run_address>
         <size>0x1e</size>
         <input_file_ref idref="fl-15e"/>
      </object_component>
      <object_component id="oc-193">
         <name>.text:UARTCharPut</name>
         <load_address>0x200074bc</load_address>
         <run_address>0x200074bc</run_address>
         <size>0x1e</size>
         <input_file_ref idref="fl-15f"/>
      </object_component>
      <object_component id="oc-120">
         <name>.text:ADCFIFOLvlGet</name>
         <load_address>0x200074da</load_address>
         <run_address>0x200074da</run_address>
         <size>0x1c</size>
         <input_file_ref idref="fl-15a"/>
      </object_component>
      <object_component id="oc-1a5">
         <name>.text:UARTCharGetNonBlocking</name>
         <load_address>0x200074f6</load_address>
         <run_address>0x200074f6</run_address>
         <size>0x1c</size>
         <input_file_ref idref="fl-15f"/>
      </object_component>
      <object_component id="oc-2ad">
         <name>.text</name>
         <load_address>0x20007512</load_address>
         <run_address>0x20007512</run_address>
         <size>0x1c</size>
         <input_file_ref idref="fl-14d"/>
      </object_component>
      <object_component id="oc-1f5">
         <name>.text:PinTypeSPI</name>
         <load_address>0x2000752e</load_address>
         <run_address>0x2000752e</run_address>
         <size>0x1a</size>
         <input_file_ref idref="fl-15c"/>
      </object_component>
      <object_component id="oc-201">
         <name>.text:PinTypeUART</name>
         <load_address>0x20007548</load_address>
         <run_address>0x20007548</run_address>
         <size>0x1a</size>
         <input_file_ref idref="fl-15c"/>
      </object_component>
      <object_component id="oc-126">
         <name>.text:ADCFIFORead</name>
         <load_address>0x20007562</load_address>
         <run_address>0x20007562</run_address>
         <size>0x18</size>
         <input_file_ref idref="fl-15a"/>
      </object_component>
      <object_component id="oc-166">
         <name>.text:SPICSDisable</name>
         <load_address>0x2000757a</load_address>
         <run_address>0x2000757a</run_address>
         <size>0x18</size>
         <input_file_ref idref="fl-15e"/>
      </object_component>
      <object_component id="oc-10e">
         <name>.text:SPICSEnable</name>
         <load_address>0x20007592</load_address>
         <run_address>0x20007592</run_address>
         <size>0x18</size>
         <input_file_ref idref="fl-15e"/>
      </object_component>
      <object_component id="oc-108">
         <name>.text:SPIEnable</name>
         <load_address>0x200075aa</load_address>
         <run_address>0x200075aa</run_address>
         <size>0x18</size>
         <input_file_ref idref="fl-15e"/>
      </object_component>
      <object_component id="oc-19f">
         <name>.text:UARTCharsAvail</name>
         <load_address>0x200075c2</load_address>
         <run_address>0x200075c2</run_address>
         <size>0x18</size>
         <input_file_ref idref="fl-15f"/>
      </object_component>
      <object_component id="oc-67">
         <name>.text</name>
         <load_address>0x200075dc</load_address>
         <run_address>0x200075dc</run_address>
         <size>0x18</size>
         <input_file_ref idref="fl-143"/>
      </object_component>
      <object_component id="oc-1e2">
         <name>.text:PRCMHIBRegRead</name>
         <load_address>0x200075f4</load_address>
         <run_address>0x200075f4</run_address>
         <size>0x16</size>
         <input_file_ref idref="fl-15d"/>
      </object_component>
      <object_component id="oc-1e8">
         <name>.text:PRCMHIBRegWrite</name>
         <load_address>0x2000760a</load_address>
         <run_address>0x2000760a</run_address>
         <size>0x16</size>
         <input_file_ref idref="fl-15d"/>
      </object_component>
      <object_component id="oc-2a1">
         <name>.text</name>
         <load_address>0x20007620</load_address>
         <run_address>0x20007620</run_address>
         <size>0x16</size>
         <input_file_ref idref="fl-14e"/>
      </object_component>
      <object_component id="oc-114">
         <name>.text:ADCEnable</name>
         <load_address>0x20007636</load_address>
         <run_address>0x20007636</run_address>
         <size>0x14</size>
         <input_file_ref idref="fl-15a"/>
      </object_component>
      <object_component id="oc-1cc">
         <name>.text:CPUcpsie</name>
         <load_address>0x2000764a</load_address>
         <run_address>0x2000764a</run_address>
         <size>0x14</size>
         <input_file_ref idref="fl-161"/>
      </object_component>
      <object_component id="oc-d2">
         <name>.text:IntVTableBaseSet</name>
         <load_address>0x20007660</load_address>
         <run_address>0x20007660</run_address>
         <size>0x14</size>
         <input_file_ref idref="fl-15b"/>
      </object_component>
      <object_component id="oc-1fb">
         <name>.text:PinTypeADC</name>
         <load_address>0x20007674</load_address>
         <run_address>0x20007674</run_address>
         <size>0x14</size>
         <input_file_ref idref="fl-15c"/>
      </object_component>
      <object_component id="oc-178">
         <name>.text</name>
         <load_address>0x20007688</load_address>
         <run_address>0x20007688</run_address>
         <size>0x14</size>
         <input_file_ref idref="fl-141"/>
      </object_component>
      <object_component id="oc-1ab">
         <name>.text</name>
         <load_address>0x2000769c</load_address>
         <run_address>0x2000769c</run_address>
         <size>0x14</size>
         <input_file_ref idref="fl-13e"/>
      </object_component>
      <object_component id="oc-12">
         <name>.text:decompress:none</name>
         <load_address>0x200076b0</load_address>
         <run_address>0x200076b0</run_address>
         <size>0xe</size>
         <input_file_ref idref="fl-12d"/>
      </object_component>
      <object_component id="oc-2d">
         <name>.text</name>
         <load_address>0x200076be</load_address>
         <run_address>0x200076be</run_address>
         <size>0xe</size>
         <input_file_ref idref="fl-4"/>
      </object_component>
      <object_component id="oc-1e">
         <name>.text:decompress:ZI</name>
         <load_address>0x200076cc</load_address>
         <run_address>0x200076cc</run_address>
         <size>0xc</size>
         <input_file_ref idref="fl-12f"/>
      </object_component>
      <object_component id="oc-d8">
         <name>.text:IntMasterEnable</name>
         <load_address>0x200076d8</load_address>
         <run_address>0x200076d8</run_address>
         <size>0xa</size>
         <input_file_ref idref="fl-15b"/>
      </object_component>
      <object_component id="oc-25b">
         <name>.text:UtilsDelay</name>
         <load_address>0x200076e2</load_address>
         <run_address>0x200076e2</run_address>
         <size>0x6</size>
         <input_file_ref idref="fl-160"/>
      </object_component>
      <object_component id="oc-18">
         <name>.text:decompress:rle24</name>
         <load_address>0x200076e8</load_address>
         <run_address>0x200076e8</run_address>
         <size>0x6</size>
         <input_file_ref idref="fl-12e"/>
      </object_component>
      <object_component id="oc-5b">
         <name>.text</name>
         <load_address>0x200076ee</load_address>
         <run_address>0x200076ee</run_address>
         <size>0x4</size>
         <input_file_ref idref="fl-13c"/>
      </object_component>
      <object_component id="oc-2f6">
         <name>.const:.string:_ctypes_</name>
         <load_address>0x200076f4</load_address>
         <run_address>0x200076f4</run_address>
         <size>0x101</size>
         <input_file_ref idref="fl-147"/>
      </object_component>
      <object_component id="oc-2cf">
         <name>.const:g_ulPinToPadMap</name>
         <load_address>0x200077f8</load_address>
         <run_address>0x200077f8</run_address>
         <size>0x100</size>
         <input_file_ref idref="fl-15c"/>
      </object_component>
      <object_component id="oc-208">
         <name>.const:PRCM_PeriphRegsList</name>
         <load_address>0x200078f8</load_address>
         <run_address>0x200078f8</run_address>
         <size>0xa8</size>
         <input_file_ref idref="fl-15d"/>
      </object_component>
      <object_component id="oc-1d8">
         <name>.const</name>
         <load_address>0x200079a0</load_address>
         <run_address>0x200079a0</run_address>
         <size>0x80</size>
         <input_file_ref idref="fl-15b"/>
      </object_component>
      <object_component id="oc-392">
         <name>.cinit..data.load</name>
         <load_address>0x20007a20</load_address>
         <run_address>0x20007a20</run_address>
         <size>0x4e</size>
      </object_component>
      <object_component id="oc-390">
         <name>__TI_handler_table</name>
         <load_address>0x20007a70</load_address>
         <run_address>0x20007a70</run_address>
         <size>0xc</size>
      </object_component>
      <object_component id="oc-393">
         <name>.cinit..bss.load</name>
         <load_address>0x20007a80</load_address>
         <run_address>0x20007a80</run_address>
         <size>0x8</size>
      </object_component>
      <object_component id="oc-391">
         <name>__TI_cinit_table</name>
         <load_address>0x20007a88</load_address>
         <run_address>0x20007a88</run_address>
         <size>0x10</size>
      </object_component>
      <object_component id="oc-2a">
         <name>.sysmem</name>
         <uninitialized>true</uninitialized>
         <run_address>0x20017000</run_address>
         <size>0x8</size>
         <input_file_ref idref="fl-13a"/>
      </object_component>
      <object_component id="oc-395">
         <name>.sysmem</name>
         <uninitialized>true</uninitialized>
         <run_address>0x20017000</run_address>
         <size>0x0</size>
      </object_component>
      <object_component id="oc-29">
         <name>.stack</name>
         <uninitialized>true</uninitialized>
         <run_address>0x2002f000</run_address>
         <size>0x0</size>
         <input_file_ref idref="fl-12c"/>
      </object_component>
      <object_component id="oc-394">
         <name>.stack</name>
         <uninitialized>true</uninitialized>
         <run_address>0x2002f000</run_address>
         <size>0x0</size>
      </object_component>
      <object_component id="oc-16c">
         <name>.bss:pulAdcSamples</name>
         <uninitialized>true</uninitialized>
         <run_address>0x2001f000</run_address>
         <size>0x4000</size>
         <input_file_ref idref="fl-2"/>
      </object_component>
      <object_component id="oc-1bd">
         <name>.common:__Errorlog</name>
         <uninitialized>true</uninitialized>
         <run_address>0x20023000</run_address>
         <size>0x4</size>
      </object_component>
      <object_component id="oc-aa">
         <name>.data</name>
         <load_address>0x2002314c</load_address>
         <run_address>0x2002314c</run_address>
         <size>0x8</size>
         <input_file_ref idref="fl-130"/>
      </object_component>
      <object_component id="oc-250">
         <name>.data</name>
         <load_address>0x20023138</load_address>
         <run_address>0x20023138</run_address>
         <size>0xc</size>
         <input_file_ref idref="fl-13a"/>
      </object_component>
      <object_component id="oc-73">
         <name>.data</name>
         <load_address>0x20023160</load_address>
         <run_address>0x20023160</run_address>
         <size>0x4</size>
         <input_file_ref idref="fl-13d"/>
      </object_component>
      <object_component id="oc-a7">
         <name>.data</name>
         <load_address>0x20023144</load_address>
         <run_address>0x20023144</run_address>
         <size>0x8</size>
         <input_file_ref idref="fl-141"/>
      </object_component>
      <object_component id="oc-311">
         <name>.data</name>
         <load_address>0x200230b8</load_address>
         <run_address>0x200230b8</run_address>
         <size>0x80</size>
         <input_file_ref idref="fl-154"/>
      </object_component>
      <object_component id="oc-31c">
         <name>.data</name>
         <load_address>0x2002315c</load_address>
         <run_address>0x2002315c</run_address>
         <size>0x4</size>
         <input_file_ref idref="fl-155"/>
      </object_component>
      <object_component id="oc-342">
         <name>.data</name>
         <load_address>0x20023154</load_address>
         <run_address>0x20023154</run_address>
         <size>0x8</size>
         <input_file_ref idref="fl-156"/>
      </object_component>
      <object_component id="oc-35d">
         <name>.data:sigtable</name>
         <load_address>0x20023008</load_address>
         <run_address>0x20023008</run_address>
         <size>0xb0</size>
         <input_file_ref idref="fl-158"/>
      </object_component>
      <object_component id="oc-170">
         <name>.debug_info</name>
         <load_address>0x0</load_address>
         <run_address>0x0</run_address>
         <size>0x515</size>
         <input_file_ref idref="fl-2"/>
      </object_component>
      <object_component id="oc-16d">
         <name>.debug_info</name>
         <load_address>0x515</load_address>
         <run_address>0x515</run_address>
         <size>0xd7</size>
         <input_file_ref idref="fl-2"/>
      </object_component>
      <object_component id="oc-a0">
         <name>.debug_info</name>
         <load_address>0x5ec</load_address>
         <run_address>0x5ec</run_address>
         <size>0x5c2</size>
         <input_file_ref idref="fl-2"/>
      </object_component>
      <object_component id="oc-272">
         <name>.debug_info</name>
         <load_address>0xbae</load_address>
         <run_address>0xbae</run_address>
         <size>0x62</size>
         <input_file_ref idref="fl-2"/>
      </object_component>
      <object_component id="oc-7e">
         <name>.debug_info</name>
         <load_address>0xc10</load_address>
         <run_address>0xc10</run_address>
         <size>0x84</size>
         <input_file_ref idref="fl-2"/>
      </object_component>
      <object_component id="oc-1d3">
         <name>.debug_info</name>
         <load_address>0xc94</load_address>
         <run_address>0xc94</run_address>
         <size>0x2c</size>
         <input_file_ref idref="fl-2"/>
      </object_component>
      <object_component id="oc-8e">
         <name>.debug_info</name>
         <load_address>0xcc0</load_address>
         <run_address>0xcc0</run_address>
         <size>0x2c</size>
         <input_file_ref idref="fl-2"/>
      </object_component>
      <object_component id="oc-1c1">
         <name>.debug_info</name>
         <load_address>0xcec</load_address>
         <run_address>0xcec</run_address>
         <size>0x4e</size>
         <input_file_ref idref="fl-2"/>
      </object_component>
      <object_component id="oc-eb">
         <name>.debug_info</name>
         <load_address>0xd3a</load_address>
         <run_address>0xd3a</run_address>
         <size>0x1df</size>
         <input_file_ref idref="fl-3"/>
      </object_component>
      <object_component id="oc-35">
         <name>.debug_info</name>
         <load_address>0xf19</load_address>
         <run_address>0xf19</run_address>
         <size>0x124</size>
         <input_file_ref idref="fl-4"/>
      </object_component>
      <object_component id="oc-10">
         <name>.debug_info</name>
         <load_address>0x103d</load_address>
         <run_address>0x103d</run_address>
         <size>0x109</size>
         <input_file_ref idref="fl-4"/>
      </object_component>
      <object_component id="oc-2e">
         <name>.debug_info</name>
         <load_address>0x1146</load_address>
         <run_address>0x1146</run_address>
         <size>0x42a</size>
         <input_file_ref idref="fl-4"/>
      </object_component>
      <object_component id="oc-1be">
         <name>.debug_info</name>
         <load_address>0x1570</load_address>
         <run_address>0x1570</run_address>
         <size>0x3a4</size>
         <input_file_ref idref="fl-5"/>
      </object_component>
      <object_component id="oc-cd">
         <name>.debug_info</name>
         <load_address>0x1914</load_address>
         <run_address>0x1914</run_address>
         <size>0x8dd</size>
         <input_file_ref idref="fl-5"/>
      </object_component>
      <object_component id="oc-1c6">
         <name>.debug_info</name>
         <load_address>0x21f1</load_address>
         <run_address>0x21f1</run_address>
         <size>0x110</size>
         <input_file_ref idref="fl-5"/>
      </object_component>
      <object_component id="oc-27">
         <name>.debug_info</name>
         <load_address>0x2301</load_address>
         <run_address>0x2301</run_address>
         <size>0x11c</size>
         <input_file_ref idref="fl-12c"/>
      </object_component>
      <object_component id="oc-41">
         <name>.debug_info</name>
         <load_address>0x241d</load_address>
         <run_address>0x241d</run_address>
         <size>0x109</size>
         <input_file_ref idref="fl-12d"/>
      </object_component>
      <object_component id="oc-15">
         <name>.debug_info</name>
         <load_address>0x2526</load_address>
         <run_address>0x2526</run_address>
         <size>0x1a8</size>
         <input_file_ref idref="fl-12d"/>
      </object_component>
      <object_component id="oc-3c">
         <name>.debug_info</name>
         <load_address>0x26ce</load_address>
         <run_address>0x26ce</run_address>
         <size>0x46</size>
         <input_file_ref idref="fl-12d"/>
      </object_component>
      <object_component id="oc-84">
         <name>.debug_info</name>
         <load_address>0x2714</load_address>
         <run_address>0x2714</run_address>
         <size>0x2c</size>
         <input_file_ref idref="fl-12d"/>
      </object_component>
      <object_component id="oc-49">
         <name>.debug_info</name>
         <load_address>0x2740</load_address>
         <run_address>0x2740</run_address>
         <size>0xfd</size>
         <input_file_ref idref="fl-12e"/>
      </object_component>
      <object_component id="oc-44">
         <name>.debug_info</name>
         <load_address>0x283d</load_address>
         <run_address>0x283d</run_address>
         <size>0x210</size>
         <input_file_ref idref="fl-12e"/>
      </object_component>
      <object_component id="oc-1a">
         <name>.debug_info</name>
         <load_address>0x2a4d</load_address>
         <run_address>0x2a4d</run_address>
         <size>0x17a</size>
         <input_file_ref idref="fl-12e"/>
      </object_component>
      <object_component id="oc-4a">
         <name>.debug_info</name>
         <load_address>0x2bc7</load_address>
         <run_address>0x2bc7</run_address>
         <size>0x39</size>
         <input_file_ref idref="fl-12e"/>
      </object_component>
      <object_component id="oc-5a">
         <name>.debug_info</name>
         <load_address>0x2c00</load_address>
         <run_address>0x2c00</run_address>
         <size>0xf8</size>
         <input_file_ref idref="fl-12f"/>
      </object_component>
      <object_component id="oc-1f">
         <name>.debug_info</name>
         <load_address>0x2cf8</load_address>
         <run_address>0x2cf8</run_address>
         <size>0x173</size>
         <input_file_ref idref="fl-12f"/>
      </object_component>
      <object_component id="oc-55">
         <name>.debug_info</name>
         <load_address>0x2e6b</load_address>
         <run_address>0x2e6b</run_address>
         <size>0x46</size>
         <input_file_ref idref="fl-12f"/>
      </object_component>
      <object_component id="oc-ae">
         <name>.debug_info</name>
         <load_address>0x2eb1</load_address>
         <run_address>0x2eb1</run_address>
         <size>0x15a</size>
         <input_file_ref idref="fl-130"/>
      </object_component>
      <object_component id="oc-ab">
         <name>.debug_info</name>
         <load_address>0x300b</load_address>
         <run_address>0x300b</run_address>
         <size>0xff</size>
         <input_file_ref idref="fl-130"/>
      </object_component>
      <object_component id="oc-6f">
         <name>.debug_info</name>
         <load_address>0x310a</load_address>
         <run_address>0x310a</run_address>
         <size>0x1d6</size>
         <input_file_ref idref="fl-130"/>
      </object_component>
      <object_component id="oc-147">
         <name>.debug_info</name>
         <load_address>0x32e0</load_address>
         <run_address>0x32e0</run_address>
         <size>0x111</size>
         <input_file_ref idref="fl-131"/>
      </object_component>
      <object_component id="oc-142">
         <name>.debug_info</name>
         <load_address>0x33f1</load_address>
         <run_address>0x33f1</run_address>
         <size>0xff</size>
         <input_file_ref idref="fl-132"/>
      </object_component>
      <object_component id="oc-13e">
         <name>.debug_info</name>
         <load_address>0x34f0</load_address>
         <run_address>0x34f0</run_address>
         <size>0xff</size>
         <input_file_ref idref="fl-133"/>
      </object_component>
      <object_component id="oc-156">
         <name>.debug_info</name>
         <load_address>0x35ef</load_address>
         <run_address>0x35ef</run_address>
         <size>0xf3</size>
         <input_file_ref idref="fl-134"/>
      </object_component>
      <object_component id="oc-14c">
         <name>.debug_info</name>
         <load_address>0x36e2</load_address>
         <run_address>0x36e2</run_address>
         <size>0xfa</size>
         <input_file_ref idref="fl-135"/>
      </object_component>
      <object_component id="oc-151">
         <name>.debug_info</name>
         <load_address>0x37dc</load_address>
         <run_address>0x37dc</run_address>
         <size>0xff</size>
         <input_file_ref idref="fl-136"/>
      </object_component>
      <object_component id="oc-138">
         <name>.debug_info</name>
         <load_address>0x38db</load_address>
         <run_address>0x38db</run_address>
         <size>0xf1</size>
         <input_file_ref idref="fl-137"/>
      </object_component>
      <object_component id="oc-37">
         <name>.debug_info</name>
         <load_address>0x39cc</load_address>
         <run_address>0x39cc</run_address>
         <size>0xde</size>
         <input_file_ref idref="fl-138"/>
      </object_component>
      <object_component id="oc-24f">
         <name>.debug_info</name>
         <load_address>0x3aaa</load_address>
         <run_address>0x3aaa</run_address>
         <size>0xf5</size>
         <input_file_ref idref="fl-139"/>
      </object_component>
      <object_component id="oc-1b2">
         <name>.debug_info</name>
         <load_address>0x3b9f</load_address>
         <run_address>0x3b9f</run_address>
         <size>0x174</size>
         <input_file_ref idref="fl-139"/>
      </object_component>
      <object_component id="oc-79">
         <name>.debug_info</name>
         <load_address>0x3d13</load_address>
         <run_address>0x3d13</run_address>
         <size>0x1eb</size>
         <input_file_ref idref="fl-13a"/>
      </object_component>
      <object_component id="oc-2b">
         <name>.debug_info</name>
         <load_address>0x3efe</load_address>
         <run_address>0x3efe</run_address>
         <size>0xca</size>
         <input_file_ref idref="fl-13a"/>
      </object_component>
      <object_component id="oc-251">
         <name>.debug_info</name>
         <load_address>0x3fc8</load_address>
         <run_address>0x3fc8</run_address>
         <size>0x115</size>
         <input_file_ref idref="fl-13a"/>
      </object_component>
      <object_component id="oc-1b8">
         <name>.debug_info</name>
         <load_address>0x40dd</load_address>
         <run_address>0x40dd</run_address>
         <size>0x854</size>
         <input_file_ref idref="fl-13a"/>
      </object_component>
      <object_component id="oc-b4">
         <name>.debug_info</name>
         <load_address>0x4931</load_address>
         <run_address>0x4931</run_address>
         <size>0x2c</size>
         <input_file_ref idref="fl-13a"/>
      </object_component>
      <object_component id="oc-b9">
         <name>.debug_info</name>
         <load_address>0x495d</load_address>
         <run_address>0x495d</run_address>
         <size>0x62</size>
         <input_file_ref idref="fl-13a"/>
      </object_component>
      <object_component id="oc-50">
         <name>.debug_info</name>
         <load_address>0x49bf</load_address>
         <run_address>0x49bf</run_address>
         <size>0x10c</size>
         <input_file_ref idref="fl-13b"/>
      </object_component>
      <object_component id="oc-5d">
         <name>.debug_info</name>
         <load_address>0x4acb</load_address>
         <run_address>0x4acb</run_address>
         <size>0x111</size>
         <input_file_ref idref="fl-13c"/>
      </object_component>
      <object_component id="oc-74">
         <name>.debug_info</name>
         <load_address>0x4bdc</load_address>
         <run_address>0x4bdc</run_address>
         <size>0xd2</size>
         <input_file_ref idref="fl-13d"/>
      </object_component>
      <object_component id="oc-24d">
         <name>.debug_info</name>
         <load_address>0x4cae</load_address>
         <run_address>0x4cae</run_address>
         <size>0xb3</size>
         <input_file_ref idref="fl-13e"/>
      </object_component>
      <object_component id="oc-1ac">
         <name>.debug_info</name>
         <load_address>0x4d61</load_address>
         <run_address>0x4d61</run_address>
         <size>0x193</size>
         <input_file_ref idref="fl-13e"/>
      </object_component>
      <object_component id="oc-135">
         <name>.debug_info</name>
         <load_address>0x4ef4</load_address>
         <run_address>0x4ef4</run_address>
         <size>0xf0</size>
         <input_file_ref idref="fl-13f"/>
      </object_component>
      <object_component id="oc-23f">
         <name>.debug_info</name>
         <load_address>0x4fe4</load_address>
         <run_address>0x4fe4</run_address>
         <size>0x191</size>
         <input_file_ref idref="fl-140"/>
      </object_component>
      <object_component id="oc-19a">
         <name>.debug_info</name>
         <load_address>0x5175</load_address>
         <run_address>0x5175</run_address>
         <size>0x325</size>
         <input_file_ref idref="fl-140"/>
      </object_component>
      <object_component id="oc-240">
         <name>.debug_info</name>
         <load_address>0x549a</load_address>
         <run_address>0x549a</run_address>
         <size>0x2c</size>
         <input_file_ref idref="fl-140"/>
      </object_component>
      <object_component id="oc-245">
         <name>.debug_info</name>
         <load_address>0x54c6</load_address>
         <run_address>0x54c6</run_address>
         <size>0x69</size>
         <input_file_ref idref="fl-140"/>
      </object_component>
      <object_component id="oc-180">
         <name>.debug_info</name>
         <load_address>0x552f</load_address>
         <run_address>0x552f</run_address>
         <size>0xed</size>
         <input_file_ref idref="fl-141"/>
      </object_component>
      <object_component id="oc-a8">
         <name>.debug_info</name>
         <load_address>0x561c</load_address>
         <run_address>0x561c</run_address>
         <size>0xdc</size>
         <input_file_ref idref="fl-141"/>
      </object_component>
      <object_component id="oc-17a">
         <name>.debug_info</name>
         <load_address>0x56f8</load_address>
         <run_address>0x56f8</run_address>
         <size>0x1e8</size>
         <input_file_ref idref="fl-141"/>
      </object_component>
      <object_component id="oc-2ba">
         <name>.debug_info</name>
         <load_address>0x58e0</load_address>
         <run_address>0x58e0</run_address>
         <size>0x320</size>
         <input_file_ref idref="fl-142"/>
      </object_component>
      <object_component id="oc-239">
         <name>.debug_info</name>
         <load_address>0x5c00</load_address>
         <run_address>0x5c00</run_address>
         <size>0x17d0</size>
         <input_file_ref idref="fl-142"/>
      </object_component>
      <object_component id="oc-2bb">
         <name>.debug_info</name>
         <load_address>0x73d0</load_address>
         <run_address>0x73d0</run_address>
         <size>0x86</size>
         <input_file_ref idref="fl-142"/>
      </object_component>
      <object_component id="oc-2fd">
         <name>.debug_info</name>
         <load_address>0x7456</load_address>
         <run_address>0x7456</run_address>
         <size>0x46</size>
         <input_file_ref idref="fl-142"/>
      </object_component>
      <object_component id="oc-2c0">
         <name>.debug_info</name>
         <load_address>0x749c</load_address>
         <run_address>0x749c</run_address>
         <size>0x39</size>
         <input_file_ref idref="fl-142"/>
      </object_component>
      <object_component id="oc-a6">
         <name>.debug_info</name>
         <load_address>0x74d5</load_address>
         <run_address>0x74d5</run_address>
         <size>0x12f</size>
         <input_file_ref idref="fl-143"/>
      </object_component>
      <object_component id="oc-68">
         <name>.debug_info</name>
         <load_address>0x7604</load_address>
         <run_address>0x7604</run_address>
         <size>0x130</size>
         <input_file_ref idref="fl-143"/>
      </object_component>
      <object_component id="oc-173">
         <name>.debug_info</name>
         <load_address>0x7734</load_address>
         <run_address>0x7734</run_address>
         <size>0x5e</size>
         <input_file_ref idref="fl-143"/>
      </object_component>
      <object_component id="oc-2fa">
         <name>.debug_info</name>
         <load_address>0x7792</load_address>
         <run_address>0x7792</run_address>
         <size>0xdd</size>
         <input_file_ref idref="fl-144"/>
      </object_component>
      <object_component id="oc-2b4">
         <name>.debug_info</name>
         <load_address>0x786f</load_address>
         <run_address>0x786f</run_address>
         <size>0x13a</size>
         <input_file_ref idref="fl-144"/>
      </object_component>
      <object_component id="oc-9e">
         <name>.debug_info</name>
         <load_address>0x79a9</load_address>
         <run_address>0x79a9</run_address>
         <size>0x286</size>
         <input_file_ref idref="fl-145"/>
      </object_component>
      <object_component id="oc-62">
         <name>.debug_info</name>
         <load_address>0x7c2f</load_address>
         <run_address>0x7c2f</run_address>
         <size>0x140</size>
         <input_file_ref idref="fl-145"/>
      </object_component>
      <object_component id="oc-c2">
         <name>.debug_info</name>
         <load_address>0x7d6f</load_address>
         <run_address>0x7d6f</run_address>
         <size>0x39</size>
         <input_file_ref idref="fl-145"/>
      </object_component>
      <object_component id="oc-c7">
         <name>.debug_info</name>
         <load_address>0x7da8</load_address>
         <run_address>0x7da8</run_address>
         <size>0xcd</size>
         <input_file_ref idref="fl-145"/>
      </object_component>
      <object_component id="oc-bf">
         <name>.debug_info</name>
         <load_address>0x7e75</load_address>
         <run_address>0x7e75</run_address>
         <size>0x1a9</size>
         <input_file_ref idref="fl-146"/>
      </object_component>
      <object_component id="oc-98">
         <name>.debug_info</name>
         <load_address>0x801e</load_address>
         <run_address>0x801e</run_address>
         <size>0x14c</size>
         <input_file_ref idref="fl-146"/>
      </object_component>
      <object_component id="oc-188">
         <name>.debug_info</name>
         <load_address>0x816a</load_address>
         <run_address>0x816a</run_address>
         <size>0x2c</size>
         <input_file_ref idref="fl-146"/>
      </object_component>
      <object_component id="oc-32a">
         <name>.debug_info</name>
         <load_address>0x8196</load_address>
         <run_address>0x8196</run_address>
         <size>0xb7</size>
         <input_file_ref idref="fl-147"/>
      </object_component>
      <object_component id="oc-2f7">
         <name>.debug_info</name>
         <load_address>0x824d</load_address>
         <run_address>0x824d</run_address>
         <size>0xc3</size>
         <input_file_ref idref="fl-147"/>
      </object_component>
      <object_component id="oc-281">
         <name>.debug_info</name>
         <load_address>0x8310</load_address>
         <run_address>0x8310</run_address>
         <size>0xed</size>
         <input_file_ref idref="fl-148"/>
      </object_component>
      <object_component id="oc-286">
         <name>.debug_info</name>
         <load_address>0x83fd</load_address>
         <run_address>0x83fd</run_address>
         <size>0xef</size>
         <input_file_ref idref="fl-148"/>
      </object_component>
      <object_component id="oc-2e1">
         <name>.debug_info</name>
         <load_address>0x84ec</load_address>
         <run_address>0x84ec</run_address>
         <size>0xe6</size>
         <input_file_ref idref="fl-149"/>
      </object_component>
      <object_component id="oc-296">
         <name>.debug_info</name>
         <load_address>0x85d2</load_address>
         <run_address>0x85d2</run_address>
         <size>0x155</size>
         <input_file_ref idref="fl-149"/>
      </object_component>
      <object_component id="oc-292">
         <name>.debug_info</name>
         <load_address>0x8727</load_address>
         <run_address>0x8727</run_address>
         <size>0xf1</size>
         <input_file_ref idref="fl-14a"/>
      </object_component>
      <object_component id="oc-2ef">
         <name>.debug_info</name>
         <load_address>0x8818</load_address>
         <run_address>0x8818</run_address>
         <size>0x12a</size>
         <input_file_ref idref="fl-14b"/>
      </object_component>
      <object_component id="oc-29c">
         <name>.debug_info</name>
         <load_address>0x8942</load_address>
         <run_address>0x8942</run_address>
         <size>0x14c</size>
         <input_file_ref idref="fl-14b"/>
      </object_component>
      <object_component id="oc-2d8">
         <name>.debug_info</name>
         <load_address>0x8a8e</load_address>
         <run_address>0x8a8e</run_address>
         <size>0x115</size>
         <input_file_ref idref="fl-14c"/>
      </object_component>
      <object_component id="oc-28b">
         <name>.debug_info</name>
         <load_address>0x8ba3</load_address>
         <run_address>0x8ba3</run_address>
         <size>0x18b</size>
         <input_file_ref idref="fl-14c"/>
      </object_component>
      <object_component id="oc-2f5">
         <name>.debug_info</name>
         <load_address>0x8d2e</load_address>
         <run_address>0x8d2e</run_address>
         <size>0xba</size>
         <input_file_ref idref="fl-14d"/>
      </object_component>
      <object_component id="oc-2af">
         <name>.debug_info</name>
         <load_address>0x8de8</load_address>
         <run_address>0x8de8</run_address>
         <size>0x174</size>
         <input_file_ref idref="fl-14d"/>
      </object_component>
      <object_component id="oc-2f1">
         <name>.debug_info</name>
         <load_address>0x8f5c</load_address>
         <run_address>0x8f5c</run_address>
         <size>0xbe</size>
         <input_file_ref idref="fl-14e"/>
      </object_component>
      <object_component id="oc-2a2">
         <name>.debug_info</name>
         <load_address>0x901a</load_address>
         <run_address>0x901a</run_address>
         <size>0x1ad</size>
         <input_file_ref idref="fl-14e"/>
      </object_component>
      <object_component id="oc-27d">
         <name>.debug_info</name>
         <load_address>0x91c7</load_address>
         <run_address>0x91c7</run_address>
         <size>0x14a</size>
         <input_file_ref idref="fl-14f"/>
      </object_component>
      <object_component id="oc-2f3">
         <name>.debug_info</name>
         <load_address>0x9311</load_address>
         <run_address>0x9311</run_address>
         <size>0xdb</size>
         <input_file_ref idref="fl-150"/>
      </object_component>
      <object_component id="oc-2a8">
         <name>.debug_info</name>
         <load_address>0x93ec</load_address>
         <run_address>0x93ec</run_address>
         <size>0x11c</size>
         <input_file_ref idref="fl-150"/>
      </object_component>
      <object_component id="oc-315">
         <name>.debug_info</name>
         <load_address>0x9508</load_address>
         <run_address>0x9508</run_address>
         <size>0xf9</size>
         <input_file_ref idref="fl-151"/>
      </object_component>
      <object_component id="oc-2e3">
         <name>.debug_info</name>
         <load_address>0x9601</load_address>
         <run_address>0x9601</run_address>
         <size>0x17a</size>
         <input_file_ref idref="fl-151"/>
      </object_component>
      <object_component id="oc-335">
         <name>.debug_info</name>
         <load_address>0x977b</load_address>
         <run_address>0x977b</run_address>
         <size>0x86</size>
         <input_file_ref idref="fl-151"/>
      </object_component>
      <object_component id="oc-30e">
         <name>.debug_info</name>
         <load_address>0x9801</load_address>
         <run_address>0x9801</run_address>
         <size>0xe3</size>
         <input_file_ref idref="fl-152"/>
      </object_component>
      <object_component id="oc-2db">
         <name>.debug_info</name>
         <load_address>0x98e4</load_address>
         <run_address>0x98e4</run_address>
         <size>0x15b</size>
         <input_file_ref idref="fl-152"/>
      </object_component>
      <object_component id="oc-2e9">
         <name>.debug_info</name>
         <load_address>0x9a3f</load_address>
         <run_address>0x9a3f</run_address>
         <size>0x13b</size>
         <input_file_ref idref="fl-153"/>
      </object_component>
      <object_component id="oc-312">
         <name>.debug_info</name>
         <load_address>0x9b7a</load_address>
         <run_address>0x9b7a</run_address>
         <size>0x19d</size>
         <input_file_ref idref="fl-154"/>
      </object_component>
      <object_component id="oc-31d">
         <name>.debug_info</name>
         <load_address>0x9d17</load_address>
         <run_address>0x9d17</run_address>
         <size>0xbe</size>
         <input_file_ref idref="fl-155"/>
      </object_component>
      <object_component id="oc-35b">
         <name>.debug_info</name>
         <load_address>0x9dd5</load_address>
         <run_address>0x9dd5</run_address>
         <size>0x126</size>
         <input_file_ref idref="fl-156"/>
      </object_component>
      <object_component id="oc-343">
         <name>.debug_info</name>
         <load_address>0x9efb</load_address>
         <run_address>0x9efb</run_address>
         <size>0xf6</size>
         <input_file_ref idref="fl-156"/>
      </object_component>
      <object_component id="oc-317">
         <name>.debug_info</name>
         <load_address>0x9ff1</load_address>
         <run_address>0x9ff1</run_address>
         <size>0x157</size>
         <input_file_ref idref="fl-156"/>
      </object_component>
      <object_component id="oc-356">
         <name>.debug_info</name>
         <load_address>0xa148</load_address>
         <run_address>0xa148</run_address>
         <size>0x6f</size>
         <input_file_ref idref="fl-156"/>
      </object_component>
      <object_component id="oc-353">
         <name>.debug_info</name>
         <load_address>0xa1b7</load_address>
         <run_address>0xa1b7</run_address>
         <size>0xe5</size>
         <input_file_ref idref="fl-157"/>
      </object_component>
      <object_component id="oc-33d">
         <name>.debug_info</name>
         <load_address>0xa29c</load_address>
         <run_address>0xa29c</run_address>
         <size>0x13c</size>
         <input_file_ref idref="fl-157"/>
      </object_component>
      <object_component id="oc-364">
         <name>.debug_info</name>
         <load_address>0xa3d8</load_address>
         <run_address>0xa3d8</run_address>
         <size>0x2c</size>
         <input_file_ref idref="fl-157"/>
      </object_component>
      <object_component id="oc-361">
         <name>.debug_info</name>
         <load_address>0xa404</load_address>
         <run_address>0xa404</run_address>
         <size>0x105</size>
         <input_file_ref idref="fl-158"/>
      </object_component>
      <object_component id="oc-35e">
         <name>.debug_info</name>
         <load_address>0xa509</load_address>
         <run_address>0xa509</run_address>
         <size>0xc3</size>
         <input_file_ref idref="fl-158"/>
      </object_component>
      <object_component id="oc-34d">
         <name>.debug_info</name>
         <load_address>0xa5cc</load_address>
         <run_address>0xa5cc</run_address>
         <size>0x152</size>
         <input_file_ref idref="fl-158"/>
      </object_component>
      <object_component id="oc-330">
         <name>.debug_info</name>
         <load_address>0xa71e</load_address>
         <run_address>0xa71e</run_address>
         <size>0xae</size>
         <input_file_ref idref="fl-159"/>
      </object_component>
      <object_component id="oc-308">
         <name>.debug_info</name>
         <load_address>0xa7cc</load_address>
         <run_address>0xa7cc</run_address>
         <size>0x135</size>
         <input_file_ref idref="fl-159"/>
      </object_component>
      <object_component id="oc-115">
         <name>.debug_info</name>
         <load_address>0xa901</load_address>
         <run_address>0xa901</run_address>
         <size>0x182</size>
         <input_file_ref idref="fl-15a"/>
      </object_component>
      <object_component id="oc-11b">
         <name>.debug_info</name>
         <load_address>0xaa83</load_address>
         <run_address>0xaa83</run_address>
         <size>0x1d9</size>
         <input_file_ref idref="fl-15a"/>
      </object_component>
      <object_component id="oc-12d">
         <name>.debug_info</name>
         <load_address>0xac5c</load_address>
         <run_address>0xac5c</run_address>
         <size>0x1db</size>
         <input_file_ref idref="fl-15a"/>
      </object_component>
      <object_component id="oc-121">
         <name>.debug_info</name>
         <load_address>0xae37</load_address>
         <run_address>0xae37</run_address>
         <size>0x1e2</size>
         <input_file_ref idref="fl-15a"/>
      </object_component>
      <object_component id="oc-127">
         <name>.debug_info</name>
         <load_address>0xb019</load_address>
         <run_address>0xb019</run_address>
         <size>0x1de</size>
         <input_file_ref idref="fl-15a"/>
      </object_component>
      <object_component id="oc-259">
         <name>.debug_info</name>
         <load_address>0xb1f7</load_address>
         <run_address>0xb1f7</run_address>
         <size>0x19b</size>
         <input_file_ref idref="fl-15b"/>
      </object_component>
      <object_component id="oc-1d9">
         <name>.debug_info</name>
         <load_address>0xb392</load_address>
         <run_address>0xb392</run_address>
         <size>0x19e</size>
         <input_file_ref idref="fl-15b"/>
      </object_component>
      <object_component id="oc-d9">
         <name>.debug_info</name>
         <load_address>0xb530</load_address>
         <run_address>0xb530</run_address>
         <size>0x188</size>
         <input_file_ref idref="fl-15b"/>
      </object_component>
      <object_component id="oc-d3">
         <name>.debug_info</name>
         <load_address>0xb6b8</load_address>
         <run_address>0xb6b8</run_address>
         <size>0x1ba</size>
         <input_file_ref idref="fl-15b"/>
      </object_component>
      <object_component id="oc-df">
         <name>.debug_info</name>
         <load_address>0xb872</load_address>
         <run_address>0xb872</run_address>
         <size>0x1ab</size>
         <input_file_ref idref="fl-15b"/>
      </object_component>
      <object_component id="oc-304">
         <name>.debug_info</name>
         <load_address>0xba1d</load_address>
         <run_address>0xba1d</run_address>
         <size>0xe8</size>
         <input_file_ref idref="fl-15c"/>
      </object_component>
      <object_component id="oc-2d0">
         <name>.debug_info</name>
         <load_address>0xbb05</load_address>
         <run_address>0xbb05</run_address>
         <size>0xf6</size>
         <input_file_ref idref="fl-15c"/>
      </object_component>
      <object_component id="oc-260">
         <name>.debug_info</name>
         <load_address>0xbbfb</load_address>
         <run_address>0xbbfb</run_address>
         <size>0x1cb</size>
         <input_file_ref idref="fl-15c"/>
      </object_component>
      <object_component id="oc-266">
         <name>.debug_info</name>
         <load_address>0xbdc6</load_address>
         <run_address>0xbdc6</run_address>
         <size>0x219</size>
         <input_file_ref idref="fl-15c"/>
      </object_component>
      <object_component id="oc-202">
         <name>.debug_info</name>
         <load_address>0xbfdf</load_address>
         <run_address>0xbfdf</run_address>
         <size>0x1e0</size>
         <input_file_ref idref="fl-15c"/>
      </object_component>
      <object_component id="oc-1f6">
         <name>.debug_info</name>
         <load_address>0xc1bf</load_address>
         <run_address>0xc1bf</run_address>
         <size>0x1de</size>
         <input_file_ref idref="fl-15c"/>
      </object_component>
      <object_component id="oc-1fc">
         <name>.debug_info</name>
         <load_address>0xc39d</load_address>
         <run_address>0xc39d</run_address>
         <size>0x1cd</size>
         <input_file_ref idref="fl-15c"/>
      </object_component>
      <object_component id="oc-20d">
         <name>.debug_info</name>
         <load_address>0xc56a</load_address>
         <run_address>0xc56a</run_address>
         <size>0x1f8</size>
         <input_file_ref idref="fl-15d"/>
      </object_component>
      <object_component id="oc-209">
         <name>.debug_info</name>
         <load_address>0xc762</load_address>
         <run_address>0xc762</run_address>
         <size>0xff</size>
         <input_file_ref idref="fl-15d"/>
      </object_component>
      <object_component id="oc-1dd">
         <name>.debug_info</name>
         <load_address>0xc861</load_address>
         <run_address>0xc861</run_address>
         <size>0x1b2</size>
         <input_file_ref idref="fl-15d"/>
      </object_component>
      <object_component id="oc-f1">
         <name>.debug_info</name>
         <load_address>0xca13</load_address>
         <run_address>0xca13</run_address>
         <size>0x1f7</size>
         <input_file_ref idref="fl-15d"/>
      </object_component>
      <object_component id="oc-1ef">
         <name>.debug_info</name>
         <load_address>0xcc0a</load_address>
         <run_address>0xcc0a</run_address>
         <size>0x1f9</size>
         <input_file_ref idref="fl-15d"/>
      </object_component>
      <object_component id="oc-fd">
         <name>.debug_info</name>
         <load_address>0xce03</load_address>
         <run_address>0xce03</run_address>
         <size>0x222</size>
         <input_file_ref idref="fl-15d"/>
      </object_component>
      <object_component id="oc-f7">
         <name>.debug_info</name>
         <load_address>0xd025</load_address>
         <run_address>0xd025</run_address>
         <size>0x1cc</size>
         <input_file_ref idref="fl-15d"/>
      </object_component>
      <object_component id="oc-e5">
         <name>.debug_info</name>
         <load_address>0xd1f1</load_address>
         <run_address>0xd1f1</run_address>
         <size>0x28f</size>
         <input_file_ref idref="fl-15d"/>
      </object_component>
      <object_component id="oc-1e3">
         <name>.debug_info</name>
         <load_address>0xd480</load_address>
         <run_address>0xd480</run_address>
         <size>0x1cb</size>
         <input_file_ref idref="fl-15d"/>
      </object_component>
      <object_component id="oc-1e9">
         <name>.debug_info</name>
         <load_address>0xd64b</load_address>
         <run_address>0xd64b</run_address>
         <size>0x1e0</size>
         <input_file_ref idref="fl-15d"/>
      </object_component>
      <object_component id="oc-221">
         <name>.debug_info</name>
         <load_address>0xd82b</load_address>
         <run_address>0xd82b</run_address>
         <size>0x1cc</size>
         <input_file_ref idref="fl-15e"/>
      </object_component>
      <object_component id="oc-10a">
         <name>.debug_info</name>
         <load_address>0xd9f7</load_address>
         <run_address>0xd9f7</run_address>
         <size>0x185</size>
         <input_file_ref idref="fl-15e"/>
      </object_component>
      <object_component id="oc-104">
         <name>.debug_info</name>
         <load_address>0xdb7c</load_address>
         <run_address>0xdb7c</run_address>
         <size>0x29a</size>
         <input_file_ref idref="fl-15e"/>
      </object_component>
      <object_component id="oc-162">
         <name>.debug_info</name>
         <load_address>0xde16</load_address>
         <run_address>0xde16</run_address>
         <size>0x1b6</size>
         <input_file_ref idref="fl-15e"/>
      </object_component>
      <object_component id="oc-15c">
         <name>.debug_info</name>
         <load_address>0xdfcc</load_address>
         <run_address>0xdfcc</run_address>
         <size>0x1b2</size>
         <input_file_ref idref="fl-15e"/>
      </object_component>
      <object_component id="oc-10f">
         <name>.debug_info</name>
         <load_address>0xe17e</load_address>
         <run_address>0xe17e</run_address>
         <size>0x189</size>
         <input_file_ref idref="fl-15e"/>
      </object_component>
      <object_component id="oc-167">
         <name>.debug_info</name>
         <load_address>0xe307</load_address>
         <run_address>0xe307</run_address>
         <size>0x18b</size>
         <input_file_ref idref="fl-15e"/>
      </object_component>
      <object_component id="oc-18e">
         <name>.debug_info</name>
         <load_address>0xe492</load_address>
         <run_address>0xe492</run_address>
         <size>0x268</size>
         <input_file_ref idref="fl-15f"/>
      </object_component>
      <object_component id="oc-231">
         <name>.debug_info</name>
         <load_address>0xe6fa</load_address>
         <run_address>0xe6fa</run_address>
         <size>0x18a</size>
         <input_file_ref idref="fl-15f"/>
      </object_component>
      <object_component id="oc-22b">
         <name>.debug_info</name>
         <load_address>0xe884</load_address>
         <run_address>0xe884</run_address>
         <size>0x18c</size>
         <input_file_ref idref="fl-15f"/>
      </object_component>
      <object_component id="oc-1a0">
         <name>.debug_info</name>
         <load_address>0xea10</load_address>
[...]
         <name>Report</name>
         <value>0x20005cf5</value>
         <object_component_ref idref="oc-cc"/>
      </symbol>
      <symbol id="sm-d7">
         <name>Error</name>
         <value>0x20005b7f</value>
         <object_component_ref idref="oc-cc"/>
      </symbol>
      <symbol id="sm-d8">
         <name>InitTerm</name>
         <value>0x20005b35</value>
         <object_component_ref idref="oc-cc"/>
      </symbol>
      <symbol id="sm-d9">
         <name>ClearTerm</name>
         <value>0x20005b75</value>
         <object_component_ref idref="oc-cc"/>
      </symbol>
      <symbol id="sm-da">
         <name>TrimSpace</name>
         <value>0x20005c5d</value>
         <object_component_ref idref="oc-cc"/>
      </symbol>
      <symbol id="sm-ea">
         <name>_c_int00</name>
         <value>0x2000719d</value>
         <object_component_ref idref="oc-24"/>
      </symbol>
      <symbol id="sm-eb">
         <name>__stack</name>
         <value>0x2002f000</value>
         <object_component_ref idref="oc-29"/>
      </symbol>
      <symbol id="sm-102">
         <name>__TI_decompress_none</name>
         <value>0x200076b1</value>
         <object_component_ref idref="oc-12"/>
      </symbol>
      <symbol id="sm-125">
         <name>__TI_decompress_rle24</name>
         <value>0x200076e9</value>
         <object_component_ref idref="oc-18"/>
      </symbol>
      <symbol id="sm-137">
         <name>__TI_zero_init</name>
         <value>0x200076cd</value>
         <object_component_ref idref="oc-1e"/>
      </symbol>
      <symbol id="sm-156">
         <name>C$$EXIT</name>
         <value>0x2000709d</value>
         <object_component_ref idref="oc-6d"/>
      </symbol>
      <symbol id="sm-157">
         <name>abort</name>
         <value>0x200070a1</value>
         <object_component_ref idref="oc-6d"/>
      </symbol>
      <symbol id="sm-158">
         <name>exit</name>
         <value>0x200070a9</value>
         <object_component_ref idref="oc-6d"/>
      </symbol>
      <symbol id="sm-159">
         <name>__TI_dtors_ptr</name>
         <value>0x20023150</value>
         <object_component_ref idref="oc-aa"/>
      </symbol>
      <symbol id="sm-15a">
         <name>__TI_cleanup_ptr</name>
         <value>0x2002314c</value>
         <object_component_ref idref="oc-aa"/>
      </symbol>
      <symbol id="sm-17e">
         <name>__aeabi_dsub</name>
         <value>0x20005fa9</value>
         <object_component_ref idref="oc-146"/>
      </symbol>
      <symbol id="sm-17f">
         <name>__aeabi_dadd</name>
         <value>0x20005fb3</value>
         <object_component_ref idref="oc-146"/>
      </symbol>
      <symbol id="sm-19f">
         <name>__aeabi_ddiv</name>
         <value>0x200062d9</value>
         <object_component_ref idref="oc-141"/>
      </symbol>
      <symbol id="sm-1b6">
         <name>__aeabi_dmul</name>
         <value>0x20006521</value>
         <object_component_ref idref="oc-13c"/>
      </symbol>
      <symbol id="sm-1c4">
         <name>__aeabi_d2iz</name>
         <value>0x20006fc5</value>
         <object_component_ref idref="oc-155"/>
      </symbol>
      <symbol id="sm-1d1">
         <name>__aeabi_d2f</name>
         <value>0x2000700d</value>
         <object_component_ref idref="oc-14b"/>
      </symbol>
      <symbol id="sm-1e6">
         <name>__aeabi_fdiv</name>
         <value>0x20006955</value>
         <object_component_ref idref="oc-150"/>
      </symbol>
      <symbol id="sm-1f4">
         <name>__aeabi_f2d</name>
         <value>0x20007249</value>
         <object_component_ref idref="oc-137"/>
      </symbol>
      <symbol id="sm-20f">
         <name>memcpy</name>
         <value>0x20006825</value>
         <object_component_ref idref="oc-36"/>
      </symbol>
      <symbol id="sm-210">
         <name>__aeabi_memcpy</name>
         <value>0x20006825</value>
         <object_component_ref idref="oc-36"/>
      </symbol>
      <symbol id="sm-211">
         <name>__aeabi_memcpy8</name>
         <value>0x20006825</value>
         <object_component_ref idref="oc-36"/>
      </symbol>
      <symbol id="sm-212">
         <name>__aeabi_memcpy4</name>
         <value>0x20006825</value>
         <object_component_ref idref="oc-36"/>
      </symbol>
      <symbol id="sm-222">
         <name>memmove</name>
         <value>0x20007415</value>
         <object_component_ref idref="oc-1b1"/>
      </symbol>
      <symbol id="sm-299">
         <name>_sys_memory</name>
         <value>0x20017000</value>
         <object_component_ref idref="oc-2a"/>
      </symbol>
      <symbol id="sm-29a">
         <name>free</name>
         <value>0x2000559f</value>
         <object_component_ref idref="oc-1b7"/>
      </symbol>
      <symbol id="sm-29b">
         <name>realloc</name>
         <value>0x20005661</value>
         <object_component_ref idref="oc-1b7"/>
      </symbol>
      <symbol id="sm-29c">
         <name>memalign</name>
         <value>0x2000576d</value>
         <object_component_ref idref="oc-1b7"/>
      </symbol>
      <symbol id="sm-29d">
         <name>calloc</name>
         <value>0x20005851</value>
         <object_component_ref idref="oc-1b7"/>
      </symbol>
      <symbol id="sm-29e">
         <name>malloc</name>
         <value>0x20005537</value>
         <object_component_ref idref="oc-1b7"/>
      </symbol>
      <symbol id="sm-29f">
         <name>minit</name>
         <value>0x200054a9</value>
         <object_component_ref idref="oc-1b7"/>
      </symbol>
      <symbol id="sm-2ae">
         <name>__aeabi_memset</name>
         <value>0x20006c07</value>
         <object_component_ref idref="oc-4f"/>
      </symbol>
      <symbol id="sm-2af">
         <name>memset</name>
         <value>0x20006c0d</value>
         <object_component_ref idref="oc-4f"/>
      </symbol>
      <symbol id="sm-2b0">
         <name>__aeabi_memset8</name>
         <value>0x20006c07</value>
         <object_component_ref idref="oc-4f"/>
      </symbol>
      <symbol id="sm-2b1">
         <name>__aeabi_memset4</name>
         <value>0x20006c07</value>
         <object_component_ref idref="oc-4f"/>
      </symbol>
      <symbol id="sm-2b2">
         <name>__aeabi_memclr8</name>
         <value>0x20006c05</value>
         <object_component_ref idref="oc-4f"/>
      </symbol>
      <symbol id="sm-2b3">
         <name>__aeabi_memclr4</name>
         <value>0x20006c05</value>
         <object_component_ref idref="oc-4f"/>
      </symbol>
      <symbol id="sm-2b4">
         <name>__aeabi_memclr</name>
         <value>0x20006c05</value>
         <object_component_ref idref="oc-4f"/>
      </symbol>
      <symbol id="sm-2be">
         <name>_system_pre_init</name>
         <value>0x200076ef</value>
         <object_component_ref idref="oc-5b"/>
      </symbol>
      <symbol id="sm-2c6">
         <name>main_func_sp</name>
         <value>0x20023160</value>
         <object_component_ref idref="oc-73"/>
      </symbol>
      <symbol id="sm-2d4">
         <name>strlen</name>
         <value>0x2000769d</value>
         <object_component_ref idref="oc-1ab"/>
      </symbol>
      <symbol id="sm-2e0">
         <name>__aeabi_ui2f</name>
         <value>0x20007439</value>
         <object_component_ref idref="oc-132"/>
      </symbol>
      <symbol id="sm-301">
         <name>vsnprintf</name>
         <value>0x20006a71</value>
         <object_component_ref idref="oc-199"/>
      </symbol>
      <symbol id="sm-31a">
         <name>_nop</name>
         <value>0x20007697</value>
         <object_component_ref idref="oc-178"/>
      </symbol>
      <symbol id="sm-31b">
         <name>_lock</name>
         <value>0x20023144</value>
         <object_component_ref idref="oc-a7"/>
      </symbol>
      <symbol id="sm-31c">
         <name>_unlock</name>
         <value>0x20023148</value>
         <object_component_ref idref="oc-a7"/>
      </symbol>
      <symbol id="sm-31d">
         <name>_register_lock</name>
         <value>0x2000768f</value>
         <object_component_ref idref="oc-178"/>
      </symbol>
      <symbol id="sm-31e">
         <name>_register_unlock</name>
         <value>0x20007689</value>
         <object_component_ref idref="oc-178"/>
      </symbol>
      <symbol id="sm-423">
         <name>__TI_printfi</name>
         <value>0x200051a1</value>
         <object_component_ref idref="oc-238"/>
      </symbol>
      <symbol id="sm-438">
         <name>_args_main</name>
         <value>0x200075dd</value>
         <object_component_ref idref="oc-67"/>
      </symbol>
      <symbol id="sm-44e">
         <name>atoi</name>
         <value>0x20006f2d</value>
         <object_component_ref idref="oc-2b3"/>
      </symbol>
      <symbol id="sm-474">
         <name>__TI_auto_init</name>
         <value>0x20006cf5</value>
         <object_component_ref idref="oc-61"/>
      </symbol>
      <symbol id="sm-48e">
         <name>copy_in</name>
         <value>0x20006f79</value>
         <object_component_ref idref="oc-97"/>
      </symbol>
      <symbol id="sm-499">
         <name>_ctypes_</name>
         <value>0x200076f4</value>
         <object_component_ref idref="oc-2f6"/>
      </symbol>
      <symbol id="sm-4c0">
         <name>__aeabi_cdcmpeq</name>
         <value>0x20006af9</value>
         <object_component_ref idref="oc-280"/>
      </symbol>
      <symbol id="sm-4c1">
         <name>__aeabi_cdcmple</name>
         <value>0x20006af9</value>
         <object_component_ref idref="oc-280"/>
      </symbol>
      <symbol id="sm-4c2">
         <name>__aeabi_cdrcmple</name>
         <value>0x20006b7f</value>
         <object_component_ref idref="oc-285"/>
      </symbol>
      <symbol id="sm-4cf">
         <name>frexp</name>
         <value>0x2000745d</value>
         <object_component_ref idref="oc-295"/>
      </symbol>
      <symbol id="sm-4db">
         <name>__aeabi_i2d</name>
         <value>0x20007315</value>
         <object_component_ref idref="oc-290"/>
      </symbol>
      <symbol id="sm-4ec">
         <name>ldexp</name>
         <value>0x20007055</value>
         <object_component_ref idref="oc-29b"/>
      </symbol>
      <symbol id="sm-4fb">
         <name>ltoa</name>
         <value>0x20006e89</value>
         <object_component_ref idref="oc-28a"/>
      </symbol>
      <symbol id="sm-50b">
         <name>memccpy</name>
         <value>0x20007513</value>
         <object_component_ref idref="oc-2ad"/>
      </symbol>
      <symbol id="sm-51b">
         <name>strchr</name>
         <value>0x20007621</value>
         <object_component_ref idref="oc-2a1"/>
      </symbol>
      <symbol id="sm-545">
         <name>__aeabi_uldivmod</name>
         <value>0x20005db5</value>
         <object_component_ref idref="oc-27b"/>
      </symbol>
      <symbol id="sm-553">
         <name>_Dclass</name>
         <value>0x2000739d</value>
         <object_component_ref idref="oc-2a7"/>
      </symbol>
      <symbol id="sm-574">
         <name>_Dscale</name>
         <value>0x20006411</value>
         <object_component_ref idref="oc-2e2"/>
      </symbol>
      <symbol id="sm-588">
         <name>_Dunscale</name>
         <value>0x20006dcb</value>
         <object_component_ref idref="oc-2da"/>
      </symbol>
      <symbol id="sm-597">
         <name>_Feraise</name>
         <value>0x200072e5</value>
         <object_component_ref idref="oc-2e8"/>
      </symbol>
      <symbol id="sm-5a7">
         <name>_Rteps</name>
         <value>0x20023118</value>
         <object_component_ref idref="oc-311"/>
      </symbol>
      <symbol id="sm-5a8">
         <name>_Zero</name>
         <value>0x20023130</value>
         <object_component_ref idref="oc-311"/>
      </symbol>
      <symbol id="sm-5a9">
         <name>_Hugeval</name>
         <value>0x200230d8</value>
         <object_component_ref idref="oc-311"/>
      </symbol>
      <symbol id="sm-5aa">
         <name>_Snan</name>
         <value>0x20023108</value>
         <object_component_ref idref="oc-311"/>
      </symbol>
      <symbol id="sm-5ab">
         <name>_Nan</name>
         <value>0x200230f8</value>
         <object_component_ref idref="oc-311"/>
      </symbol>
      <symbol id="sm-5ac">
         <name>_Inf</name>
         <value>0x200230e8</value>
         <object_component_ref idref="oc-311"/>
      </symbol>
      <symbol id="sm-5ad">
         <name>_Xbig</name>
         <value>0x20023128</value>
         <object_component_ref idref="oc-311"/>
      </symbol>
      <symbol id="sm-5ae">
         <name>_Eps</name>
         <value>0x200230c8</value>
         <object_component_ref idref="oc-311"/>
      </symbol>
      <symbol id="sm-5af">
         <name>_Denorm</name>
         <value>0x200230b8</value>
         <object_component_ref idref="oc-311"/>
      </symbol>
      <symbol id="sm-5b7">
         <name>_Errno</name>
         <value>0x2002315c</value>
         <object_component_ref idref="oc-31c"/>
      </symbol>
      <symbol id="sm-5d5">
         <name>feraiseexcept</name>
         <value>0x20007281</value>
         <object_component_ref idref="oc-316"/>
      </symbol>
      <symbol id="sm-5d6">
         <name>_Tls_setup__Fenv</name>
         <value>0x20023158</value>
         <object_component_ref idref="oc-342"/>
      </symbol>
      <symbol id="sm-5d7">
         <name>_Fenv</name>
         <value>0x20023154</value>
         <object_component_ref idref="oc-342"/>
      </symbol>
      <symbol id="sm-5eb">
         <name>raise</name>
         <value>0x20007343</value>
         <object_component_ref idref="oc-33c"/>
      </symbol>
      <symbol id="sm-605">
         <name>signal</name>
         <value>0x20007121</value>
         <object_component_ref idref="oc-34c"/>
      </symbol>
      <symbol id="sm-61a">
         <name>_Dnorm</name>
         <value>0x2000661d</value>
         <object_component_ref idref="oc-307"/>
      </symbol>
      <symbol id="sm-64c">
         <name>ADCChannelDisable</name>
         <value>0x200071d9</value>
         <object_component_ref idref="oc-12c"/>
      </symbol>
      <symbol id="sm-64d">
         <name>ADCFIFOLvlGet</name>
         <value>0x200074db</value>
         <object_component_ref idref="oc-120"/>
      </symbol>
      <symbol id="sm-64e">
         <name>ADCChannelEnable</name>
         <value>0x20007211</value>
         <object_component_ref idref="oc-11a"/>
      </symbol>
      <symbol id="sm-64f">
         <name>ADCEnable</name>
         <value>0x20007637</value>
         <object_component_ref idref="oc-114"/>
      </symbol>
      <symbol id="sm-650">
         <name>ADCFIFORead</name>
         <value>0x20007563</value>
         <object_component_ref idref="oc-126"/>
      </symbol>
      <symbol id="sm-687">
         <name>IntVTableBaseSet</name>
         <value>0x20007661</value>
         <object_component_ref idref="oc-d2"/>
      </symbol>
      <symbol id="sm-688">
         <name>IntEnable</name>
         <value>0x200066dd</value>
         <object_component_ref idref="oc-de"/>
      </symbol>
      <symbol id="sm-689">
         <name>IntMasterEnable</name>
         <value>0x200076d9</value>
         <object_component_ref idref="oc-d8"/>
      </symbol>
      <symbol id="sm-6c6">
         <name>PinTypeUART</name>
         <value>0x20007549</value>
         <object_component_ref idref="oc-201"/>
      </symbol>
      <symbol id="sm-6c7">
         <name>PinTypeADC</name>
         <value>0x20007675</value>
         <object_component_ref idref="oc-1fb"/>
      </symbol>
      <symbol id="sm-6c8">
         <name>PinConfigSet</name>
         <value>0x200069e9</value>
         <object_component_ref idref="oc-265"/>
      </symbol>
      <symbol id="sm-6c9">
         <name>PinTypeSPI</name>
         <value>0x2000752f</value>
         <object_component_ref idref="oc-1f5"/>
      </symbol>
      <symbol id="sm-6ca">
         <name>PinModeSet</name>
         <value>0x200070e1</value>
         <object_component_ref idref="oc-25f"/>
      </symbol>
      <symbol id="sm-750">
         <name>PRCMPeripheralReset</name>
         <value>0x20006e31</value>
         <object_component_ref idref="oc-f6"/>
      </symbol>
      <symbol id="sm-751">
         <name>PRCMPeripheralClkEnable</name>
         <value>0x20007161</value>
         <object_component_ref idref="oc-f0"/>
      </symbol>
      <symbol id="sm-752">
         <name>PRCMPeripheralClockGet</name>
         <value>0x200068c1</value>
         <object_component_ref idref="oc-fc"/>
      </symbol>
      <symbol id="sm-753">
         <name>PRCMCC3200MCUInit</name>
         <value>0x20006161</value>
         <object_component_ref idref="oc-e4"/>
      </symbol>
      <symbol id="sm-754">
         <name>PRCMHIBRegWrite</name>
         <value>0x2000760b</value>
         <object_component_ref idref="oc-1e8"/>
      </symbol>
      <symbol id="sm-755">
         <name>PRCMSysResetCauseGet</name>
         <value>0x20007371</value>
         <object_component_ref idref="oc-1dc"/>
      </symbol>
      <symbol id="sm-756">
         <name>PRCMPeripheralClkDisable</name>
         <value>0x200073c9</value>
         <object_component_ref idref="oc-1ee"/>
      </symbol>
      <symbol id="sm-757">
         <name>PRCMHIBRegRead</name>
         <value>0x200075f5</value>
         <object_component_ref idref="oc-1e2"/>
      </symbol>
      <symbol id="sm-793">
         <name>SPICSEnable</name>
         <value>0x20007593</value>
         <object_component_ref idref="oc-10e"/>
      </symbol>
      <symbol id="sm-794">
         <name>SPIDataPut</name>
         <value>0x2000749f</value>
         <object_component_ref idref="oc-15a"/>
      </symbol>
      <symbol id="sm-795">
         <name>SPIEnable</name>
         <value>0x200075ab</value>
         <object_component_ref idref="oc-108"/>
      </symbol>
      <symbol id="sm-796">
         <name>SPIDataGet</name>
         <value>0x2000747f</value>
         <object_component_ref idref="oc-160"/>
      </symbol>
      <symbol id="sm-797">
         <name>SPIConfigSetExpClk</name>
         <value>0x20006785</value>
         <object_component_ref idref="oc-102"/>
      </symbol>
      <symbol id="sm-798">
         <name>SPICSDisable</name>
         <value>0x2000757b</value>
         <object_component_ref idref="oc-166"/>
      </symbol>
      <symbol id="sm-7d4">
         <name>UARTConfigSetExpClk</name>
         <value>0x20006c7f</value>
         <object_component_ref idref="oc-18d"/>
      </symbol>
      <symbol id="sm-7d5">
         <name>UARTDisable</name>
         <value>0x200072b5</value>
         <object_component_ref idref="oc-22a"/>
      </symbol>
      <symbol id="sm-7d6">
         <name>UARTCharsAvail</name>
         <value>0x200075c3</value>
         <object_component_ref idref="oc-19f"/>
      </symbol>
      <symbol id="sm-7d7">
         <name>UARTCharGetNonBlocking</name>
         <value>0x200074f7</value>
         <object_component_ref idref="oc-1a5"/>
      </symbol>
      <symbol id="sm-7d8">
         <name>UARTCharPut</name>
         <value>0x200074bd</value>
         <object_component_ref idref="oc-193"/>
      </symbol>
      <symbol id="sm-7d9">
         <name>UARTEnable</name>
         <value>0x200073f1</value>
         <object_component_ref idref="oc-230"/>
      </symbol>
      <symbol id="sm-7dd">
         <name>UtilsDelay</name>
         <value>0x200076e3</value>
         <object_component_ref idref="oc-25b"/>
      </symbol>
      <symbol id="sm-7e7">
         <name>CPUcpsie</name>
         <value>0x2000764b</value>
         <object_component_ref idref="oc-1cc"/>
      </symbol>
      <symbol id="sm-7e9">
         <name>__TI_static_base__</name>
         <value>0x20007a20</value>
      </symbol>
      <symbol id="sm-7ec">
         <name>SHT$$INIT_ARRAY$$Limit</name>
         <value>0x0</value>
      </symbol>
      <symbol id="sm-7ed">
         <name>SHT$$INIT_ARRAY$$Base</name>
         <value>0x0</value>
      </symbol>
   </symbol_table>
   <title>Link successful</title>
</link_info>
