<?xml version="1.0"?>
<link_info>
   <banner>TI ARM Linker PC v5.2.6</banner>
   <copyright>Copyright (c) 1996-2015 Texas Instruments Incorporated</copyright>
   <link_time>0x571fe4c8</link_time>
   <link_errors>0x0</link_errors>
   <output_file>adc2.out</output_file>
   <entry_point>
      <name>_c_int00</name>
      <address>0x20006f91</address>
   </entry_point>
   <input_file_list>
      <input_file id="fl-2">
         <path>.\</path>
         <kind>object</kind>
         <file>main.obj</file>
         <name>main.obj</name>
      </input_file>
      <input_file id="fl-3">
         <path>.\</path>
         <kind>object</kind>
         <file>pin_mux_config.obj</file>
         <name>pin_mux_config.obj</name>
      </input_file>
      <input_file id="fl-4">
         <path>.\</path>
         <kind>object</kind>
         <file>startup_ccs.obj</file>
         <name>startup_ccs.obj</name>
      </input_file>
      <input_file id="fl-5">
         <path>.\</path>
         <kind>object</kind>
         <file>uart_if.obj</file>
         <name>uart_if.obj</name>
      </input_file>
      <input_file id="fl-12c">
         <path>C:\ti\ccsv6\tools\compiler\ti-cgt-arm_5.2.6\lib\</path>
         <kind>archive</kind>
         <file>rtsv7M4_T_le_eabi.lib</file>
         <name>boot.obj</name>
      </input_file>
      <input_file id="fl-12d">
         <path>C:\ti\ccsv6\tools\compiler\ti-cgt-arm_5.2.6\lib\</path>
         <kind>archive</kind>
         <file>rtsv7M4_T_le_eabi.lib</file>
         <name>copy_decompress_none.obj</name>
      </input_file>
      <input_file id="fl-12e">
         <path>C:\ti\ccsv6\tools\compiler\ti-cgt-arm_5.2.6\lib\</path>
         <kind>archive</kind>
         <file>rtsv7M4_T_le_eabi.lib</file>
         <name>copy_decompress_rle.obj</name>
      </input_file>
      <input_file id="fl-12f">
         <path>C:\ti\ccsv6\tools\compiler\ti-cgt-arm_5.2.6\lib\</path>
         <kind>archive</kind>
         <file>rtsv7M4_T_le_eabi.lib</file>
         <name>copy_zero_init.obj</name>
      </input_file>
      <input_file id="fl-130">
         <path>C:\ti\ccsv6\tools\compiler\ti-cgt-arm_5.2.6\lib\</path>
         <kind>archive</kind>
         <file>rtsv7M4_T_le_eabi.lib</file>
         <name>exit.obj</name>
      </input_file>
      <input_file id="fl-131">
         <path>C:\ti\ccsv6\tools\compiler\ti-cgt-arm_5.2.6\lib\</path>
         <kind>archive</kind>
         <file>rtsv7M4_T_le_eabi.lib</file>
         <name>fd_div_t2.obj</name>
      </input_file>
      <input_file id="fl-132">
         <path>C:\ti\ccsv6\tools\compiler\ti-cgt-arm_5.2.6\lib\</path>
         <kind>archive</kind>
         <file>rtsv7M4_T_le_eabi.lib</file>
         <name>fd_mul_t2.obj</name>
      </input_file>
      <input_file id="fl-133">
         <path>C:\ti\ccsv6\tools\compiler\ti-cgt-arm_5.2.6\lib\</path>
         <kind>archive</kind>
         <file>rtsv7M4_T_le_eabi.lib</file>
         <name>fs_tod_t2.obj</name>
      </input_file>
      <input_file id="fl-134">
         <path>C:\ti\ccsv6\tools\compiler\ti-cgt-arm_5.2.6\lib\</path>
         <kind>archive</kind>
         <file>rtsv7M4_T_le_eabi.lib</file>
         <name>memcpy_t2.obj</name>
      </input_file>
      <input_file id="fl-135">
         <path>C:\ti\ccsv6\tools\compiler\ti-cgt-arm_5.2.6\lib\</path>
         <kind>archive</kind>
         <file>rtsv7M4_T_le_eabi.lib</file>
         <name>memmov.obj</name>
      </input_file>
      <input_file id="fl-136">
         <path>C:\ti\ccsv6\tools\compiler\ti-cgt-arm_5.2.6\lib\</path>
         <kind>archive</kind>
         <file>rtsv7M4_T_le_eabi.lib</file>
         <name>memory.obj</name>
      </input_file>
      <input_file id="fl-137">
         <path>C:\ti\ccsv6\tools\compiler\ti-cgt-arm_5.2.6\lib\</path>
         <kind>archive</kind>
         <file>rtsv7M4_T_le_eabi.lib</file>
         <name>memset_t2.obj</name>
      </input_file>
      <input_file id="fl-138">
         <path>C:\ti\ccsv6\tools\compiler\ti-cgt-arm_5.2.6\lib\</path>
         <kind>archive</kind>
         <file>rtsv7M4_T_le_eabi.lib</file>
         <name>pre_init.obj</name>
      </input_file>
      <input_file id="fl-139">
         <path>C:\ti\ccsv6\tools\compiler\ti-cgt-arm_5.2.6\lib\</path>
         <kind>archive</kind>
         <file>rtsv7M4_T_le_eabi.lib</file>
         <name>stkdepth_vars.obj</name>
      </input_file>
      <input_file id="fl-13a">
         <path>C:\ti\ccsv6\tools\compiler\ti-cgt-arm_5.2.6\lib\</path>
         <kind>archive</kind>
         <file>rtsv7M4_T_le_eabi.lib</file>
         <name>strlen.obj</name>
      </input_file>
      <input_file id="fl-13b">
         <path>C:\ti\ccsv6\tools\compiler\ti-cgt-arm_5.2.6\lib\</path>
         <kind>archive</kind>
         <file>rtsv7M4_T_le_eabi.lib</file>
         <name>u_tofs_t2.obj</name>
      </input_file>
      <input_file id="fl-13c">
         <path>C:\ti\ccsv6\tools\compiler\ti-cgt-arm_5.2.6\lib\</path>
         <kind>archive</kind>
         <file>rtsv7M4_T_le_eabi.lib</file>
         <name>vsnprintf.obj</name>
      </input_file>
      <input_file id="fl-13d">
         <path>C:\ti\ccsv6\tools\compiler\ti-cgt-arm_5.2.6\lib\</path>
         <kind>archive</kind>
         <file>rtsv7M4_T_le_eabi.lib</file>
         <name>_lock.obj</name>
      </input_file>
      <input_file id="fl-13e">
         <path>C:\ti\ccsv6\tools\compiler\ti-cgt-arm_5.2.6\lib\</path>
         <kind>archive</kind>
         <file>rtsv7M4_T_le_eabi.lib</file>
         <name>_printfi.obj</name>
      </input_file>
      <input_file id="fl-13f">
         <path>C:\ti\ccsv6\tools\compiler\ti-cgt-arm_5.2.6\lib\</path>
         <kind>archive</kind>
         <file>rtsv7M4_T_le_eabi.lib</file>
         <name>args_main.obj</name>
      </input_file>
      <input_file id="fl-140">
         <path>C:\ti\ccsv6\tools\compiler\ti-cgt-arm_5.2.6\lib\</path>
         <kind>archive</kind>
         <file>rtsv7M4_T_le_eabi.lib</file>
         <name>atoi.obj</name>
      </input_file>
      <input_file id="fl-141">
         <path>C:\ti\ccsv6\tools\compiler\ti-cgt-arm_5.2.6\lib\</path>
         <kind>archive</kind>
         <file>rtsv7M4_T_le_eabi.lib</file>
         <name>autoinit.obj</name>
      </input_file>
      <input_file id="fl-142">
         <path>C:\ti\ccsv6\tools\compiler\ti-cgt-arm_5.2.6\lib\</path>
         <kind>archive</kind>
         <file>rtsv7M4_T_le_eabi.lib</file>
         <name>cpy_tbl.obj</name>
      </input_file>
      <input_file id="fl-143">
         <path>C:\ti\ccsv6\tools\compiler\ti-cgt-arm_5.2.6\lib\</path>
         <kind>archive</kind>
         <file>rtsv7M4_T_le_eabi.lib</file>
         <name>ctype.obj</name>
      </input_file>
      <input_file id="fl-144">
         <path>C:\ti\ccsv6\tools\compiler\ti-cgt-arm_5.2.6\lib\</path>
         <kind>archive</kind>
         <file>rtsv7M4_T_le_eabi.lib</file>
         <name>fd_add_t2.obj</name>
      </input_file>
      <input_file id="fl-145">
         <path>C:\ti\ccsv6\tools\compiler\ti-cgt-arm_5.2.6\lib\</path>
         <kind>archive</kind>
         <file>rtsv7M4_T_le_eabi.lib</file>
         <name>fd_cmp_t2.obj</name>
      </input_file>
      <input_file id="fl-146">
         <path>C:\ti\ccsv6\tools\compiler\ti-cgt-arm_5.2.6\lib\</path>
         <kind>archive</kind>
         <file>rtsv7M4_T_le_eabi.lib</file>
         <name>fd_toi_t2.obj</name>
      </input_file>
      <input_file id="fl-147">
         <path>C:\ti\ccsv6\tools\compiler\ti-cgt-arm_5.2.6\lib\</path>
         <kind>archive</kind>
         <file>rtsv7M4_T_le_eabi.lib</file>
         <name>frexp.obj</name>
      </input_file>
      <input_file id="fl-148">
         <path>C:\ti\ccsv6\tools\compiler\ti-cgt-arm_5.2.6\lib\</path>
         <kind>archive</kind>
         <file>rtsv7M4_T_le_eabi.lib</file>
         <name>i_tofd_t2.obj</name>
      </input_file>
      <input_file id="fl-149">
         <path>C:\ti\ccsv6\tools\compiler\ti-cgt-arm_5.2.6\lib\</path>
         <kind>archive</kind>
         <file>rtsv7M4_T_le_eabi.lib</file>
         <name>ldexp.obj</name>
      </input_file>
      <input_file id="fl-14a">
         <path>C:\ti\ccsv6\tools\compiler\ti-cgt-arm_5.2.6\lib\</path>
         <kind>archive</kind>
         <file>rtsv7M4_T_le_eabi.lib</file>
         <name>ltoa.obj</name>
      </input_file>
      <input_file id="fl-14b">
         <path>C:\ti\ccsv6\tools\compiler\ti-cgt-arm_5.2.6\lib\</path>
         <kind>archive</kind>
         <file>rtsv7M4_T_le_eabi.lib</file>
         <name>memccpy.obj</name>
      </input_file>
      <input_file id="fl-14c">
         <path>C:\ti\ccsv6\tools\compiler\ti-cgt-arm_5.2.6\lib\</path>
         <kind>archive</kind>
         <file>rtsv7M4_T_le_eabi.lib</file>
         <name>strchr.obj</name>
      </input_file>
      <input_file id="fl-14d">
         <path>C:\ti\ccsv6\tools\compiler\ti-cgt-arm_5.2.6\lib\</path>
         <kind>archive</kind>
         <file>rtsv7M4_T_le_eabi.lib</file>
         <name>ull_div_t2.obj</name>
      </input_file>
      <input_file id="fl-14e">
         <path>C:\ti\ccsv6\tools\compiler\ti-cgt-arm_5.2.6\lib\</path>
         <kind>archive</kind>
         <file>rtsv7M4_T_le_eabi.lib</file>
         <name>xdclass.obj</name>
      </input_file>
      <input_file id="fl-14f">
         <path>C:\ti\ccsv6\tools\compiler\ti-cgt-arm_5.2.6\lib\</path>
         <kind>archive</kind>
         <file>rtsv7M4_T_le_eabi.lib</file>
         <name>xdscale.obj</name>
      </input_file>
      <input_file id="fl-150">
         <path>C:\ti\ccsv6\tools\compiler\ti-cgt-arm_5.2.6\lib\</path>
         <kind>archive</kind>
         <file>rtsv7M4_T_le_eabi.lib</file>
         <name>xdunscal.obj</name>
      </input_file>
      <input_file id="fl-151">
         <path>C:\ti\ccsv6\tools\compiler\ti-cgt-arm_5.2.6\lib\</path>
         <kind>archive</kind>
         <file>rtsv7M4_T_le_eabi.lib</file>
         <name>xferaise.obj</name>
      </input_file>
      <input_file id="fl-152">
         <path>C:\ti\ccsv6\tools\compiler\ti-cgt-arm_5.2.6\lib\</path>
         <kind>archive</kind>
         <file>rtsv7M4_T_le_eabi.lib</file>
         <name>xvalues.obj</name>
      </input_file>
      <input_file id="fl-153">
         <path>C:\ti\ccsv6\tools\compiler\ti-cgt-arm_5.2.6\lib\</path>
         <kind>archive</kind>
         <file>rtsv7M4_T_le_eabi.lib</file>
         <name>errno.obj</name>
      </input_file>
      <input_file id="fl-154">
         <path>C:\ti\ccsv6\tools\compiler\ti-cgt-arm_5.2.6\lib\</path>
         <kind>archive</kind>
         <file>rtsv7M4_T_le_eabi.lib</file>
         <name>feraiseexcept.obj</name>
      </input_file>
      <input_file id="fl-155">
         <path>C:\ti\ccsv6\tools\compiler\ti-cgt-arm_5.2.6\lib\</path>
         <kind>archive</kind>
         <file>rtsv7M4_T_le_eabi.lib</file>
         <name>raise.obj</name>
      </input_file>
      <input_file id="fl-156">
         <path>C:\ti\ccsv6\tools\compiler\ti-cgt-arm_5.2.6\lib\</path>
         <kind>archive</kind>
         <file>rtsv7M4_T_le_eabi.lib</file>
         <name>signal.obj</name>
      </input_file>
      <input_file id="fl-157">
         <path>C:\ti\ccsv6\tools\compiler\ti-cgt-arm_5.2.6\lib\</path>
         <kind>archive</kind>
         <file>rtsv7M4_T_le_eabi.lib</file>
         <name>xdnorm.obj</name>
      </input_file>
      <input_file id="fl-158">
         <path>C:\ti\CC3200SDK_1.2.0\cc3200-sdk\example\adc\ccs\..\..\..\driverlib\ccs\Release\</path>
         <kind>archive</kind>
         <file>driverlib.a</file>
         <name>adc.obj</name>
      </input_file>
      <input_file id="fl-159">
         <path>C:\ti\CC3200SDK_1.2.0\cc3200-sdk\example\adc\ccs\..\..\..\driverlib\ccs\Release\</path>
         <kind>archive</kind>
         <file>driverlib.a</file>
         <name>interrupt.obj</name>
      </input_file>
      <input_file id="fl-15a">
         <path>C:\ti\CC3200SDK_1.2.0\cc3200-sdk\example\adc\ccs\..\..\..\driverlib\ccs\Release\</path>
         <kind>archive</kind>
         <file>driverlib.a</file>
         <name>pin.obj</name>
      </input_file>
      <input_file id="fl-15b">
         <path>C:\ti\CC3200SDK_1.2.0\cc3200-sdk\example\adc\ccs\..\..\..\driverlib\ccs\Release\</path>
         <kind>archive</kind>
         <file>driverlib.a</file>
         <name>prcm.obj</name>
      </input_file>
      <input_file id="fl-15c">
         <path>C:\ti\CC3200SDK_1.2.0\cc3200-sdk\example\adc\ccs\..\..\..\driverlib\ccs\Release\</path>
         <kind>archive</kind>
         <file>driverlib.a</file>
         <name>uart.obj</name>
      </input_file>
      <input_file id="fl-15d">
         <path>C:\ti\CC3200SDK_1.2.0\cc3200-sdk\example\adc\ccs\..\..\..\driverlib\ccs\Release\</path>
         <kind>archive</kind>
         <file>driverlib.a</file>
         <name>utils.obj</name>
      </input_file>
      <input_file id="fl-15e">
         <path>C:\ti\CC3200SDK_1.2.0\cc3200-sdk\example\adc\ccs\..\..\..\driverlib\ccs\Release\</path>
         <kind>archive</kind>
         <file>driverlib.a</file>
         <name>cpu.obj</name>
      </input_file>
      <input_file id="fl-15f">
         <path>C:\ti\CC3200SDK_1.2.0\cc3200-sdk\example\adc\ccs\..\..\..\driverlib\ccs\Release\</path>
         <kind>archive</kind>
         <file>driverlib.a</file>
         <name>flash.obj</name>
      </input_file>
   </input_file_list>
   <object_component_list>
      <object_component id="oc-f">
         <name>.intvecs</name>
         <load_address>0x20004000</load_address>
         <run_address>0x20004000</run_address>
         <size>0x400</size>
         <input_file_ref idref="fl-4"/>
      </object_component>
      <object_component id="oc-1ef">
         <name>.text</name>
         <load_address>0x20004400</load_address>
         <run_address>0x20004400</run_address>
         <size>0x10a6</size>
         <input_file_ref idref="fl-13e"/>
      </object_component>
      <object_component id="oc-173">
         <name>.text</name>
         <load_address>0x200054a8</load_address>
         <run_address>0x200054a8</run_address>
         <size>0x3dc</size>
         <input_file_ref idref="fl-136"/>
      </object_component>
      <object_component id="oc-cc">
         <name>.text</name>
         <load_address>0x20005884</load_address>
         <run_address>0x20005884</run_address>
         <size>0x280</size>
         <input_file_ref idref="fl-5"/>
      </object_component>
      <object_component id="oc-22a">
         <name>.text</name>
         <load_address>0x20005b04</load_address>
         <run_address>0x20005b04</run_address>
         <size>0x1f4</size>
         <input_file_ref idref="fl-14d"/>
      </object_component>
      <object_component id="oc-249">
         <name>.text</name>
         <load_address>0x20005cf8</load_address>
         <run_address>0x20005cf8</run_address>
         <size>0x1b6</size>
         <input_file_ref idref="fl-144"/>
      </object_component>
      <object_component id="oc-9f">
         <name>.text</name>
         <load_address>0x20005eb0</load_address>
         <run_address>0x20005eb0</run_address>
         <size>0x198</size>
         <input_file_ref idref="fl-2"/>
      </object_component>
      <object_component id="oc-e4">
         <name>.text:PRCMCC3200MCUInit</name>
         <load_address>0x20006048</load_address>
         <run_address>0x20006048</run_address>
         <size>0x178</size>
         <input_file_ref idref="fl-15b"/>
      </object_component>
      <object_component id="oc-11d">
         <name>.text</name>
         <load_address>0x200061c0</load_address>
         <run_address>0x200061c0</run_address>
         <size>0x136</size>
         <input_file_ref idref="fl-131"/>
      </object_component>
      <object_component id="oc-2a5">
         <name>.text</name>
         <load_address>0x200062f8</load_address>
         <run_address>0x200062f8</run_address>
         <size>0x110</size>
         <input_file_ref idref="fl-14f"/>
      </object_component>
      <object_component id="oc-118">
         <name>.text</name>
         <load_address>0x20006408</load_address>
         <run_address>0x20006408</run_address>
         <size>0xfc</size>
         <input_file_ref idref="fl-132"/>
      </object_component>
      <object_component id="oc-ea">
         <name>.text</name>
         <load_address>0x20006504</load_address>
         <run_address>0x20006504</run_address>
         <size>0xd4</size>
         <input_file_ref idref="fl-3"/>
      </object_component>
      <object_component id="oc-2c9">
         <name>.text</name>
         <load_address>0x200065d8</load_address>
         <run_address>0x200065d8</run_address>
         <size>0xbe</size>
         <input_file_ref idref="fl-157"/>
      </object_component>
      <object_component id="oc-de">
         <name>.text:IntEnable</name>
         <load_address>0x20006698</load_address>
         <run_address>0x20006698</run_address>
         <size>0xa8</size>
         <input_file_ref idref="fl-159"/>
      </object_component>
      <object_component id="oc-36">
         <name>.text</name>
         <load_address>0x20006740</load_address>
         <run_address>0x20006740</run_address>
         <size>0x9c</size>
         <input_file_ref idref="fl-134"/>
      </object_component>
      <object_component id="oc-143">
         <name>.text:PRCMPeripheralClockGet</name>
         <load_address>0x200067dc</load_address>
         <run_address>0x200067dc</run_address>
         <size>0x94</size>
         <input_file_ref idref="fl-15b"/>
      </object_component>
      <object_component id="oc-220">
         <name>.text:PinConfigSet</name>
         <load_address>0x20006870</load_address>
         <run_address>0x20006870</run_address>
         <size>0x88</size>
         <input_file_ref idref="fl-15a"/>
      </object_component>
      <object_component id="oc-155">
         <name>.text</name>
         <load_address>0x200068f8</load_address>
         <run_address>0x200068f8</run_address>
         <size>0x88</size>
         <input_file_ref idref="fl-13c"/>
      </object_component>
      <object_component id="oc-22f">
         <name>.text:__aeabi_cdcmple</name>
         <load_address>0x20006980</load_address>
         <run_address>0x20006980</run_address>
         <size>0x86</size>
         <input_file_ref idref="fl-145"/>
      </object_component>
      <object_component id="oc-234">
         <name>.text:__aeabi_cdrcmple</name>
         <load_address>0x20006a06</load_address>
         <run_address>0x20006a06</run_address>
         <size>0x86</size>
         <input_file_ref idref="fl-145"/>
      </object_component>
      <object_component id="oc-4f">
         <name>.text</name>
         <load_address>0x20006a8c</load_address>
         <run_address>0x20006a8c</run_address>
         <size>0x7a</size>
         <input_file_ref idref="fl-137"/>
      </object_component>
      <object_component id="oc-149">
         <name>.text:UARTConfigSetExpClk</name>
         <load_address>0x20006b06</load_address>
         <run_address>0x20006b06</run_address>
         <size>0x76</size>
         <input_file_ref idref="fl-15c"/>
      </object_component>
      <object_component id="oc-61">
         <name>.text</name>
         <load_address>0x20006b7c</load_address>
         <run_address>0x20006b7c</run_address>
         <size>0x6c</size>
         <input_file_ref idref="fl-141"/>
      </object_component>
      <object_component id="oc-42">
         <name>.text</name>
         <load_address>0x20006be8</load_address>
         <run_address>0x20006be8</run_address>
         <size>0x6a</size>
         <input_file_ref idref="fl-12e"/>
      </object_component>
      <object_component id="oc-29d">
         <name>.text</name>
         <load_address>0x20006c52</load_address>
         <run_address>0x20006c52</run_address>
         <size>0x66</size>
         <input_file_ref idref="fl-150"/>
      </object_component>
      <object_component id="oc-1b0">
         <name>.text:PRCMPeripheralReset</name>
         <load_address>0x20006cb8</load_address>
         <run_address>0x20006cb8</run_address>
         <size>0x58</size>
         <input_file_ref idref="fl-15b"/>
      </object_component>
      <object_component id="oc-23e">
         <name>.text</name>
         <load_address>0x20006d10</load_address>
         <run_address>0x20006d10</run_address>
         <size>0x56</size>
         <input_file_ref idref="fl-14a"/>
      </object_component>
      <object_component id="oc-26c">
         <name>.text</name>
         <load_address>0x20006d68</load_address>
         <run_address>0x20006d68</run_address>
         <size>0x4c</size>
         <input_file_ref idref="fl-140"/>
      </object_component>
      <object_component id="oc-97">
         <name>.text</name>
         <load_address>0x20006db4</load_address>
         <run_address>0x20006db4</run_address>
         <size>0x4c</size>
         <input_file_ref idref="fl-142"/>
      </object_component>
      <object_component id="oc-239">
         <name>.text</name>
         <load_address>0x20006e00</load_address>
         <run_address>0x20006e00</run_address>
         <size>0x48</size>
         <input_file_ref idref="fl-146"/>
      </object_component>
      <object_component id="oc-254">
         <name>.text</name>
         <load_address>0x20006e48</load_address>
         <run_address>0x20006e48</run_address>
         <size>0x46</size>
         <input_file_ref idref="fl-149"/>
      </object_component>
      <object_component id="oc-6d">
         <name>.text</name>
         <load_address>0x20006e90</load_address>
         <run_address>0x20006e90</run_address>
         <size>0x44</size>
         <input_file_ref idref="fl-130"/>
      </object_component>
      <object_component id="oc-1bd">
         <name>.text:PinModeSet</name>
         <load_address>0x20006ed4</load_address>
         <run_address>0x20006ed4</run_address>
         <size>0x40</size>
         <input_file_ref idref="fl-15a"/>
      </object_component>
      <object_component id="oc-30c">
         <name>.text</name>
         <load_address>0x20006f14</load_address>
         <run_address>0x20006f14</run_address>
         <size>0x40</size>
         <input_file_ref idref="fl-156"/>
      </object_component>
      <object_component id="oc-1aa">
         <name>.text:PRCMPeripheralClkEnable</name>
         <load_address>0x20006f54</load_address>
         <run_address>0x20006f54</run_address>
         <size>0x3c</size>
         <input_file_ref idref="fl-15b"/>
      </object_component>
      <object_component id="oc-24">
         <name>.text</name>
         <load_address>0x20006f90</load_address>
         <run_address>0x20006f90</run_address>
         <size>0x3c</size>
         <input_file_ref idref="fl-12c"/>
      </object_component>
      <object_component id="oc-108">
         <name>.text:ADCChannelDisable</name>
         <load_address>0x20006fcc</load_address>
         <run_address>0x20006fcc</run_address>
         <size>0x38</size>
         <input_file_ref idref="fl-158"/>
      </object_component>
      <object_component id="oc-f6">
         <name>.text:ADCChannelEnable</name>
         <load_address>0x20007004</load_address>
         <run_address>0x20007004</run_address>
         <size>0x38</size>
         <input_file_ref idref="fl-158"/>
      </object_component>
      <object_component id="oc-113">
         <name>.text</name>
         <load_address>0x2000703c</load_address>
         <run_address>0x2000703c</run_address>
         <size>0x38</size>
         <input_file_ref idref="fl-133"/>
      </object_component>
      <object_component id="oc-2d8">
         <name>.text</name>
         <load_address>0x20007074</load_address>
         <run_address>0x20007074</run_address>
         <size>0x34</size>
         <input_file_ref idref="fl-154"/>
      </object_component>
      <object_component id="oc-1e1">
         <name>.text:UARTDisable</name>
         <load_address>0x200070a8</load_address>
         <run_address>0x200070a8</run_address>
         <size>0x30</size>
         <input_file_ref idref="fl-15c"/>
      </object_component>
      <object_component id="oc-2ab">
         <name>.text</name>
         <load_address>0x200070d8</load_address>
         <run_address>0x200070d8</run_address>
         <size>0x30</size>
         <input_file_ref idref="fl-151"/>
      </object_component>
      <object_component id="oc-244">
         <name>.text</name>
         <load_address>0x20007108</load_address>
         <run_address>0x20007108</run_address>
         <size>0x2e</size>
         <input_file_ref idref="fl-148"/>
      </object_component>
      <object_component id="oc-2fc">
         <name>.text</name>
         <load_address>0x20007136</load_address>
         <run_address>0x20007136</run_address>
         <size>0x2e</size>
         <input_file_ref idref="fl-155"/>
      </object_component>
      <object_component id="oc-198">
         <name>.text:PRCMSysResetCauseGet</name>
         <load_address>0x20007164</load_address>
         <run_address>0x20007164</run_address>
         <size>0x2c</size>
         <input_file_ref idref="fl-15b"/>
      </object_component>
      <object_component id="oc-260">
         <name>.text</name>
         <load_address>0x20007190</load_address>
         <run_address>0x20007190</run_address>
         <size>0x2a</size>
         <input_file_ref idref="fl-14e"/>
      </object_component>
      <object_component id="oc-1b6">
         <name>.text:PRCMPeripheralClkDisable</name>
         <load_address>0x200071bc</load_address>
         <run_address>0x200071bc</run_address>
         <size>0x28</size>
         <input_file_ref idref="fl-15b"/>
      </object_component>
      <object_component id="oc-1e7">
         <name>.text:UARTEnable</name>
         <load_address>0x200071e4</load_address>
         <run_address>0x200071e4</run_address>
         <size>0x24</size>
         <input_file_ref idref="fl-15c"/>
      </object_component>
      <object_component id="oc-16d">
         <name>.text</name>
         <load_address>0x20007208</load_address>
         <run_address>0x20007208</run_address>
         <size>0x24</size>
         <input_file_ref idref="fl-135"/>
      </object_component>
      <object_component id="oc-10e">
         <name>.text</name>
         <load_address>0x2000722c</load_address>
         <run_address>0x2000722c</run_address>
         <size>0x24</size>
         <input_file_ref idref="fl-13b"/>
      </object_component>
      <object_component id="oc-24e">
         <name>.text</name>
         <load_address>0x20007250</load_address>
         <run_address>0x20007250</run_address>
         <size>0x22</size>
         <input_file_ref idref="fl-147"/>
      </object_component>
      <object_component id="oc-14f">
         <name>.text:UARTCharPut</name>
         <load_address>0x20007272</load_address>
         <run_address>0x20007272</run_address>
         <size>0x1e</size>
         <input_file_ref idref="fl-15c"/>
      </object_component>
      <object_component id="oc-fc">
         <name>.text:ADCFIFOLvlGet</name>
         <load_address>0x20007290</load_address>
         <run_address>0x20007290</run_address>
         <size>0x1c</size>
         <input_file_ref idref="fl-158"/>
      </object_component>
      <object_component id="oc-161">
         <name>.text:UARTCharGetNonBlocking</name>
         <load_address>0x200072ac</load_address>
         <run_address>0x200072ac</run_address>
         <size>0x1c</size>
         <input_file_ref idref="fl-15c"/>
      </object_component>
      <object_component id="oc-266">
         <name>.text</name>
         <load_address>0x200072c8</load_address>
         <run_address>0x200072c8</run_address>
         <size>0x1c</size>
         <input_file_ref idref="fl-14b"/>
      </object_component>
      <object_component id="oc-1c9">
         <name>.text:PinTypeUART</name>
         <load_address>0x200072e4</load_address>
         <run_address>0x200072e4</run_address>
         <size>0x1a</size>
         <input_file_ref idref="fl-15a"/>
      </object_component>
      <object_component id="oc-102">
         <name>.text:ADCFIFORead</name>
         <load_address>0x200072fe</load_address>
         <run_address>0x200072fe</run_address>
         <size>0x18</size>
         <input_file_ref idref="fl-158"/>
      </object_component>
      <object_component id="oc-15b">
         <name>.text:UARTCharsAvail</name>
         <load_address>0x20007316</load_address>
         <run_address>0x20007316</run_address>
         <size>0x18</size>
         <input_file_ref idref="fl-15c"/>
      </object_component>
      <object_component id="oc-67">
         <name>.text</name>
         <load_address>0x20007330</load_address>
         <run_address>0x20007330</run_address>
         <size>0x18</size>
         <input_file_ref idref="fl-13f"/>
      </object_component>
      <object_component id="oc-19e">
         <name>.text:PRCMHIBRegRead</name>
         <load_address>0x20007348</load_address>
         <run_address>0x20007348</run_address>
         <size>0x16</size>
         <input_file_ref idref="fl-15b"/>
      </object_component>
      <object_component id="oc-1a4">
         <name>.text:PRCMHIBRegWrite</name>
         <load_address>0x2000735e</load_address>
         <run_address>0x2000735e</run_address>
         <size>0x16</size>
         <input_file_ref idref="fl-15b"/>
      </object_component>
      <object_component id="oc-25a">
         <name>.text</name>
         <load_address>0x20007374</load_address>
         <run_address>0x20007374</run_address>
         <size>0x16</size>
         <input_file_ref idref="fl-14c"/>
      </object_component>
      <object_component id="oc-f0">
         <name>.text:ADCEnable</name>
         <load_address>0x2000738a</load_address>
         <run_address>0x2000738a</run_address>
         <size>0x14</size>
         <input_file_ref idref="fl-158"/>
      </object_component>
      <object_component id="oc-188">
         <name>.text:CPUcpsie</name>
         <load_address>0x2000739e</load_address>
         <run_address>0x2000739e</run_address>
         <size>0x14</size>
         <input_file_ref idref="fl-15e"/>
      </object_component>
      <object_component id="oc-d2">
         <name>.text:IntVTableBaseSet</name>
         <load_address>0x200073b4</load_address>
         <run_address>0x200073b4</run_address>
         <size>0x14</size>
         <input_file_ref idref="fl-159"/>
      </object_component>
      <object_component id="oc-1c3">
         <name>.text:PinTypeADC</name>
         <load_address>0x200073c8</load_address>
         <run_address>0x200073c8</run_address>
         <size>0x14</size>
         <input_file_ref idref="fl-15a"/>
      </object_component>
      <object_component id="oc-12e">
         <name>.text</name>
         <load_address>0x200073dc</load_address>
         <run_address>0x200073dc</run_address>
         <size>0x14</size>
         <input_file_ref idref="fl-13d"/>
      </object_component>
      <object_component id="oc-167">
         <name>.text</name>
         <load_address>0x200073f0</load_address>
         <run_address>0x200073f0</run_address>
         <size>0x14</size>
         <input_file_ref idref="fl-13a"/>
      </object_component>
      <object_component id="oc-12">
         <name>.text:decompress:none</name>
         <load_address>0x20007404</load_address>
         <run_address>0x20007404</run_address>
         <size>0xe</size>
         <input_file_ref idref="fl-12d"/>
      </object_component>
      <object_component id="oc-2d">
         <name>.text</name>
         <load_address>0x20007412</load_address>
         <run_address>0x20007412</run_address>
         <size>0xe</size>
         <input_file_ref idref="fl-4"/>
      </object_component>
      <object_component id="oc-1e">
         <name>.text:decompress:ZI</name>
         <load_address>0x20007420</load_address>
         <run_address>0x20007420</run_address>
         <size>0xc</size>
         <input_file_ref idref="fl-12f"/>
      </object_component>
      <object_component id="oc-d8">
         <name>.text:IntMasterEnable</name>
         <load_address>0x2000742c</load_address>
         <run_address>0x2000742c</run_address>
         <size>0xa</size>
         <input_file_ref idref="fl-159"/>
      </object_component>
      <object_component id="oc-212">
         <name>.text:UtilsDelay</name>
         <load_address>0x20007436</load_address>
         <run_address>0x20007436</run_address>
         <size>0x6</size>
         <input_file_ref idref="fl-15d"/>
      </object_component>
      <object_component id="oc-18">
         <name>.text:decompress:rle24</name>
         <load_address>0x2000743c</load_address>
         <run_address>0x2000743c</run_address>
         <size>0x6</size>
         <input_file_ref idref="fl-12e"/>
      </object_component>
      <object_component id="oc-5b">
         <name>.text</name>
         <load_address>0x20007442</load_address>
         <run_address>0x20007442</run_address>
         <size>0x4</size>
         <input_file_ref idref="fl-138"/>
      </object_component>
      <object_component id="oc-2b9">
         <name>.const:.string:_ctypes_</name>
         <load_address>0x20007448</load_address>
         <run_address>0x20007448</run_address>
         <size>0x101</size>
         <input_file_ref idref="fl-143"/>
      </object_component>
      <object_component id="oc-21c">
         <name>.const:g_ulPinToPadMap</name>
         <load_address>0x2000754c</load_address>
         <run_address>0x2000754c</run_address>
         <size>0x100</size>
         <input_file_ref idref="fl-15a"/>
      </object_component>
      <object_component id="oc-215">
         <name>.const:PRCM_PeriphRegsList</name>
         <load_address>0x2000764c</load_address>
         <run_address>0x2000764c</run_address>
         <size>0xa8</size>
         <input_file_ref idref="fl-15b"/>
      </object_component>
      <object_component id="oc-194">
         <name>.const</name>
         <load_address>0x200076f4</load_address>
         <run_address>0x200076f4</run_address>
         <size>0x80</size>
         <input_file_ref idref="fl-159"/>
      </object_component>
      <object_component id="oc-352">
         <name>.cinit..data.load</name>
         <load_address>0x20007778</load_address>
         <run_address>0x20007778</run_address>
         <size>0x4e</size>
      </object_component>
      <object_component id="oc-350">
         <name>__TI_handler_table</name>
         <load_address>0x200077c8</load_address>
         <run_address>0x200077c8</run_address>
         <size>0xc</size>
      </object_component>
      <object_component id="oc-353">
         <name>.cinit..bss.load</name>
         <load_address>0x200077d8</load_address>
         <run_address>0x200077d8</run_address>
         <size>0x8</size>
      </object_component>
      <object_component id="oc-351">
         <name>__TI_cinit_table</name>
         <load_address>0x200077e0</load_address>
         <run_address>0x200077e0</run_address>
         <size>0x10</size>
      </object_component>
      <object_component id="oc-2a">
         <name>.sysmem</name>
         <uninitialized>true</uninitialized>
         <run_address>0x20017000</run_address>
         <size>0x8</size>
         <input_file_ref idref="fl-136"/>
      </object_component>
      <object_component id="oc-355">
         <name>.sysmem</name>
         <uninitialized>true</uninitialized>
         <run_address>0x20017000</run_address>
         <size>0x0</size>
      </object_component>
      <object_component id="oc-29">
         <name>.stack</name>
         <uninitialized>true</uninitialized>
         <run_address>0x2002f000</run_address>
         <size>0x0</size>
         <input_file_ref idref="fl-12c"/>
      </object_component>
      <object_component id="oc-354">
         <name>.stack</name>
         <uninitialized>true</uninitialized>
         <run_address>0x2002f000</run_address>
         <size>0x0</size>
      </object_component>
      <object_component id="oc-122">
         <name>.bss:pulAdcSamples</name>
         <uninitialized>true</uninitialized>
         <run_address>0x2001f000</run_address>
         <size>0x4000</size>
         <input_file_ref idref="fl-2"/>
      </object_component>
      <object_component id="oc-179">
         <name>.common:__Errorlog</name>
         <uninitialized>true</uninitialized>
         <run_address>0x20023000</run_address>
         <size>0x4</size>
      </object_component>
      <object_component id="oc-aa">
         <name>.data</name>
         <load_address>0x2002314c</load_address>
         <run_address>0x2002314c</run_address>
         <size>0x8</size>
         <input_file_ref idref="fl-130"/>
      </object_component>
      <object_component id="oc-207">
         <name>.data</name>
         <load_address>0x20023138</load_address>
         <run_address>0x20023138</run_address>
         <size>0xc</size>
         <input_file_ref idref="fl-136"/>
      </object_component>
      <object_component id="oc-73">
         <name>.data</name>
         <load_address>0x20023160</load_address>
         <run_address>0x20023160</run_address>
         <size>0x4</size>
         <input_file_ref idref="fl-139"/>
      </object_component>
      <object_component id="oc-a7">
         <name>.data</name>
         <load_address>0x20023144</load_address>
         <run_address>0x20023144</run_address>
         <size>0x8</size>
         <input_file_ref idref="fl-13d"/>
      </object_component>
      <object_component id="oc-2d3">
         <name>.data</name>
         <load_address>0x200230b8</load_address>
         <run_address>0x200230b8</run_address>
         <size>0x80</size>
         <input_file_ref idref="fl-152"/>
      </object_component>
      <object_component id="oc-2de">
         <name>.data</name>
         <load_address>0x2002315c</load_address>
         <run_address>0x2002315c</run_address>
         <size>0x4</size>
         <input_file_ref idref="fl-153"/>
      </object_component>
      <object_component id="oc-302">
         <name>.data</name>
         <load_address>0x20023154</load_address>
         <run_address>0x20023154</run_address>
         <size>0x8</size>
         <input_file_ref idref="fl-154"/>
      </object_component>
      <object_component id="oc-31d">
         <name>.data:sigtable</name>
         <load_address>0x20023008</load_address>
         <run_address>0x20023008</run_address>
         <size>0xb0</size>
         <input_file_ref idref="fl-156"/>
      </object_component>
      <object_component id="oc-126">
         <name>.debug_info</name>
         <load_address>0x0</load_address>
         <run_address>0x0</run_address>
         <size>0x333</size>
         <input_file_ref idref="fl-2"/>
      </object_component>
      <object_component id="oc-123">
         <name>.debug_info</name>
         <load_address>0x333</load_address>
         <run_address>0x333</run_address>
         <size>0xd5</size>
         <input_file_ref idref="fl-2"/>
      </object_component>
      <object_component id="oc-a0">
         <name>.debug_info</name>
         <load_address>0x408</load_address>
         <run_address>0x408</run_address>
         <size>0x38b</size>
         <input_file_ref idref="fl-2"/>
      </object_component>
      <object_component id="oc-28c">
         <name>.debug_info</name>
         <load_address>0x793</load_address>
         <run_address>0x793</run_address>
         <size>0x62</size>
         <input_file_ref idref="fl-2"/>
      </object_component>
      <object_component id="oc-7e">
         <name>.debug_info</name>
         <load_address>0x7f5</load_address>
         <run_address>0x7f5</run_address>
         <size>0x84</size>
         <input_file_ref idref="fl-2"/>
      </object_component>
      <object_component id="oc-18f">
         <name>.debug_info</name>
         <load_address>0x879</load_address>
         <run_address>0x879</run_address>
         <size>0x2c</size>
         <input_file_ref idref="fl-2"/>
      </object_component>
      <object_component id="oc-8e">
         <name>.debug_info</name>
         <load_address>0x8a5</load_address>
         <run_address>0x8a5</run_address>
         <size>0x2c</size>
         <input_file_ref idref="fl-2"/>
      </object_component>
      <object_component id="oc-17d">
         <name>.debug_info</name>
         <load_address>0x8d1</load_address>
         <run_address>0x8d1</run_address>
         <size>0x4e</size>
         <input_file_ref idref="fl-2"/>
      </object_component>
      <object_component id="oc-eb">
         <name>.debug_info</name>
         <load_address>0x91f</load_address>
         <run_address>0x91f</run_address>
         <size>0x2f1</size>
         <input_file_ref idref="fl-3"/>
      </object_component>
      <object_component id="oc-35">
         <name>.debug_info</name>
         <load_address>0xc10</load_address>
         <run_address>0xc10</run_address>
         <size>0x121</size>
         <input_file_ref idref="fl-4"/>
      </object_component>
      <object_component id="oc-10">
         <name>.debug_info</name>
         <load_address>0xd31</load_address>
         <run_address>0xd31</run_address>
         <size>0x106</size>
         <input_file_ref idref="fl-4"/>
      </object_component>
      <object_component id="oc-2e">
         <name>.debug_info</name>
         <load_address>0xe37</load_address>
         <run_address>0xe37</run_address>
         <size>0x427</size>
         <input_file_ref idref="fl-4"/>
      </object_component>
      <object_component id="oc-17a">
         <name>.debug_info</name>
         <load_address>0x125e</load_address>
         <run_address>0x125e</run_address>
         <size>0x3a1</size>
         <input_file_ref idref="fl-5"/>
      </object_component>
      <object_component id="oc-cd">
         <name>.debug_info</name>
         <load_address>0x15ff</load_address>
         <run_address>0x15ff</run_address>
         <size>0x8da</size>
         <input_file_ref idref="fl-5"/>
      </object_component>
      <object_component id="oc-182">
         <name>.debug_info</name>
         <load_address>0x1ed9</load_address>
         <run_address>0x1ed9</run_address>
         <size>0x110</size>
         <input_file_ref idref="fl-5"/>
      </object_component>
      <object_component id="oc-27">
         <name>.debug_info</name>
         <load_address>0x1fe9</load_address>
         <run_address>0x1fe9</run_address>
         <size>0x11c</size>
         <input_file_ref idref="fl-12c"/>
      </object_component>
      <object_component id="oc-41">
         <name>.debug_info</name>
         <load_address>0x2105</load_address>
         <run_address>0x2105</run_address>
         <size>0x109</size>
         <input_file_ref idref="fl-12d"/>
      </object_component>
      <object_component id="oc-15">
         <name>.debug_info</name>
         <load_address>0x220e</load_address>
         <run_address>0x220e</run_address>
         <size>0x1a8</size>
         <input_file_ref idref="fl-12d"/>
      </object_component>
      <object_component id="oc-3c">
         <name>.debug_info</name>
         <load_address>0x23b6</load_address>
         <run_address>0x23b6</run_address>
         <size>0x46</size>
         <input_file_ref idref="fl-12d"/>
      </object_component>
      <object_component id="oc-84">
         <name>.debug_info</name>
         <load_address>0x23fc</load_address>
         <run_address>0x23fc</run_address>
         <size>0x2c</size>
         <input_file_ref idref="fl-12d"/>
      </object_component>
      <object_component id="oc-49">
         <name>.debug_info</name>
         <load_address>0x2428</load_address>
         <run_address>0x2428</run_address>
         <size>0xfd</size>
         <input_file_ref idref="fl-12e"/>
      </object_component>
      <object_component id="oc-44">
         <name>.debug_info</name>
         <load_address>0x2525</load_address>
         <run_address>0x2525</run_address>
         <size>0x210</size>
         <input_file_ref idref="fl-12e"/>
      </object_component>
      <object_component id="oc-1a">
         <name>.debug_info</name>
         <load_address>0x2735</load_address>
         <run_address>0x2735</run_address>
         <size>0x17a</size>
         <input_file_ref idref="fl-12e"/>
      </object_component>
      <object_component id="oc-4a">
         <name>.debug_info</name>
         <load_address>0x28af</load_address>
         <run_address>0x28af</run_address>
         <size>0x39</size>
         <input_file_ref idref="fl-12e"/>
      </object_component>
      <object_component id="oc-5a">
         <name>.debug_info</name>
         <load_address>0x28e8</load_address>
         <run_address>0x28e8</run_address>
         <size>0xf8</size>
         <input_file_ref idref="fl-12f"/>
      </object_component>
      <object_component id="oc-1f">
         <name>.debug_info</name>
         <load_address>0x29e0</load_address>
         <run_address>0x29e0</run_address>
         <size>0x173</size>
         <input_file_ref idref="fl-12f"/>
      </object_component>
      <object_component id="oc-55">
         <name>.debug_info</name>
         <load_address>0x2b53</load_address>
         <run_address>0x2b53</run_address>
         <size>0x46</size>
         <input_file_ref idref="fl-12f"/>
      </object_component>
      <object_component id="oc-ae">
         <name>.debug_info</name>
         <load_address>0x2b99</load_address>
         <run_address>0x2b99</run_address>
         <size>0x15a</size>
         <input_file_ref idref="fl-130"/>
      </object_component>
      <object_component id="oc-ab">
         <name>.debug_info</name>
         <load_address>0x2cf3</load_address>
         <run_address>0x2cf3</run_address>
         <size>0xff</size>
         <input_file_ref idref="fl-130"/>
      </object_component>
      <object_component id="oc-6f">
         <name>.debug_info</name>
         <load_address>0x2df2</load_address>
         <run_address>0x2df2</run_address>
         <size>0x1d6</size>
         <input_file_ref idref="fl-130"/>
      </object_component>
      <object_component id="oc-11e">
         <name>.debug_info</name>
         <load_address>0x2fc8</load_address>
         <run_address>0x2fc8</run_address>
         <size>0xff</size>
         <input_file_ref idref="fl-131"/>
      </object_component>
      <object_component id="oc-119">
         <name>.debug_info</name>
         <load_address>0x30c7</load_address>
         <run_address>0x30c7</run_address>
         <size>0xff</size>
         <input_file_ref idref="fl-132"/>
      </object_component>
      <object_component id="oc-115">
         <name>.debug_info</name>
         <load_address>0x31c6</load_address>
         <run_address>0x31c6</run_address>
         <size>0xf1</size>
         <input_file_ref idref="fl-133"/>
      </object_component>
      <object_component id="oc-37">
         <name>.debug_info</name>
         <load_address>0x32b7</load_address>
         <run_address>0x32b7</run_address>
         <size>0xde</size>
         <input_file_ref idref="fl-134"/>
      </object_component>
      <object_component id="oc-206">
         <name>.debug_info</name>
         <load_address>0x3395</load_address>
         <run_address>0x3395</run_address>
         <size>0xf5</size>
         <input_file_ref idref="fl-135"/>
      </object_component>
      <object_component id="oc-16e">
         <name>.debug_info</name>
         <load_address>0x348a</load_address>
         <run_address>0x348a</run_address>
         <size>0x174</size>
         <input_file_ref idref="fl-135"/>
      </object_component>
      <object_component id="oc-79">
         <name>.debug_info</name>
         <load_address>0x35fe</load_address>
         <run_address>0x35fe</run_address>
         <size>0x1eb</size>
         <input_file_ref idref="fl-136"/>
      </object_component>
      <object_component id="oc-2b">
         <name>.debug_info</name>
         <load_address>0x37e9</load_address>
         <run_address>0x37e9</run_address>
         <size>0xca</size>
         <input_file_ref idref="fl-136"/>
      </object_component>
      <object_component id="oc-208">
         <name>.debug_info</name>
         <load_address>0x38b3</load_address>
         <run_address>0x38b3</run_address>
         <size>0x115</size>
         <input_file_ref idref="fl-136"/>
      </object_component>
      <object_component id="oc-174">
         <name>.debug_info</name>
         <load_address>0x39c8</load_address>
         <run_address>0x39c8</run_address>
         <size>0x854</size>
         <input_file_ref idref="fl-136"/>
      </object_component>
      <object_component id="oc-b4">
         <name>.debug_info</name>
         <load_address>0x421c</load_address>
         <run_address>0x421c</run_address>
         <size>0x2c</size>
         <input_file_ref idref="fl-136"/>
      </object_component>
      <object_component id="oc-b9">
         <name>.debug_info</name>
         <load_address>0x4248</load_address>
         <run_address>0x4248</run_address>
         <size>0x62</size>
         <input_file_ref idref="fl-136"/>
      </object_component>
      <object_component id="oc-50">
         <name>.debug_info</name>
         <load_address>0x42aa</load_address>
         <run_address>0x42aa</run_address>
         <size>0x10c</size>
         <input_file_ref idref="fl-137"/>
      </object_component>
      <object_component id="oc-5c">
         <name>.debug_info</name>
         <load_address>0x43b6</load_address>
         <run_address>0x43b6</run_address>
         <size>0x111</size>
         <input_file_ref idref="fl-138"/>
      </object_component>
      <object_component id="oc-74">
         <name>.debug_info</name>
         <load_address>0x44c7</load_address>
         <run_address>0x44c7</run_address>
         <size>0xd2</size>
         <input_file_ref idref="fl-139"/>
      </object_component>
      <object_component id="oc-204">
         <name>.debug_info</name>
         <load_address>0x4599</load_address>
         <run_address>0x4599</run_address>
         <size>0xb3</size>
         <input_file_ref idref="fl-13a"/>
      </object_component>
      <object_component id="oc-168">
         <name>.debug_info</name>
         <load_address>0x464c</load_address>
         <run_address>0x464c</run_address>
         <size>0x193</size>
         <input_file_ref idref="fl-13a"/>
      </object_component>
      <object_component id="oc-110">
         <name>.debug_info</name>
         <load_address>0x47df</load_address>
         <run_address>0x47df</run_address>
         <size>0xf0</size>
         <input_file_ref idref="fl-13b"/>
      </object_component>
      <object_component id="oc-1f6">
         <name>.debug_info</name>
         <load_address>0x48cf</load_address>
         <run_address>0x48cf</run_address>
         <size>0x191</size>
         <input_file_ref idref="fl-13c"/>
      </object_component>
      <object_component id="oc-156">
         <name>.debug_info</name>
         <load_address>0x4a60</load_address>
         <run_address>0x4a60</run_address>
         <size>0x325</size>
         <input_file_ref idref="fl-13c"/>
      </object_component>
      <object_component id="oc-1f7">
         <name>.debug_info</name>
         <load_address>0x4d85</load_address>
         <run_address>0x4d85</run_address>
         <size>0x2c</size>
         <input_file_ref idref="fl-13c"/>
      </object_component>
      <object_component id="oc-1fc">
         <name>.debug_info</name>
         <load_address>0x4db1</load_address>
         <run_address>0x4db1</run_address>
         <size>0x69</size>
         <input_file_ref idref="fl-13c"/>
      </object_component>
      <object_component id="oc-136">
         <name>.debug_info</name>
         <load_address>0x4e1a</load_address>
         <run_address>0x4e1a</run_address>
         <size>0xed</size>
         <input_file_ref idref="fl-13d"/>
      </object_component>
      <object_component id="oc-a8">
         <name>.debug_info</name>
         <load_address>0x4f07</load_address>
         <run_address>0x4f07</run_address>
         <size>0xdc</size>
         <input_file_ref idref="fl-13d"/>
      </object_component>
      <object_component id="oc-130">
         <name>.debug_info</name>
         <load_address>0x4fe3</load_address>
         <run_address>0x4fe3</run_address>
         <size>0x1e8</size>
         <input_file_ref idref="fl-13d"/>
      </object_component>
      <object_component id="oc-273">
         <name>.debug_info</name>
         <load_address>0x51cb</load_address>
         <run_address>0x51cb</run_address>
         <size>0x320</size>
         <input_file_ref idref="fl-13e"/>
      </object_component>
      <object_component id="oc-1f0">
         <name>.debug_info</name>
         <load_address>0x54eb</load_address>
         <run_address>0x54eb</run_address>
         <size>0x17d0</size>
         <input_file_ref idref="fl-13e"/>
      </object_component>
      <object_component id="oc-274">
         <name>.debug_info</name>
         <load_address>0x6cbb</load_address>
         <run_address>0x6cbb</run_address>
         <size>0x86</size>
         <input_file_ref idref="fl-13e"/>
      </object_component>
      <object_component id="oc-2c0">
         <name>.debug_info</name>
         <load_address>0x6d41</load_address>
         <run_address>0x6d41</run_address>
         <size>0x46</size>
         <input_file_ref idref="fl-13e"/>
      </object_component>
      <object_component id="oc-279">
         <name>.debug_info</name>
         <load_address>0x6d87</load_address>
         <run_address>0x6d87</run_address>
         <size>0x39</size>
         <input_file_ref idref="fl-13e"/>
      </object_component>
      <object_component id="oc-a6">
         <name>.debug_info</name>
         <load_address>0x6dc0</load_address>
         <run_address>0x6dc0</run_address>
         <size>0x12f</size>
         <input_file_ref idref="fl-13f"/>
      </object_component>
      <object_component id="oc-69">
         <name>.debug_info</name>
         <load_address>0x6eef</load_address>
         <run_address>0x6eef</run_address>
         <size>0x130</size>
         <input_file_ref idref="fl-13f"/>
      </object_component>
      <object_component id="oc-129">
         <name>.debug_info</name>
         <load_address>0x701f</load_address>
         <run_address>0x701f</run_address>
         <size>0x5e</size>
         <input_file_ref idref="fl-13f"/>
      </object_component>
      <object_component id="oc-2bd">
         <name>.debug_info</name>
         <load_address>0x707d</load_address>
         <run_address>0x707d</run_address>
         <size>0xdd</size>
         <input_file_ref idref="fl-140"/>
      </object_component>
      <object_component id="oc-26d">
         <name>.debug_info</name>
         <load_address>0x715a</load_address>
         <run_address>0x715a</run_address>
         <size>0x13a</size>
         <input_file_ref idref="fl-140"/>
      </object_component>
      <object_component id="oc-9e">
         <name>.debug_info</name>
         <load_address>0x7294</load_address>
         <run_address>0x7294</run_address>
         <size>0x286</size>
         <input_file_ref idref="fl-141"/>
      </object_component>
      <object_component id="oc-62">
         <name>.debug_info</name>
         <load_address>0x751a</load_address>
         <run_address>0x751a</run_address>
         <size>0x140</size>
         <input_file_ref idref="fl-141"/>
      </object_component>
      <object_component id="oc-c2">
         <name>.debug_info</name>
         <load_address>0x765a</load_address>
         <run_address>0x765a</run_address>
         <size>0x39</size>
         <input_file_ref idref="fl-141"/>
      </object_component>
      <object_component id="oc-c7">
         <name>.debug_info</name>
         <load_address>0x7693</load_address>
         <run_address>0x7693</run_address>
         <size>0xcd</size>
         <input_file_ref idref="fl-141"/>
      </object_component>
      <object_component id="oc-bf">
         <name>.debug_info</name>
         <load_address>0x7760</load_address>
         <run_address>0x7760</run_address>
         <size>0x1a9</size>
         <input_file_ref idref="fl-142"/>
      </object_component>
      <object_component id="oc-98">
         <name>.debug_info</name>
         <load_address>0x7909</load_address>
         <run_address>0x7909</run_address>
         <size>0x14c</size>
         <input_file_ref idref="fl-142"/>
      </object_component>
      <object_component id="oc-13e">
         <name>.debug_info</name>
         <load_address>0x7a55</load_address>
         <run_address>0x7a55</run_address>
         <size>0x2c</size>
         <input_file_ref idref="fl-142"/>
      </object_component>
      <object_component id="oc-2ec">
         <name>.debug_info</name>
         <load_address>0x7a81</load_address>
         <run_address>0x7a81</run_address>
         <size>0xb7</size>
         <input_file_ref idref="fl-143"/>
      </object_component>
      <object_component id="oc-2ba">
         <name>.debug_info</name>
         <load_address>0x7b38</load_address>
         <run_address>0x7b38</run_address>
         <size>0xc3</size>
         <input_file_ref idref="fl-143"/>
      </object_component>
      <object_component id="oc-24b">
         <name>.debug_info</name>
         <load_address>0x7bfb</load_address>
         <run_address>0x7bfb</run_address>
         <size>0x111</size>
         <input_file_ref idref="fl-144"/>
      </object_component>
      <object_component id="oc-230">
         <name>.debug_info</name>
         <load_address>0x7d0c</load_address>
         <run_address>0x7d0c</run_address>
         <size>0xed</size>
         <input_file_ref idref="fl-145"/>
      </object_component>
      <object_component id="oc-235">
         <name>.debug_info</name>
         <load_address>0x7df9</load_address>
         <run_address>0x7df9</run_address>
         <size>0xef</size>
         <input_file_ref idref="fl-145"/>
      </object_component>
      <object_component id="oc-23a">
         <name>.debug_info</name>
         <load_address>0x7ee8</load_address>
         <run_address>0x7ee8</run_address>
         <size>0xf3</size>
         <input_file_ref idref="fl-146"/>
      </object_component>
      <object_component id="oc-2a4">
         <name>.debug_info</name>
         <load_address>0x7fdb</load_address>
         <run_address>0x7fdb</run_address>
         <size>0xe6</size>
         <input_file_ref idref="fl-147"/>
      </object_component>
      <object_component id="oc-24f">
         <name>.debug_info</name>
         <load_address>0x80c1</load_address>
         <run_address>0x80c1</run_address>
         <size>0x155</size>
         <input_file_ref idref="fl-147"/>
      </object_component>
      <object_component id="oc-245">
         <name>.debug_info</name>
         <load_address>0x8216</load_address>
         <run_address>0x8216</run_address>
         <size>0xf1</size>
         <input_file_ref idref="fl-148"/>
      </object_component>
      <object_component id="oc-2b2">
         <name>.debug_info</name>
         <load_address>0x8307</load_address>
         <run_address>0x8307</run_address>
         <size>0x12a</size>
         <input_file_ref idref="fl-149"/>
      </object_component>
      <object_component id="oc-255">
         <name>.debug_info</name>
         <load_address>0x8431</load_address>
         <run_address>0x8431</run_address>
         <size>0x14c</size>
         <input_file_ref idref="fl-149"/>
      </object_component>
      <object_component id="oc-29a">
         <name>.debug_info</name>
         <load_address>0x857d</load_address>
         <run_address>0x857d</run_address>
         <size>0x115</size>
         <input_file_ref idref="fl-14a"/>
      </object_component>
      <object_component id="oc-23f">
         <name>.debug_info</name>
         <load_address>0x8692</load_address>
         <run_address>0x8692</run_address>
         <size>0x18b</size>
         <input_file_ref idref="fl-14a"/>
      </object_component>
      <object_component id="oc-2b8">
         <name>.debug_info</name>
         <load_address>0x881d</load_address>
         <run_address>0x881d</run_address>
         <size>0xba</size>
         <input_file_ref idref="fl-14b"/>
      </object_component>
      <object_component id="oc-268">
         <name>.debug_info</name>
         <load_address>0x88d7</load_address>
         <run_address>0x88d7</run_address>
         <size>0x174</size>
         <input_file_ref idref="fl-14b"/>
      </object_component>
      <object_component id="oc-2b4">
         <name>.debug_info</name>
         <load_address>0x8a4b</load_address>
         <run_address>0x8a4b</run_address>
         <size>0xbe</size>
         <input_file_ref idref="fl-14c"/>
      </object_component>
      <object_component id="oc-25b">
         <name>.debug_info</name>
         <load_address>0x8b09</load_address>
         <run_address>0x8b09</run_address>
         <size>0x1ad</size>
         <input_file_ref idref="fl-14c"/>
      </object_component>
      <object_component id="oc-22c">
         <name>.debug_info</name>
         <load_address>0x8cb6</load_address>
         <run_address>0x8cb6</run_address>
         <size>0x14a</size>
         <input_file_ref idref="fl-14d"/>
      </object_component>
      <object_component id="oc-2b6">
         <name>.debug_info</name>
         <load_address>0x8e00</load_address>
         <run_address>0x8e00</run_address>
         <size>0xdb</size>
         <input_file_ref idref="fl-14e"/>
      </object_component>
      <object_component id="oc-261">
         <name>.debug_info</name>
         <load_address>0x8edb</load_address>
         <run_address>0x8edb</run_address>
         <size>0x11c</size>
         <input_file_ref idref="fl-14e"/>
      </object_component>
      <object_component id="oc-2d7">
         <name>.debug_info</name>
         <load_address>0x8ff7</load_address>
         <run_address>0x8ff7</run_address>
         <size>0xf9</size>
         <input_file_ref idref="fl-14f"/>
      </object_component>
      <object_component id="oc-2a6">
         <name>.debug_info</name>
         <load_address>0x90f0</load_address>
         <run_address>0x90f0</run_address>
         <size>0x17a</size>
         <input_file_ref idref="fl-14f"/>
      </object_component>
      <object_component id="oc-2f5">
         <name>.debug_info</name>
         <load_address>0x926a</load_address>
         <run_address>0x926a</run_address>
         <size>0x86</size>
         <input_file_ref idref="fl-14f"/>
      </object_component>
      <object_component id="oc-2d0">
         <name>.debug_info</name>
         <load_address>0x92f0</load_address>
         <run_address>0x92f0</run_address>
         <size>0xe3</size>
         <input_file_ref idref="fl-150"/>
      </object_component>
      <object_component id="oc-29e">
         <name>.debug_info</name>
         <load_address>0x93d3</load_address>
         <run_address>0x93d3</run_address>
         <size>0x15b</size>
         <input_file_ref idref="fl-150"/>
      </object_component>
      <object_component id="oc-2ac">
         <name>.debug_info</name>
         <load_address>0x952e</load_address>
         <run_address>0x952e</run_address>
         <size>0x13b</size>
         <input_file_ref idref="fl-151"/>
      </object_component>
      <object_component id="oc-2d4">
         <name>.debug_info</name>
         <load_address>0x9669</load_address>
         <run_address>0x9669</run_address>
         <size>0x19d</size>
         <input_file_ref idref="fl-152"/>
      </object_component>
      <object_component id="oc-2df">
         <name>.debug_info</name>
         <load_address>0x9806</load_address>
         <run_address>0x9806</run_address>
         <size>0xbe</size>
         <input_file_ref idref="fl-153"/>
      </object_component>
      <object_component id="oc-31b">
         <name>.debug_info</name>
         <load_address>0x98c4</load_address>
         <run_address>0x98c4</run_address>
         <size>0x126</size>
         <input_file_ref idref="fl-154"/>
      </object_component>
      <object_component id="oc-303">
         <name>.debug_info</name>
         <load_address>0x99ea</load_address>
         <run_address>0x99ea</run_address>
         <size>0xf6</size>
         <input_file_ref idref="fl-154"/>
      </object_component>
      <object_component id="oc-2d9">
         <name>.debug_info</name>
         <load_address>0x9ae0</load_address>
         <run_address>0x9ae0</run_address>
         <size>0x157</size>
         <input_file_ref idref="fl-154"/>
      </object_component>
      <object_component id="oc-316">
         <name>.debug_info</name>
         <load_address>0x9c37</load_address>
         <run_address>0x9c37</run_address>
         <size>0x6f</size>
         <input_file_ref idref="fl-154"/>
      </object_component>
      <object_component id="oc-313">
         <name>.debug_info</name>
         <load_address>0x9ca6</load_address>
         <run_address>0x9ca6</run_address>
         <size>0xe5</size>
         <input_file_ref idref="fl-155"/>
      </object_component>
      <object_component id="oc-2fd">
         <name>.debug_info</name>
         <load_address>0x9d8b</load_address>
         <run_address>0x9d8b</run_address>
         <size>0x13c</size>
         <input_file_ref idref="fl-155"/>
      </object_component>
      <object_component id="oc-324">
         <name>.debug_info</name>
         <load_address>0x9ec7</load_address>
         <run_address>0x9ec7</run_address>
         <size>0x2c</size>
         <input_file_ref idref="fl-155"/>
      </object_component>
      <object_component id="oc-321">
         <name>.debug_info</name>
         <load_address>0x9ef3</load_address>
         <run_address>0x9ef3</run_address>
         <size>0x105</size>
         <input_file_ref idref="fl-156"/>
      </object_component>
      <object_component id="oc-31e">
         <name>.debug_info</name>
         <load_address>0x9ff8</load_address>
         <run_address>0x9ff8</run_address>
         <size>0xc3</size>
         <input_file_ref idref="fl-156"/>
      </object_component>
      <object_component id="oc-30d">
         <name>.debug_info</name>
         <load_address>0xa0bb</load_address>
         <run_address>0xa0bb</run_address>
         <size>0x152</size>
         <input_file_ref idref="fl-156"/>
      </object_component>
      <object_component id="oc-2f0">
         <name>.debug_info</name>
         <load_address>0xa20d</load_address>
         <run_address>0xa20d</run_address>
         <size>0xae</size>
         <input_file_ref idref="fl-157"/>
      </object_component>
      <object_component id="oc-2cd">
         <name>.debug_info</name>
         <load_address>0xa2bb</load_address>
         <run_address>0xa2bb</run_address>
         <size>0x135</size>
         <input_file_ref idref="fl-157"/>
      </object_component>
      <object_component id="oc-f1">
         <name>.debug_info</name>
         <load_address>0xa3f0</load_address>
         <run_address>0xa3f0</run_address>
         <size>0x182</size>
         <input_file_ref idref="fl-158"/>
      </object_component>
      <object_component id="oc-f7">
         <name>.debug_info</name>
         <load_address>0xa572</load_address>
         <run_address>0xa572</run_address>
         <size>0x1d9</size>
         <input_file_ref idref="fl-158"/>
      </object_component>
      <object_component id="oc-109">
         <name>.debug_info</name>
         <load_address>0xa74b</load_address>
         <run_address>0xa74b</run_address>
         <size>0x1db</size>
         <input_file_ref idref="fl-158"/>
      </object_component>
      <object_component id="oc-fd">
         <name>.debug_info</name>
         <load_address>0xa926</load_address>
         <run_address>0xa926</run_address>
         <size>0x1e2</size>
         <input_file_ref idref="fl-158"/>
      </object_component>
      <object_component id="oc-103">
         <name>.debug_info</name>
         <load_address>0xab08</load_address>
         <run_address>0xab08</run_address>
         <size>0x1de</size>
         <input_file_ref idref="fl-158"/>
      </object_component>
      <object_component id="oc-210">
         <name>.debug_info</name>
         <load_address>0xace6</load_address>
         <run_address>0xace6</run_address>
         <size>0x19b</size>
         <input_file_ref idref="fl-159"/>
      </object_component>
      <object_component id="oc-195">
         <name>.debug_info</name>
         <load_address>0xae81</load_address>
         <run_address>0xae81</run_address>
         <size>0x19e</size>
         <input_file_ref idref="fl-159"/>
      </object_component>
      <object_component id="oc-d9">
         <name>.debug_info</name>
         <load_address>0xb01f</load_address>
         <run_address>0xb01f</run_address>
         <size>0x188</size>
         <input_file_ref idref="fl-159"/>
      </object_component>
      <object_component id="oc-d3">
         <name>.debug_info</name>
         <load_address>0xb1a7</load_address>
         <run_address>0xb1a7</run_address>
         <size>0x1ba</size>
         <input_file_ref idref="fl-159"/>
      </object_component>
      <object_component id="oc-df">
         <name>.debug_info</name>
         <load_address>0xb361</load_address>
         <run_address>0xb361</run_address>
         <size>0x1ab</size>
         <input_file_ref idref="fl-159"/>
      </object_component>
      <object_component id="oc-293">
         <name>.debug_info</name>
         <load_address>0xb50c</load_address>
         <run_address>0xb50c</run_address>
         <size>0xe8</size>
         <input_file_ref idref="fl-15a"/>
      </object_component>
      <object_component id="oc-21d">
         <name>.debug_info</name>
         <load_address>0xb5f4</load_address>
         <run_address>0xb5f4</run_address>
         <size>0xf6</size>
         <input_file_ref idref="fl-15a"/>
      </object_component>
      <object_component id="oc-1be">
         <name>.debug_info</name>
         <load_address>0xb6ea</load_address>
         <run_address>0xb6ea</run_address>
         <size>0x1cb</size>
         <input_file_ref idref="fl-15a"/>
      </object_component>
      <object_component id="oc-221">
         <name>.debug_info</name>
         <load_address>0xb8b5</load_address>
         <run_address>0xb8b5</run_address>
         <size>0x219</size>
         <input_file_ref idref="fl-15a"/>
      </object_component>
      <object_component id="oc-1ca">
         <name>.debug_info</name>
         <load_address>0xbace</load_address>
         <run_address>0xbace</run_address>
         <size>0x1e0</size>
         <input_file_ref idref="fl-15a"/>
      </object_component>
      <object_component id="oc-1c4">
         <name>.debug_info</name>
         <load_address>0xbcae</load_address>
         <run_address>0xbcae</run_address>
         <size>0x1cd</size>
         <input_file_ref idref="fl-15a"/>
      </object_component>
      <object_component id="oc-21a">
         <name>.debug_info</name>
         <load_address>0xbe7b</load_address>
         <run_address>0xbe7b</run_address>
         <size>0x1f8</size>
         <input_file_ref idref="fl-15b"/>
      </object_component>
      <object_component id="oc-216">
         <name>.debug_info</name>
         <load_address>0xc073</load_address>
         <run_address>0xc073</run_address>
         <size>0xff</size>
         <input_file_ref idref="fl-15b"/>
      </object_component>
      <object_component id="oc-199">
         <name>.debug_info</name>
         <load_address>0xc172</load_address>
         <run_address>0xc172</run_address>
         <size>0x1b2</size>
         <input_file_ref idref="fl-15b"/>
      </object_component>
      <object_component id="oc-1ab">
         <name>.debug_info</name>
         <load_address>0xc324</load_address>
         <run_address>0xc324</run_address>
         <size>0x1f7</size>
         <input_file_ref idref="fl-15b"/>
      </object_component>
      <object_component id="oc-1b7">
         <name>.debug_info</name>
         <load_address>0xc51b</load_address>
         <run_address>0xc51b</run_address>
         <size>0x1f9</size>
         <input_file_ref idref="fl-15b"/>
      </object_component>
      <object_component id="oc-144">
         <name>.debug_info</name>
         <load_address>0xc714</load_address>
         <run_address>0xc714</run_address>
         <size>0x222</size>
         <input_file_ref idref="fl-15b"/>
      </object_component>
      <object_component id="oc-1b1">
         <name>.debug_info</name>
         <load_address>0xc936</load_address>
         <run_address>0xc936</run_address>
         <size>0x1cc</size>
         <input_file_ref idref="fl-15b"/>
      </object_component>
      <object_component id="oc-e5">
         <name>.debug_info</name>
         <load_address>0xcb02</load_address>
         <run_address>0xcb02</run_address>
         <size>0x28f</size>
         <input_file_ref idref="fl-15b"/>
      </object_component>
      <object_component id="oc-19f">
         <name>.debug_info</name>
         <load_address>0xcd91</load_address>
         <run_address>0xcd91</run_address>
         <size>0x1cb</size>
         <input_file_ref idref="fl-15b"/>
      </object_component>
      <object_component id="oc-1a5">
         <name>.debug_info</name>
         <load_address>0xcf5c</load_address>
         <run_address>0xcf5c</run_address>
         <size>0x1e0</size>
         <input_file_ref idref="fl-15b"/>
      </object_component>
      <object_component id="oc-14a">
         <name>.debug_info</name>
         <load_address>0xd13c</load_address>
         <run_address>0xd13c</run_address>
         <size>0x268</size>
         <input_file_ref idref="fl-15c"/>
      </object_component>
      <object_component id="oc-1e8">
         <name>.debug_info</name>
         <load_address>0xd3a4</load_address>
         <run_address>0xd3a4</run_address>
         <size>0x18a</size>
         <input_file_ref idref="fl-15c"/>
      </object_component>
      <object_component id="oc-1e2">
         <name>.debug_info</name>
         <load_address>0xd52e</load_address>
         <run_address>0xd52e</run_address>
         <size>0x18c</size>
         <input_file_ref idref="fl-15c"/>
      </object_component>
      <object_component id="oc-15c">
         <name>.debug_info</name>
         <load_address>0xd6ba</load_address>
         <run_address>0xd6ba</run_address>
         <size>0x196</size>
         <input_file_ref idref="fl-15c"/>
      </object_component>
      <object_component id="oc-162">
         <name>.debug_info</name>
         <load_address>0xd850</load_address>
         <run_address>0xd850</run_address>
         <size>0x1a6</size>
         <input_file_ref idref="fl-15c"/>
      </object_component>
      <object_component id="oc-150">
         <name>.debug_info</name>
         <load_address>0xd9f6</load_address>
         <run_address>0xd9f6</run_address>
         <size>0x1b7</size>
         <input_file_ref idref="fl-15c"/>
      </object_component>
      <object_component id="oc-189">
         <name>.debug_info</name>
         <load_address>0xdbad</load_address>
         <run_address>0xdbad</run_address>
         <size>0x15a</size>
         <input_file_ref idref="fl-15e"/>
      </object_component>
      <object_component id="oc-356">
         <name>.debug_info</name>
         <load_address>0xdd07</load_address>
         <run_address>0xdd07</run_address>
         <size>0xa1</size>
      </object_component>
      <object_component id="oc-1dc">
         <name>.debug_line</name>
         <load_address>0x0</load_address>
         <run_address>0x0</run_address>
         <size>0x124</size>
         <input_file_ref idref="fl-2"/>
      </object_component>
      <object_component id="oc-1da">
         <name>.debug_line</name>
         <load_address>0x124</load_address>
         <run_address>0x124</run_address>
         <size>0x2d</size>
         <input_file_ref idref="fl-2"/>
      </object_component>
      <object_component id="oc-a3">
         <name>.debug_line</name>
         <load_address>0x151</load_address>
         <run_address>0x151</run_address>
         <size>0xb7</size>
         <input_file_ref idref="fl-2"/>
      </object_component>
      <object_component id="oc-28f">
         <name>.debug_line</name>
         <load_address>0x208</load_address>
         <run_address>0x208</run_address>
         <size>0x55</size>
         <input_file_ref idref="fl-2"/>
      </object_component>
      <object_component id="oc-81">
         <name>.debug_line</name>
         <load_address>0x25d</load_address>
         <run_address>0x25d</run_address>
         <size>0x20</size>
         <input_file_ref idref="fl-2"/>
      </object_component>
      <object_component id="oc-192">
         <name>.debug_line</name>
         <load_address>0x27d</load_address>
         <run_address>0x27d</run_address>
         <size>0x53</size>
         <input_file_ref idref="fl-2"/>
      </object_component>
      <object_component id="oc-91">
         <name>.debug_line</name>
         <load_address>0x2d0</load_address>
         <run_address>0x2d0</run_address>
         <size>0x60</size>
         <input_file_ref idref="fl-2"/>
      </object_component>
      <object_component id="oc-180">
         <name>.debug_line</name>
         <load_address>0x330</load_address>
         <run_address>0x330</run_address>
         <size>0x60</size>
         <input_file_ref idref="fl-2"/>
      </object_component>
      <object_component id="oc-ee">
         <name>.debug_line</name>
         <load_address>0x390</load_address>
         <run_address>0x390</run_address>
         <size>0x67</size>
         <input_file_ref idref="fl-3"/>
      </object_component>
      <object_component id="oc-7d">
         <name>.debug_line</name>
         <load_address>0x3f7</load_address>
         <run_address>0x3f7</run_address>
         <size>0x61</size>
         <input_file_ref idref="fl-4"/>
      </object_component>
      <object_component id="oc-34">
         <name>.debug_line</name>
         <load_address>0x458</load_address>
         <run_address>0x458</run_address>
         <size>0x61</size>
         <input_file_ref idref="fl-4"/>
      </object_component>
      <object_component id="oc-31">
         <name>.debug_line</name>
         <load_address>0x4b9</load_address>
         <run_address>0x4b9</run_address>
         <size>0xd9</size>
         <input_file_ref idref="fl-4"/>
      </object_component>
      <object_component id="oc-20c">
         <name>.debug_line</name>
         <load_address>0x592</load_address>
         <run_address>0x592</run_address>
         <size>0x186</size>
         <input_file_ref idref="fl-5"/>
      </object_component>
      <object_component id="oc-d0">
         <name>.debug_line</name>
         <load_address>0x718</load_address>
         <run_address>0x718</run_address>
         <size>0x1d7</size>
         <input_file_ref idref="fl-5"/>
      </object_component>
      <object_component id="oc-185">
         <name>.debug_line</name>
         <load_address>0x8ef</load_address>
         <run_address>0x8ef</run_address>
         <size>0x60</size>
         <input_file_ref idref="fl-5"/>
      </object_component>
      <object_component id="oc-26">
         <name>.debug_line</name>
         <load_address>0x94f</load_address>
         <run_address>0x94f</run_address>
         <size>0x4c</size>
         <input_file_ref idref="fl-12c"/>
      </object_component>
      <object_component id="oc-8a">
         <name>.debug_line</name>
         <load_address>0x99b</load_address>
         <run_address>0x99b</run_address>
         <size>0x5a</size>
         <input_file_ref idref="fl-12d"/>
      </object_component>
      <object_component id="oc-14">
         <name>.debug_line</name>
         <load_address>0x9f5</load_address>
         <run_address>0x9f5</run_address>
         <size>0x55</size>
         <input_file_ref idref="fl-12d"/>
      </object_component>
      <object_component id="oc-3f">
[...]
      <symbol id="sm-8">
         <name>__STACK_END</name>
         <value>0x20030000</value>
      </symbol>
      <symbol id="sm-9">
         <name>__SYSMEM_SIZE</name>
         <value>0x8000</value>
      </symbol>
      <symbol id="sm-a">
         <name>__c_args__</name>
         <value>0xffffffff</value>
      </symbol>
      <symbol id="sm-63">
         <name>pulAdcSamples</name>
         <value>0x2001f000</value>
         <object_component_ref idref="oc-122"/>
      </symbol>
      <symbol id="sm-64">
         <name>main</name>
         <value>0x20005eef</value>
         <object_component_ref idref="oc-9f"/>
      </symbol>
      <symbol id="sm-6e">
         <name>PinMuxConfig</name>
         <value>0x20006505</value>
         <object_component_ref idref="oc-ea"/>
      </symbol>
      <symbol id="sm-8d">
         <name>ResetISR</name>
         <value>0x20007413</value>
         <object_component_ref idref="oc-2d"/>
      </symbol>
      <symbol id="sm-8e">
         <name>g_pfnVectors</name>
         <value>0x20004000</value>
         <object_component_ref idref="oc-f"/>
      </symbol>
      <symbol id="sm-cc">
         <name>GetCmd</name>
         <value>0x20005907</value>
         <object_component_ref idref="oc-cc"/>
      </symbol>
      <symbol id="sm-cd">
         <name>Message</name>
         <value>0x200058a3</value>
         <object_component_ref idref="oc-cc"/>
      </symbol>
      <symbol id="sm-ce">
         <name>Report</name>
         <value>0x20005a45</value>
         <object_component_ref idref="oc-cc"/>
      </symbol>
      <symbol id="sm-cf">
         <name>Error</name>
         <value>0x200058cf</value>
         <object_component_ref idref="oc-cc"/>
      </symbol>
      <symbol id="sm-d0">
         <name>InitTerm</name>
         <value>0x20005885</value>
         <object_component_ref idref="oc-cc"/>
      </symbol>
      <symbol id="sm-d1">
         <name>ClearTerm</name>
         <value>0x200058c5</value>
         <object_component_ref idref="oc-cc"/>
      </symbol>
      <symbol id="sm-d2">
         <name>TrimSpace</name>
         <value>0x200059ad</value>
         <object_component_ref idref="oc-cc"/>
      </symbol>
      <symbol id="sm-e2">
         <name>_c_int00</name>
         <value>0x20006f91</value>
         <object_component_ref idref="oc-24"/>
      </symbol>
      <symbol id="sm-e3">
         <name>__stack</name>
         <value>0x2002f000</value>
         <object_component_ref idref="oc-29"/>
      </symbol>
      <symbol id="sm-fa">
         <name>__TI_decompress_none</name>
         <value>0x20007405</value>
         <object_component_ref idref="oc-12"/>
      </symbol>
      <symbol id="sm-11d">
         <name>__TI_decompress_rle24</name>
         <value>0x2000743d</value>
         <object_component_ref idref="oc-18"/>
      </symbol>
      <symbol id="sm-12f">
         <name>__TI_zero_init</name>
         <value>0x20007421</value>
         <object_component_ref idref="oc-1e"/>
      </symbol>
      <symbol id="sm-14e">
         <name>C$$EXIT</name>
         <value>0x20006e91</value>
         <object_component_ref idref="oc-6d"/>
      </symbol>
      <symbol id="sm-14f">
         <name>abort</name>
         <value>0x20006e95</value>
         <object_component_ref idref="oc-6d"/>
      </symbol>
      <symbol id="sm-150">
         <name>exit</name>
         <value>0x20006e9d</value>
         <object_component_ref idref="oc-6d"/>
      </symbol>
      <symbol id="sm-151">
         <name>__TI_dtors_ptr</name>
         <value>0x20023150</value>
         <object_component_ref idref="oc-aa"/>
      </symbol>
      <symbol id="sm-152">
         <name>__TI_cleanup_ptr</name>
         <value>0x2002314c</value>
         <object_component_ref idref="oc-aa"/>
      </symbol>
      <symbol id="sm-172">
         <name>__aeabi_ddiv</name>
         <value>0x200061c1</value>
         <object_component_ref idref="oc-11d"/>
      </symbol>
      <symbol id="sm-189">
         <name>__aeabi_dmul</name>
         <value>0x20006409</value>
         <object_component_ref idref="oc-118"/>
      </symbol>
      <symbol id="sm-197">
         <name>__aeabi_f2d</name>
         <value>0x2000703d</value>
         <object_component_ref idref="oc-113"/>
      </symbol>
      <symbol id="sm-1b2">
         <name>memcpy</name>
         <value>0x20006741</value>
         <object_component_ref idref="oc-36"/>
      </symbol>
      <symbol id="sm-1b3">
         <name>__aeabi_memcpy</name>
         <value>0x20006741</value>
         <object_component_ref idref="oc-36"/>
      </symbol>
      <symbol id="sm-1b4">
         <name>__aeabi_memcpy8</name>
         <value>0x20006741</value>
         <object_component_ref idref="oc-36"/>
      </symbol>
      <symbol id="sm-1b5">
         <name>__aeabi_memcpy4</name>
         <value>0x20006741</value>
         <object_component_ref idref="oc-36"/>
      </symbol>
      <symbol id="sm-1c5">
         <name>memmove</name>
         <value>0x20007209</value>
         <object_component_ref idref="oc-16d"/>
      </symbol>
      <symbol id="sm-23c">
         <name>_sys_memory</name>
         <value>0x20017000</value>
         <object_component_ref idref="oc-2a"/>
      </symbol>
      <symbol id="sm-23d">
         <name>free</name>
         <value>0x2000559f</value>
         <object_component_ref idref="oc-173"/>
      </symbol>
      <symbol id="sm-23e">
         <name>realloc</name>
         <value>0x20005661</value>
         <object_component_ref idref="oc-173"/>
      </symbol>
      <symbol id="sm-23f">
         <name>memalign</name>
         <value>0x2000576d</value>
         <object_component_ref idref="oc-173"/>
      </symbol>
      <symbol id="sm-240">
         <name>calloc</name>
         <value>0x20005851</value>
         <object_component_ref idref="oc-173"/>
      </symbol>
      <symbol id="sm-241">
         <name>malloc</name>
         <value>0x20005537</value>
         <object_component_ref idref="oc-173"/>
      </symbol>
      <symbol id="sm-242">
         <name>minit</name>
         <value>0x200054a9</value>
         <object_component_ref idref="oc-173"/>
      </symbol>
      <symbol id="sm-251">
         <name>__aeabi_memset</name>
         <value>0x20006a8f</value>
         <object_component_ref idref="oc-4f"/>
      </symbol>
      <symbol id="sm-252">
         <name>memset</name>
         <value>0x20006a95</value>
         <object_component_ref idref="oc-4f"/>
      </symbol>
      <symbol id="sm-253">
         <name>__aeabi_memset8</name>
         <value>0x20006a8f</value>
         <object_component_ref idref="oc-4f"/>
      </symbol>
      <symbol id="sm-254">
         <name>__aeabi_memset4</name>
         <value>0x20006a8f</value>
         <object_component_ref idref="oc-4f"/>
      </symbol>
      <symbol id="sm-255">
         <name>__aeabi_memclr8</name>
         <value>0x20006a8d</value>
         <object_component_ref idref="oc-4f"/>
      </symbol>
      <symbol id="sm-256">
         <name>__aeabi_memclr4</name>
         <value>0x20006a8d</value>
         <object_component_ref idref="oc-4f"/>
      </symbol>
      <symbol id="sm-257">
         <name>__aeabi_memclr</name>
         <value>0x20006a8d</value>
         <object_component_ref idref="oc-4f"/>
      </symbol>
      <symbol id="sm-261">
         <name>_system_pre_init</name>
         <value>0x20007443</value>
         <object_component_ref idref="oc-5b"/>
      </symbol>
      <symbol id="sm-269">
         <name>main_func_sp</name>
         <value>0x20023160</value>
         <object_component_ref idref="oc-73"/>
      </symbol>
      <symbol id="sm-277">
         <name>strlen</name>
         <value>0x200073f1</value>
         <object_component_ref idref="oc-167"/>
      </symbol>
      <symbol id="sm-283">
         <name>__aeabi_ui2f</name>
         <value>0x2000722d</value>
         <object_component_ref idref="oc-10e"/>
      </symbol>
      <symbol id="sm-2a4">
         <name>vsnprintf</name>
         <value>0x200068f9</value>
         <object_component_ref idref="oc-155"/>
      </symbol>
      <symbol id="sm-2bd">
         <name>_nop</name>
         <value>0x200073eb</value>
         <object_component_ref idref="oc-12e"/>
      </symbol>
      <symbol id="sm-2be">
         <name>_lock</name>
         <value>0x20023144</value>
         <object_component_ref idref="oc-a7"/>
      </symbol>
      <symbol id="sm-2bf">
         <name>_unlock</name>
         <value>0x20023148</value>
         <object_component_ref idref="oc-a7"/>
      </symbol>
      <symbol id="sm-2c0">
         <name>_register_lock</name>
         <value>0x200073e3</value>
         <object_component_ref idref="oc-12e"/>
      </symbol>
      <symbol id="sm-2c1">
         <name>_register_unlock</name>
         <value>0x200073dd</value>
         <object_component_ref idref="oc-12e"/>
      </symbol>
      <symbol id="sm-3c6">
         <name>__TI_printfi</name>
         <value>0x200051a1</value>
         <object_component_ref idref="oc-1ef"/>
      </symbol>
      <symbol id="sm-3db">
         <name>_args_main</name>
         <value>0x20007331</value>
         <object_component_ref idref="oc-67"/>
      </symbol>
      <symbol id="sm-3f1">
         <name>atoi</name>
         <value>0x20006d69</value>
         <object_component_ref idref="oc-26c"/>
      </symbol>
      <symbol id="sm-417">
         <name>__TI_auto_init</name>
         <value>0x20006b7d</value>
         <object_component_ref idref="oc-61"/>
      </symbol>
      <symbol id="sm-431">
         <name>copy_in</name>
         <value>0x20006db5</value>
         <object_component_ref idref="oc-97"/>
      </symbol>
      <symbol id="sm-43c">
         <name>_ctypes_</name>
         <value>0x20007448</value>
         <object_component_ref idref="oc-2b9"/>
      </symbol>
      <symbol id="sm-460">
         <name>__aeabi_dsub</name>
         <value>0x20005cf9</value>
         <object_component_ref idref="oc-249"/>
      </symbol>
      <symbol id="sm-461">
         <name>__aeabi_dadd</name>
         <value>0x20005d03</value>
         <object_component_ref idref="oc-249"/>
      </symbol>
      <symbol id="sm-488">
         <name>__aeabi_cdcmpeq</name>
         <value>0x20006981</value>
         <object_component_ref idref="oc-22f"/>
      </symbol>
      <symbol id="sm-489">
         <name>__aeabi_cdcmple</name>
         <value>0x20006981</value>
         <object_component_ref idref="oc-22f"/>
      </symbol>
      <symbol id="sm-48a">
         <name>__aeabi_cdrcmple</name>
         <value>0x20006a07</value>
         <object_component_ref idref="oc-234"/>
      </symbol>
      <symbol id="sm-498">
         <name>__aeabi_d2iz</name>
         <value>0x20006e01</value>
         <object_component_ref idref="oc-239"/>
      </symbol>
      <symbol id="sm-4a5">
         <name>frexp</name>
         <value>0x20007251</value>
         <object_component_ref idref="oc-24e"/>
      </symbol>
      <symbol id="sm-4b1">
         <name>__aeabi_i2d</name>
         <value>0x20007109</value>
         <object_component_ref idref="oc-244"/>
      </symbol>
      <symbol id="sm-4c2">
         <name>ldexp</name>
         <value>0x20006e49</value>
         <object_component_ref idref="oc-254"/>
      </symbol>
      <symbol id="sm-4d1">
         <name>ltoa</name>
         <value>0x20006d11</value>
         <object_component_ref idref="oc-23e"/>
      </symbol>
      <symbol id="sm-4e1">
         <name>memccpy</name>
         <value>0x200072c9</value>
         <object_component_ref idref="oc-266"/>
      </symbol>
      <symbol id="sm-4f1">
         <name>strchr</name>
         <value>0x20007375</value>
         <object_component_ref idref="oc-25a"/>
      </symbol>
      <symbol id="sm-51b">
         <name>__aeabi_uldivmod</name>
         <value>0x20005b05</value>
         <object_component_ref idref="oc-22a"/>
      </symbol>
      <symbol id="sm-529">
         <name>_Dclass</name>
         <value>0x20007191</value>
         <object_component_ref idref="oc-260"/>
      </symbol>
      <symbol id="sm-54a">
         <name>_Dscale</name>
         <value>0x200062f9</value>
         <object_component_ref idref="oc-2a5"/>
      </symbol>
      <symbol id="sm-55e">
         <name>_Dunscale</name>
         <value>0x20006c53</value>
         <object_component_ref idref="oc-29d"/>
      </symbol>
      <symbol id="sm-56d">
         <name>_Feraise</name>
         <value>0x200070d9</value>
         <object_component_ref idref="oc-2ab"/>
      </symbol>
      <symbol id="sm-57d">
         <name>_Rteps</name>
         <value>0x20023118</value>
         <object_component_ref idref="oc-2d3"/>
      </symbol>
      <symbol id="sm-57e">
         <name>_Zero</name>
         <value>0x20023130</value>
         <object_component_ref idref="oc-2d3"/>
      </symbol>
      <symbol id="sm-57f">
         <name>_Hugeval</name>
         <value>0x200230d8</value>
         <object_component_ref idref="oc-2d3"/>
      </symbol>
      <symbol id="sm-580">
         <name>_Snan</name>
         <value>0x20023108</value>
         <object_component_ref idref="oc-2d3"/>
      </symbol>
      <symbol id="sm-581">
         <name>_Nan</name>
         <value>0x200230f8</value>
         <object_component_ref idref="oc-2d3"/>
      </symbol>
      <symbol id="sm-582">
         <name>_Inf</name>
         <value>0x200230e8</value>
         <object_component_ref idref="oc-2d3"/>
      </symbol>
      <symbol id="sm-583">
         <name>_Xbig</name>
         <value>0x20023128</value>
         <object_component_ref idref="oc-2d3"/>
      </symbol>
      <symbol id="sm-584">
         <name>_Eps</name>
         <value>0x200230c8</value>
         <object_component_ref idref="oc-2d3"/>
      </symbol>
      <symbol id="sm-585">
         <name>_Denorm</name>
         <value>0x200230b8</value>
         <object_component_ref idref="oc-2d3"/>
      </symbol>
      <symbol id="sm-58d">
         <name>_Errno</name>
         <value>0x2002315c</value>
         <object_component_ref idref="oc-2de"/>
      </symbol>
      <symbol id="sm-5ab">
         <name>feraiseexcept</name>
         <value>0x20007075</value>
         <object_component_ref idref="oc-2d8"/>
      </symbol>
      <symbol id="sm-5ac">
         <name>_Tls_setup__Fenv</name>
         <value>0x20023158</value>
         <object_component_ref idref="oc-302"/>
      </symbol>
      <symbol id="sm-5ad">
         <name>_Fenv</name>
         <value>0x20023154</value>
         <object_component_ref idref="oc-302"/>
      </symbol>
      <symbol id="sm-5c1">
         <name>raise</name>
         <value>0x20007137</value>
         <object_component_ref idref="oc-2fc"/>
      </symbol>
      <symbol id="sm-5db">
         <name>signal</name>
         <value>0x20006f15</value>
         <object_component_ref idref="oc-30c"/>
      </symbol>
      <symbol id="sm-5f0">
         <name>_Dnorm</name>
         <value>0x200065d9</value>
         <object_component_ref idref="oc-2c9"/>
      </symbol>
      <symbol id="sm-622">
         <name>ADCChannelDisable</name>
         <value>0x20006fcd</value>
         <object_component_ref idref="oc-108"/>
      </symbol>
      <symbol id="sm-623">
         <name>ADCFIFOLvlGet</name>
         <value>0x20007291</value>
         <object_component_ref idref="oc-fc"/>
      </symbol>
      <symbol id="sm-624">
         <name>ADCChannelEnable</name>
         <value>0x20007005</value>
         <object_component_ref idref="oc-f6"/>
      </symbol>
      <symbol id="sm-625">
         <name>ADCEnable</name>
         <value>0x2000738b</value>
         <object_component_ref idref="oc-f0"/>
      </symbol>
      <symbol id="sm-626">
         <name>ADCFIFORead</name>
         <value>0x200072ff</value>
         <object_component_ref idref="oc-102"/>
      </symbol>
      <symbol id="sm-65d">
         <name>IntVTableBaseSet</name>
         <value>0x200073b5</value>
         <object_component_ref idref="oc-d2"/>
      </symbol>
      <symbol id="sm-65e">
         <name>IntEnable</name>
         <value>0x20006699</value>
         <object_component_ref idref="oc-de"/>
      </symbol>
      <symbol id="sm-65f">
         <name>IntMasterEnable</name>
         <value>0x2000742d</value>
         <object_component_ref idref="oc-d8"/>
      </symbol>
      <symbol id="sm-694">
         <name>PinTypeUART</name>
         <value>0x200072e5</value>
         <object_component_ref idref="oc-1c9"/>
      </symbol>
      <symbol id="sm-695">
         <name>PinTypeADC</name>
         <value>0x200073c9</value>
         <object_component_ref idref="oc-1c3"/>
      </symbol>
      <symbol id="sm-696">
         <name>PinConfigSet</name>
         <value>0x20006871</value>
         <object_component_ref idref="oc-220"/>
      </symbol>
      <symbol id="sm-697">
         <name>PinModeSet</name>
         <value>0x20006ed5</value>
         <object_component_ref idref="oc-1bd"/>
      </symbol>
      <symbol id="sm-71d">
         <name>PRCMPeripheralReset</name>
         <value>0x20006cb9</value>
         <object_component_ref idref="oc-1b0"/>
      </symbol>
      <symbol id="sm-71e">
         <name>PRCMPeripheralClkEnable</name>
         <value>0x20006f55</value>
         <object_component_ref idref="oc-1aa"/>
      </symbol>
      <symbol id="sm-71f">
         <name>PRCMPeripheralClockGet</name>
         <value>0x200067dd</value>
         <object_component_ref idref="oc-143"/>
      </symbol>
      <symbol id="sm-720">
         <name>PRCMCC3200MCUInit</name>
         <value>0x20006049</value>
         <object_component_ref idref="oc-e4"/>
      </symbol>
      <symbol id="sm-721">
         <name>PRCMHIBRegWrite</name>
         <value>0x2000735f</value>
         <object_component_ref idref="oc-1a4"/>
      </symbol>
      <symbol id="sm-722">
         <name>PRCMSysResetCauseGet</name>
         <value>0x20007165</value>
         <object_component_ref idref="oc-198"/>
      </symbol>
      <symbol id="sm-723">
         <name>PRCMPeripheralClkDisable</name>
         <value>0x200071bd</value>
         <object_component_ref idref="oc-1b6"/>
      </symbol>
      <symbol id="sm-724">
         <name>PRCMHIBRegRead</name>
         <value>0x20007349</value>
         <object_component_ref idref="oc-19e"/>
      </symbol>
      <symbol id="sm-760">
         <name>UARTConfigSetExpClk</name>
         <value>0x20006b07</value>
         <object_component_ref idref="oc-149"/>
      </symbol>
      <symbol id="sm-761">
         <name>UARTDisable</name>
         <value>0x200070a9</value>
         <object_component_ref idref="oc-1e1"/>
      </symbol>
      <symbol id="sm-762">
         <name>UARTCharsAvail</name>
         <value>0x20007317</value>
         <object_component_ref idref="oc-15b"/>
      </symbol>
      <symbol id="sm-763">
         <name>UARTCharGetNonBlocking</name>
         <value>0x200072ad</value>
         <object_component_ref idref="oc-161"/>
      </symbol>
      <symbol id="sm-764">
         <name>UARTCharPut</name>
         <value>0x20007273</value>
         <object_component_ref idref="oc-14f"/>
      </symbol>
      <symbol id="sm-765">
         <name>UARTEnable</name>
         <value>0x200071e5</value>
         <object_component_ref idref="oc-1e7"/>
      </symbol>
      <symbol id="sm-769">
         <name>UtilsDelay</name>
         <value>0x20007437</value>
         <object_component_ref idref="oc-212"/>
      </symbol>
      <symbol id="sm-773">
         <name>CPUcpsie</name>
         <value>0x2000739f</value>
         <object_component_ref idref="oc-188"/>
      </symbol>
      <symbol id="sm-775">
         <name>__TI_static_base__</name>
         <value>0x20007778</value>
      </symbol>
      <symbol id="sm-778">
         <name>SHT$$INIT_ARRAY$$Limit</name>
         <value>0x0</value>
      </symbol>
      <symbol id="sm-779">
         <name>SHT$$INIT_ARRAY$$Base</name>
         <value>0x0</value>
      </symbol>
   </symbol_table>
   <title>Link successful</title>
</link_info>
