******************************************************************************
                  TI ARM Linker PC v5.2.6                      
******************************************************************************
>> Linked Tue Apr 26 14:59:36 2016

OUTPUT FILE NAME:   <adc2.out>
ENTRY POINT SYMBOL: "_c_int00"  address: 20006f91


MEMORY CONFIGURATION

         name            origin    length      used     unused   attr    fill
----------------------  --------  ---------  --------  --------  ----  --------
  SRAM_CODE             20004000   00013000  000037ea  0000f816  RW X
  SRAM_DATA             20017000   00019000  0000d160  0000bea0  RW X


SEGMENT ALLOCATION MAP

run origin  load origin   length   init length attrs members
----------  ----------- ---------- ----------- ----- -------
20004000    20004000    000037f0   000037f0    r-x
  20004000    20004000    00000400   00000400    r-- .intvecs
  20004400    20004400    00003046   00003046    r-x .text
  20007448    20007448    0000032c   0000032c    r-- .const
  20007778    20007778    00000078   00000078    r-- .cinit
20017000    20017000    0000c164   00000000    rw-
  20017000    20017000    00008000   00000000    rw- .sysmem
  2001f000    2001f000    00004004   00000000    rw- .bss
  20023008    20023008    0000015c   00000000    rw- .data
2002f000    2002f000    00001000   00000000    rw-
  2002f000    2002f000    00001000   00000000    rw- .stack


SECTION ALLOCATION MAP

 output                                  attributes/
section   page    origin      length       input sections
--------  ----  ----------  ----------   ----------------
.intvecs   0    20004000    00000400     
                  20004000    00000400     startup_ccs.obj (.intvecs)

.init_array 
*          0    20004000    00000000     UNINITIALIZED

.text      0    20004400    00003046     
                  20004400    000010a6     rtsv7M4_T_le_eabi.lib : _printfi.obj (.text)
                  200054a6    00000002     --HOLE-- [fill = 0]
                  200054a8    000003dc                           : memory.obj (.text)
                  20005884    00000280     uart_if.obj (.text)
                  20005b04    000001f4     rtsv7M4_T_le_eabi.lib : ull_div_t2.obj (.text)
                  20005cf8    000001b6                           : fd_add_t2.obj (.text)
                  20005eae    00000002     --HOLE-- [fill = 0]
                  20005eb0    00000198     main.obj (.text)
                  20006048    00000178     driverlib.a : prcm.obj (.text:PRCMCC3200MCUInit)
                  200061c0    00000136     rtsv7M4_T_le_eabi.lib : fd_div_t2.obj (.text)
                  200062f6    00000002     --HOLE-- [fill = 0]
                  200062f8    00000110                           : xdscale.obj (.text)
                  20006408    000000fc                           : fd_mul_t2.obj (.text)
                  20006504    000000d4     pin_mux_config.obj (.text)
                  200065d8    000000be     rtsv7M4_T_le_eabi.lib : xdnorm.obj (.text)
                  20006696    00000002     --HOLE-- [fill = 0]
                  20006698    000000a8     driverlib.a : interrupt.obj (.text:IntEnable)
                  20006740    0000009c     rtsv7M4_T_le_eabi.lib : memcpy_t2.obj (.text)
                  200067dc    00000094     driverlib.a : prcm.obj (.text:PRCMPeripheralClockGet)
                  20006870    00000088                 : pin.obj (.text:PinConfigSet)
                  200068f8    00000088     rtsv7M4_T_le_eabi.lib : vsnprintf.obj (.text)
                  20006980    00000086                           : fd_cmp_t2.obj (.text:__aeabi_cdcmple)
                  20006a06    00000086                           : fd_cmp_t2.obj (.text:__aeabi_cdrcmple)
                  20006a8c    0000007a                           : memset_t2.obj (.text)
                  20006b06    00000076     driverlib.a : uart.obj (.text:UARTConfigSetExpClk)
                  20006b7c    0000006c     rtsv7M4_T_le_eabi.lib : autoinit.obj (.text)
                  20006be8    0000006a                           : copy_decompress_rle.obj (.text)
                  20006c52    00000066                           : xdunscal.obj (.text)
                  20006cb8    00000058     driverlib.a : prcm.obj (.text:PRCMPeripheralReset)
                  20006d10    00000056     rtsv7M4_T_le_eabi.lib : ltoa.obj (.text)
                  20006d66    00000002     --HOLE-- [fill = 0]
                  20006d68    0000004c                           : atoi.obj (.text)
                  20006db4    0000004c                           : cpy_tbl.obj (.text)
                  20006e00    00000048                           : fd_toi_t2.obj (.text)
                  20006e48    00000046                           : ldexp.obj (.text)
                  20006e8e    00000002     --HOLE-- [fill = 0]
                  20006e90    00000044                           : exit.obj (.text)
                  20006ed4    00000040     driverlib.a : pin.obj (.text:PinModeSet)
                  20006f14    00000040     rtsv7M4_T_le_eabi.lib : signal.obj (.text)
                  20006f54    0000003c     driverlib.a : prcm.obj (.text:PRCMPeripheralClkEnable)
                  20006f90    0000003c     rtsv7M4_T_le_eabi.lib : boot.obj (.text)
                  20006fcc    00000038     driverlib.a : adc.obj (.text:ADCChannelDisable)
                  20007004    00000038                 : adc.obj (.text:ADCChannelEnable)
                  2000703c    00000038     rtsv7M4_T_le_eabi.lib : fs_tod_t2.obj (.text)
                  20007074    00000034                           : feraiseexcept.obj (.text)
                  200070a8    00000030     driverlib.a : uart.obj (.text:UARTDisable)
                  200070d8    00000030     rtsv7M4_T_le_eabi.lib : xferaise.obj (.text)
                  20007108    0000002e                           : i_tofd_t2.obj (.text)
                  20007136    0000002e                           : raise.obj (.text)
                  20007164    0000002c     driverlib.a : prcm.obj (.text:PRCMSysResetCauseGet)
                  20007190    0000002a     rtsv7M4_T_le_eabi.lib : xdclass.obj (.text)
                  200071ba    00000002     --HOLE-- [fill = 0]
                  200071bc    00000028     driverlib.a : prcm.obj (.text:PRCMPeripheralClkDisable)
                  200071e4    00000024                 : uart.obj (.text:UARTEnable)
                  20007208    00000024     rtsv7M4_T_le_eabi.lib : memmov.obj (.text)
                  2000722c    00000024                           : u_tofs_t2.obj (.text)
                  20007250    00000022                           : frexp.obj (.text)
                  20007272    0000001e     driverlib.a : uart.obj (.text:UARTCharPut)
                  20007290    0000001c                 : adc.obj (.text:ADCFIFOLvlGet)
                  200072ac    0000001c                 : uart.obj (.text:UARTCharGetNonBlocking)
                  200072c8    0000001c     rtsv7M4_T_le_eabi.lib : memccpy.obj (.text)
                  200072e4    0000001a     driverlib.a : pin.obj (.text:PinTypeUART)
                  200072fe    00000018                 : adc.obj (.text:ADCFIFORead)
                  20007316    00000018                 : uart.obj (.text:UARTCharsAvail)
                  2000732e    00000002     --HOLE-- [fill = 0]
                  20007330    00000018     rtsv7M4_T_le_eabi.lib : args_main.obj (.text)
                  20007348    00000016     driverlib.a : prcm.obj (.text:PRCMHIBRegRead)
                  2000735e    00000016                 : prcm.obj (.text:PRCMHIBRegWrite)
                  20007374    00000016     rtsv7M4_T_le_eabi.lib : strchr.obj (.text)
                  2000738a    00000014     driverlib.a : adc.obj (.text:ADCEnable)
                  2000739e    00000014                 : cpu.obj (.text:CPUcpsie)
                  200073b2    00000002     --HOLE-- [fill = 0]
                  200073b4    00000014                 : interrupt.obj (.text:IntVTableBaseSet)
                  200073c8    00000014                 : pin.obj (.text:PinTypeADC)
                  200073dc    00000014     rtsv7M4_T_le_eabi.lib : _lock.obj (.text)
                  200073f0    00000014                           : strlen.obj (.text)
                  20007404    0000000e                           : copy_decompress_none.obj (.text:decompress:none)
                  20007412    0000000e     startup_ccs.obj (.text)
                  20007420    0000000c     rtsv7M4_T_le_eabi.lib : copy_zero_init.obj (.text:decompress:ZI)
                  2000742c    0000000a     driverlib.a : interrupt.obj (.text:IntMasterEnable)
                  20007436    00000006                 : utils.obj (.text:UtilsDelay)
                  2000743c    00000006     rtsv7M4_T_le_eabi.lib : copy_decompress_rle.obj (.text:decompress:rle24)
                  20007442    00000004                           : pre_init.obj (.text)

.const     0    20007448    0000032c     
                  20007448    00000101     rtsv7M4_T_le_eabi.lib : ctype.obj (.const:.string:_ctypes_)
                  20007549    00000003     --HOLE-- [fill = 0]
                  2000754c    00000100     driverlib.a : pin.obj (.const:g_ulPinToPadMap)
                  2000764c    000000a8                 : prcm.obj (.const:PRCM_PeriphRegsList)
                  200076f4    00000080                 : interrupt.obj (.const)

.cinit     0    20007778    00000078     
                  20007778    0000004e     (.cinit..data.load) [load image, compression = rle]
                  200077c6    00000002     --HOLE-- [fill = 0]
                  200077c8    0000000c     (__TI_handler_table)
                  200077d4    00000004     --HOLE-- [fill = 0]
                  200077d8    00000008     (.cinit..bss.load) [load image, compression = zero_init]
                  200077e0    00000010     (__TI_cinit_table)

.sysmem    0    20017000    00008000     UNINITIALIZED
                  20017000    00000008     rtsv7M4_T_le_eabi.lib : memory.obj (.sysmem)
                  20017008    00007ff8     --HOLE--

.bss       0    2001f000    00004004     UNINITIALIZED
                  2001f000    00004000     main.obj (.bss:pulAdcSamples)
                  20023000    00000004     (.common:__Errorlog)

.TI.noinit 
*          0    2001f000    00000000     UNINITIALIZED

.data      0    20023008    0000015c     UNINITIALIZED
                  20023008    000000b0     rtsv7M4_T_le_eabi.lib : signal.obj (.data:sigtable)
                  200230b8    00000080                           : xvalues.obj (.data)
                  20023138    0000000c                           : memory.obj (.data)
                  20023144    00000008                           : _lock.obj (.data)
                  2002314c    00000008                           : exit.obj (.data)
                  20023154    00000008                           : feraiseexcept.obj (.data)
                  2002315c    00000004                           : errno.obj (.data)
                  20023160    00000004                           : stkdepth_vars.obj (.data)

.TI.persistent 
*          0    20023008    00000000     UNINITIALIZED

.stack     0    2002f000    00001000     UNINITIALIZED
                  2002f000    00001000     --HOLE--


LINKER GENERATED COPY TABLES

__TI_cinit_table @ 200077e0 records: 2, size/record: 8, table size: 16
	.data: load addr=20007778, load size=0000004e bytes, run addr=20023008, run size=0000015c bytes, compression=rle
	.bss: load addr=200077d8, load size=00000008 bytes, run addr=2001f000, run size=00004004 bytes, compression=zero_init


LINKER GENERATED HANDLER TABLE

__TI_handler_table @ 200077c8 records: 3, size/record: 4, table size: 12
	index: 0, handler: __TI_decompress_rle24
	index: 1, handler: __TI_decompress_none
	index: 2, handler: __TI_zero_init


GLOBAL SYMBOLS: SORTED ALPHABETICALLY BY Name 

address   name                    
-------   ----                    
20006fcd  ADCChannelDisable       
20007005  ADCChannelEnable        
2000738b  ADCEnable               
20007291  ADCFIFOLvlGet           
200072ff  ADCFIFORead             
20006e91  C$$EXIT                 
2000739f  CPUcpsie                
200058c5  ClearTerm               
200058cf  Error                   
20005907  GetCmd                  
20005885  InitTerm                
20006699  IntEnable               
2000742d  IntMasterEnable         
200073b5  IntVTableBaseSet        
200058a3  Message                 
20006049  PRCMCC3200MCUInit       
20007349  PRCMHIBRegRead          
2000735f  PRCMHIBRegWrite         
200071bd  PRCMPeripheralClkDisable
20006f55  PRCMPeripheralClkEnable 
200067dd  PRCMPeripheralClockGet  
20006cb9  PRCMPeripheralReset     
20007165  PRCMSysResetCauseGet    
20006871  PinConfigSet            
20006ed5  PinModeSet              
20006505  PinMuxConfig            
200073c9  PinTypeADC              
200072e5  PinTypeUART             
20005a45  Report                  
20007413  ResetISR                
UNDEFED   SHT$$INIT_ARRAY$$Base   
UNDEFED   SHT$$INIT_ARRAY$$Limit  
200059ad  TrimSpace               
200072ad  UARTCharGetNonBlocking  
20007273  UARTCharPut             
20007317  UARTCharsAvail          
20006b07  UARTConfigSetExpClk     
200070a9  UARTDisable             
200071e5  UARTEnable              
20007437  UtilsDelay              
20007191  _Dclass                 
200230b8  _Denorm                 
200065d9  _Dnorm                  
200062f9  _Dscale                 
20006c53  _Dunscale               
200230c8  _Eps                    
2002315c  _Errno                  
20023154  _Fenv                   
200070d9  _Feraise                
200230d8  _Hugeval                
200230e8  _Inf                    
200230f8  _Nan                    
20023118  _Rteps                  
20023108  _Snan                   
20023158  _Tls_setup__Fenv        
20023128  _Xbig                   
20023130  _Zero                   
20030000  __STACK_END             
00001000  __STACK_SIZE            
00008000  __SYSMEM_SIZE           
200077e0  __TI_CINIT_Base         
200077f0  __TI_CINIT_Limit        
200077c8  __TI_Handler_Table_Base 
200077d4  __TI_Handler_Table_Limit
20006b7d  __TI_auto_init          
2002314c  __TI_cleanup_ptr        
20007405  __TI_decompress_none    
2000743d  __TI_decompress_rle24   
20023150  __TI_dtors_ptr          
200051a1  __TI_printfi            
20007778  __TI_static_base__      
20007421  __TI_zero_init          
20006981  __aeabi_cdcmpeq         
20006981  __aeabi_cdcmple         
20006a07  __aeabi_cdrcmple        
20006e01  __aeabi_d2iz            
20005d03  __aeabi_dadd            
200061c1  __aeabi_ddiv            
20006409  __aeabi_dmul            
20005cf9  __aeabi_dsub            
2000703d  __aeabi_f2d             
20007109  __aeabi_i2d             
20006a8d  __aeabi_memclr          
20006a8d  __aeabi_memclr4         
20006a8d  __aeabi_memclr8         
20006741  __aeabi_memcpy          
20006741  __aeabi_memcpy4         
20006741  __aeabi_memcpy8         
20006a8f  __aeabi_memset          
20006a8f  __aeabi_memset4         
20006a8f  __aeabi_memset8         
2000722d  __aeabi_ui2f            
20005b05  __aeabi_uldivmod        
ffffffff  __binit__               
ffffffff  __c_args__              
2002f000  __stack                 
20007331  _args_main              
20006f91  _c_int00                
20007448  _ctypes_                
20023144  _lock                   
200073eb  _nop                    
200073e3  _register_lock          
200073dd  _register_unlock        
20017000  _sys_memory             
20007443  _system_pre_init        
20023148  _unlock                 
20006e95  abort                   
20006d69  atoi                    
ffffffff  binit                   
20005851  calloc                  
20006db5  copy_in                 
20006e9d  exit                    
20007075  feraiseexcept           
2000559f  free                    
20007251  frexp                   
20004000  g_pfnVectors            
20006e49  ldexp                   
20006d11  ltoa                    
20005eef  main                    
20023160  main_func_sp            
20005537  malloc                  
2000576d  memalign                
200072c9  memccpy                 
20006741  memcpy                  
20007209  memmove                 
20006a95  memset                  
200054a9  minit                   
2001f000  pulAdcSamples           
20007137  raise                   
20005661  realloc                 
20006f15  signal                  
20007375  strchr                  
200073f1  strlen                  
200068f9  vsnprintf               


GLOBAL SYMBOLS: SORTED BY Symbol Address 

address   name                    
-------   ----                    
00001000  __STACK_SIZE            
00008000  __SYSMEM_SIZE           
20004000  g_pfnVectors            
200051a1  __TI_printfi            
200054a9  minit                   
20005537  malloc                  
2000559f  free                    
20005661  realloc                 
2000576d  memalign                
20005851  calloc                  
20005885  InitTerm                
200058a3  Message                 
200058c5  ClearTerm               
200058cf  Error                   
20005907  GetCmd                  
200059ad  TrimSpace               
20005a45  Report                  
20005b05  __aeabi_uldivmod        
20005cf9  __aeabi_dsub            
20005d03  __aeabi_dadd            
20005eef  main                    
20006049  PRCMCC3200MCUInit       
200061c1  __aeabi_ddiv            
200062f9  _Dscale                 
20006409  __aeabi_dmul            
20006505  PinMuxConfig            
200065d9  _Dnorm                  
20006699  IntEnable               
20006741  __aeabi_memcpy          
20006741  __aeabi_memcpy4         
20006741  __aeabi_memcpy8         
20006741  memcpy                  
200067dd  PRCMPeripheralClockGet  
20006871  PinConfigSet            
200068f9  vsnprintf               
20006981  __aeabi_cdcmpeq         
20006981  __aeabi_cdcmple         
20006a07  __aeabi_cdrcmple        
20006a8d  __aeabi_memclr          
20006a8d  __aeabi_memclr4         
20006a8d  __aeabi_memclr8         
20006a8f  __aeabi_memset          
20006a8f  __aeabi_memset4         
20006a8f  __aeabi_memset8         
20006a95  memset                  
20006b07  UARTConfigSetExpClk     
20006b7d  __TI_auto_init          
20006c53  _Dunscale               
20006cb9  PRCMPeripheralReset     
20006d11  ltoa                    
20006d69  atoi                    
20006db5  copy_in                 
20006e01  __aeabi_d2iz            
20006e49  ldexp                   
20006e91  C$$EXIT                 
20006e95  abort                   
20006e9d  exit                    
20006ed5  PinModeSet              
20006f15  signal                  
20006f55  PRCMPeripheralClkEnable 
20006f91  _c_int00                
20006fcd  ADCChannelDisable       
20007005  ADCChannelEnable        
2000703d  __aeabi_f2d             
20007075  feraiseexcept           
200070a9  UARTDisable             
200070d9  _Feraise                
20007109  __aeabi_i2d             
20007137  raise                   
20007165  PRCMSysResetCauseGet    
20007191  _Dclass                 
200071bd  PRCMPeripheralClkDisable
200071e5  UARTEnable              
20007209  memmove                 
2000722d  __aeabi_ui2f            
20007251  frexp                   
20007273  UARTCharPut             
20007291  ADCFIFOLvlGet           
200072ad  UARTCharGetNonBlocking  
200072c9  memccpy                 
200072e5  PinTypeUART             
200072ff  ADCFIFORead             
20007317  UARTCharsAvail          
20007331  _args_main              
20007349  PRCMHIBRegRead          
2000735f  PRCMHIBRegWrite         
20007375  strchr                  
2000738b  ADCEnable               
2000739f  CPUcpsie                
200073b5  IntVTableBaseSet        
200073c9  PinTypeADC              
200073dd  _register_unlock        
200073e3  _register_lock          
200073eb  _nop                    
200073f1  strlen                  
20007405  __TI_decompress_none    
20007413  ResetISR                
20007421  __TI_zero_init          
2000742d  IntMasterEnable         
20007437  UtilsDelay              
2000743d  __TI_decompress_rle24   
20007443  _system_pre_init        
20007448  _ctypes_                
20007778  __TI_static_base__      
200077c8  __TI_Handler_Table_Base 
200077d4  __TI_Handler_Table_Limit
200077e0  __TI_CINIT_Base         
200077f0  __TI_CINIT_Limit        
20017000  _sys_memory             
2001f000  pulAdcSamples           
200230b8  _Denorm                 
200230c8  _Eps                    
200230d8  _Hugeval                
200230e8  _Inf                    
200230f8  _Nan                    
20023108  _Snan                   
20023118  _Rteps                  
20023128  _Xbig                   
20023130  _Zero                   
20023144  _lock                   
20023148  _unlock                 
2002314c  __TI_cleanup_ptr        
20023150  __TI_dtors_ptr          
20023154  _Fenv                   
20023158  _Tls_setup__Fenv        
2002315c  _Errno                  
20023160  main_func_sp            
2002f000  __stack                 
20030000  __STACK_END             
ffffffff  __binit__               
ffffffff  __c_args__              
ffffffff  binit                   
UNDEFED   SHT$$INIT_ARRAY$$Base   
UNDEFED   SHT$$INIT_ARRAY$$Limit  

[134 symbols]
