******************************************************************************
                  TI ARM Linker PC v5.2.5                      
******************************************************************************
>> Linked Wed Mar 30 21:54:14 2016

OUTPUT FILE NAME:   <blinky.out>
ENTRY POINT SYMBOL: "_c_int00"  address: 20007e59


MEMORY CONFIGURATION

         name            origin    length      used     unused   attr    fill
----------------------  --------  ---------  --------  --------  ----  --------
  SRAM_CODE             20004000   00019000  0000478e  00014872  RW X
  SRAM_DATA             2001d000   00023000  00001523  00021add  RW X


SEGMENT ALLOCATION MAP

run origin  load origin   length   init length attrs members
----------  ----------- ---------- ----------- ----- -------
20004000    20004000    00004790   00004790    r-x
  20004000    20004000    00000400   00000400    r-- .intvecs
  20004400    20004400    00003ea6   00003ea6    r-x .text
  200082a8    200082a8    00000400   00000400    r-- .const
  200086a8    200086a8    000000e8   000000e8    r-- .cinit
2001d000    2001d000    00000d23   00000000    rw-
  2001d000    2001d000    00000800   00000000    rw- .sysmem
  2001d800    2001d800    00000350   00000000    rw- .data
  2001db50    2001db50    000001d3   00000000    rw- .bss
2003f800    2003f800    00000800   00000000    rw-
  2003f800    2003f800    00000800   00000000    rw- .stack


SECTION ALLOCATION MAP

 output                                  attributes/
section   page    origin      length       input sections
--------  ----  ----------  ----------   ----------------
.intvecs   0    20004000    00000400     
                  20004000    00000400     startup_ccs.obj (.intvecs)

.init_array 
*          0    20004000    00000000     UNINITIALIZED

.text      0    20004400    00003ea6     
                  20004400    000010a6     rtsv7M4_T_le_eabi.lib : _printfi.obj (.text)
                  200054a6    00000002     --HOLE-- [fill = 0]
                  200054a8    000003dc                           : memory.obj (.text)
                  20005884    0000039c     gpio_if.obj (.text)
                  20005c20    0000030c     rtsv7M4_T_le_eabi.lib : lowlev.obj (.text)
                  20005f2c    000002d4                           : trgdrv.obj (.text)
                  20006200    0000023c     main.obj (.text)
                  2000643c    000001f4     rtsv7M4_T_le_eabi.lib : ull_div_t2.obj (.text)
                  20006630    000001c4                           : fopen.obj (.text)
                  200067f4    000001b6                           : fd_add_t2.obj (.text)
                  200069aa    00000002     --HOLE-- [fill = 0]
                  200069ac    00000178     driverlib.a : prcm.obj (.text:PRCMCC3200MCUInit)
                  20006b24    00000136     rtsv7M4_T_le_eabi.lib : fd_div_t2.obj (.text)
                  20006c5a    00000002     --HOLE-- [fill = 0]
                  20006c5c    00000134                           : fputs.obj (.text)
                  20006d90    00000110                           : xdscale.obj (.text)
                  20006ea0    000000fc                           : fd_mul_t2.obj (.text)
                  20006f9c    000000dc                           : setvbuf.obj (.text)
                  20007078    000000c8                           : fflush.obj (.text)
                  20007140    000000be                           : xdnorm.obj (.text)
                  200071fe    00000002     --HOLE-- [fill = 0]
                  20007200    000000b8     pin_mux_config.obj (.text)
                  200072b8    000000ac     rtsv7M4_T_le_eabi.lib : _io_perm.obj (.text)
                  20007364    000000a8     driverlib.a : interrupt.obj (.text:IntEnable)
                  2000740c    0000009c     rtsv7M4_T_le_eabi.lib : memcpy_t2.obj (.text)
                  200074a8    00000098                           : fclose.obj (.text)
                  20007540    00000098                           : fputc.obj (.text)
                  200075d8    00000088     driverlib.a : pin.obj (.text:PinConfigSet)
                  20007660    00000086     rtsv7M4_T_le_eabi.lib : fd_cmp_t2.obj (.text:__aeabi_cdcmple)
                  200076e6    00000086                           : fd_cmp_t2.obj (.text:__aeabi_cdrcmple)
                  2000776c    00000082     driverlib.a : gpio.obj (.text:GPIOIntTypeSet)
                  200077ee    0000007a     rtsv7M4_T_le_eabi.lib : memset_t2.obj (.text)
                  20007868    00000070                           : printf.obj (.text)
                  200078d8    0000006c                           : autoinit.obj (.text)
                  20007944    0000006a                           : copy_decompress_rle.obj (.text)
                  200079ae    00000002     --HOLE-- [fill = 0]
                  200079b0    00000068                           : trgmsg.obj (.text)
                  20007a18    00000066                           : xdunscal.obj (.text)
                  20007a7e    00000002     --HOLE-- [fill = 0]
                  20007a80    00000064                           : fseek.obj (.text)
                  20007ae4    00000058     driverlib.a : prcm.obj (.text:PRCMPeripheralReset)
                  20007b3c    00000056     rtsv7M4_T_le_eabi.lib : ltoa.obj (.text)
                  20007b92    00000002     --HOLE-- [fill = 0]
                  20007b94    00000054     driverlib.a : interrupt.obj (.text:IntPrioritySet)
                  20007be8    0000004c     rtsv7M4_T_le_eabi.lib : atoi.obj (.text)
                  20007c34    0000004c                           : cpy_tbl.obj (.text)
                  20007c80    00000048     driverlib.a : gpio.obj (.text:GPIOGetIntNumber)
                  20007cc8    00000048     rtsv7M4_T_le_eabi.lib : fd_toi_t2.obj (.text)
                  20007d10    00000046                           : ldexp.obj (.text)
                  20007d56    00000002     --HOLE-- [fill = 0]
                  20007d58    00000044                           : exit.obj (.text)
                  20007d9c    00000040     driverlib.a : pin.obj (.text:PinModeSet)
                  20007ddc    00000040     rtsv7M4_T_le_eabi.lib : signal.obj (.text)
                  20007e1c    0000003c     driverlib.a : prcm.obj (.text:PRCMPeripheralClkEnable)
                  20007e58    0000003c     rtsv7M4_T_le_eabi.lib : boot.obj (.text)
                  20007e94    00000036     driverlib.a : gpio.obj (.text:GPIODirModeSet)
                  20007eca    00000002     --HOLE-- [fill = 0]
                  20007ecc    00000034     rtsv7M4_T_le_eabi.lib : feraiseexcept.obj (.text)
                  20007f00    00000030     driverlib.a : pin.obj (.text:PinTypeGPIO)
                  20007f30    00000030     rtsv7M4_T_le_eabi.lib : strncpy.obj (.text)
                  20007f60    00000030                           : xferaise.obj (.text)
                  20007f90    0000002e                           : i_tofd_t2.obj (.text)
                  20007fbe    0000002e                           : raise.obj (.text)
                  20007fec    0000002c     driverlib.a : prcm.obj (.text:PRCMSysResetCauseGet)
                  20008018    0000002a     rtsv7M4_T_le_eabi.lib : xdclass.obj (.text)
                  20008042    00000002     --HOLE-- [fill = 0]
                  20008044    00000028     driverlib.a : prcm.obj (.text:PRCMPeripheralClkDisable)
                  2000806c    00000022     rtsv7M4_T_le_eabi.lib : frexp.obj (.text)
                  2000808e    00000020     driverlib.a : gpio.obj (.text:GPIOPinWrite)
                  200080ae    00000002     --HOLE-- [fill = 0]
                  200080b0    00000020                 : interrupt.obj (.text:IntRegister)
                  200080d0    00000020     rtsv7M4_T_le_eabi.lib : memchr.obj (.text)
                  200080f0    0000001e     driverlib.a : gpio.obj (.text:GPIOIntRegister)
                  2000810e    0000001c     rtsv7M4_T_le_eabi.lib : memccpy.obj (.text)
                  2000812a    0000001a     driverlib.a : gpio.obj (.text:GPIOIntEnable)
                  20008144    0000001a                 : pin.obj (.text:PinTypeUART)
                  2000815e    00000018                 : gpio.obj (.text:GPIOPinRead)
                  20008176    00000002     --HOLE-- [fill = 0]
                  20008178    00000018     rtsv7M4_T_le_eabi.lib : args_main.obj (.text)
                  20008190    00000018                           : strcmp.obj (.text)
                  200081a8    00000016     driverlib.a : prcm.obj (.text:PRCMHIBRegRead)
                  200081be    00000016                 : prcm.obj (.text:PRCMHIBRegWrite)
                  200081d4    00000016     rtsv7M4_T_le_eabi.lib : strchr.obj (.text)
                  200081ea    00000014     driverlib.a : cpu.obj (.text:CPUcpsie)
                  200081fe    00000014                 : gpio.obj (.text:GPIOIntClear)
                  20008212    00000002     --HOLE-- [fill = 0]
                  20008214    00000014                 : interrupt.obj (.text:IntVTableBaseSet)
                  20008228    00000014     rtsv7M4_T_le_eabi.lib : _lock.obj (.text)
                  2000823c    00000014                           : strcpy.obj (.text)
                  20008250    00000014                           : strlen.obj (.text)
                  20008264    0000000e                           : copy_decompress_none.obj (.text:decompress:none)
                  20008272    0000000e     startup_ccs.obj (.text)
                  20008280    0000000c     rtsv7M4_T_le_eabi.lib : copy_zero_init.obj (.text:decompress:ZI)
                  2000828c    0000000a     driverlib.a : interrupt.obj (.text:IntMasterEnable)
                  20008296    00000006                 : utils.obj (.text:UtilsDelay)
                  2000829c    00000006     rtsv7M4_T_le_eabi.lib : copy_decompress_rle.obj (.text:decompress:rle24)
                  200082a2    00000004                           : pre_init.obj (.text)

.const     0    200082a8    00000400     
                  200082a8    00000101     rtsv7M4_T_le_eabi.lib : ctype.obj (.const:.string:_ctypes_)
                  200083a9    00000003     --HOLE-- [fill = 0]
                  200083ac    00000100     driverlib.a : pin.obj (.const:g_ulPinToPadMap)
                  200084ac    000000d4                 : interrupt.obj (.const:g_pulRegs)
                  20008580    000000a8                 : prcm.obj (.const:PRCM_PeriphRegsList)
                  20008628    00000080                 : interrupt.obj (.const)

.cinit     0    200086a8    000000e8     
                  200086a8    000000c2     (.cinit..data.load) [load image, compression = rle]
                  2000876a    00000002     --HOLE-- [fill = 0]
                  2000876c    0000000c     (__TI_handler_table)
                  20008778    00000008     (.cinit..bss.load) [load image, compression = zero_init]
                  20008780    00000010     (__TI_cinit_table)

.sysmem    0    2001d000    00000800     UNINITIALIZED
                  2001d000    00000008     rtsv7M4_T_le_eabi.lib : memory.obj (.sysmem)
                  2001d008    000007f8     --HOLE--

.data      0    2001d800    00000350     UNINITIALIZED
                  2001d800    000000f0     rtsv7M4_T_le_eabi.lib : defs.obj (.data:_ftable)
                  2001d8f0    000000d0                           : lowlev.obj (.data)
                  2001d9c0    000000b0                           : signal.obj (.data:sigtable)
                  2001da70    00000080                           : xvalues.obj (.data)
                  2001daf0    00000020     gpio_if.obj (.data)
                  2001db10    00000010     rtsv7M4_T_le_eabi.lib : defs.obj (.data)
                  2001db20    0000000c                           : memory.obj (.data)
                  2001db2c    00000008                           : _lock.obj (.data)
                  2001db34    00000008                           : exit.obj (.data)
                  2001db3c    00000008                           : feraiseexcept.obj (.data)
                  2001db44    00000004                           : errno.obj (.data)
                  2001db48    00000004                           : fopen.obj (.data)
                  2001db4c    00000004                           : stkdepth_vars.obj (.data)

.TI.persistent 
*          0    2001d800    00000000     UNINITIALIZED

.bss       0    2001db50    000001d3     UNINITIALIZED
                  2001db50    00000120     rtsv7M4_T_le_eabi.lib : trgmsg.obj (.bss:__CIOBUF_)
                  2001dc70    000000a0                           : defs.obj (.bss:__TI_tmpnams)
                  2001dd10    00000008     (.common:parmbuf)
                  2001dd18    00000004     (.common:sw2)
                  2001dd1c    00000004     (.common:sw3)
                  2001dd20    00000001     (.common:g_ucLED1Pin)
                  2001dd21    00000001     (.common:g_ucLED2Pin)
                  2001dd22    00000001     (.common:g_ucLED3Pin)

.TI.noinit 
*          0    2001db50    00000000     UNINITIALIZED

.stack     0    2003f800    00000800     UNINITIALIZED
                  2003f800    00000800     --HOLE--


LINKER GENERATED COPY TABLES

__TI_cinit_table @ 20008780 records: 2, size/record: 8, table size: 16
	.data: load addr=200086a8, load size=000000c2 bytes, run addr=2001d800, run size=00000350 bytes, compression=rle
	.bss: load addr=20008778, load size=00000008 bytes, run addr=2001db50, run size=000001d3 bytes, compression=zero_init


LINKER GENERATED HANDLER TABLE

__TI_handler_table @ 2000876c records: 3, size/record: 4, table size: 12
	index: 0, handler: __TI_decompress_rle24
	index: 1, handler: __TI_decompress_none
	index: 2, handler: __TI_zero_init


GLOBAL SYMBOLS: SORTED ALPHABETICALLY BY Name 

address   name                       
-------   ----                       
20007d59  C$$EXIT                    
200079df  C$$IO$$                    
200081eb  CPUcpsie                   
20007e95  GPIODirModeSet             
200081ff  GPIOIntClear               
2000812b  GPIOIntEnable              
200080f1  GPIOIntRegister            
2000776d  GPIOIntTypeSet             
2000815f  GPIOPinRead                
2000808f  GPIOPinWrite               
20005b45  GPIO_IF_ConfigureNIntEnable
20005bd1  GPIO_IF_Get                
20005aff  GPIO_IF_GetPortNPin        
200058c1  GPIO_IF_LedConfigure       
200059b3  GPIO_IF_LedOff             
200058ff  GPIO_IF_LedOn              
20005a67  GPIO_IF_LedStatus          
20005ad1  GPIO_IF_LedToggle          
20005b8d  GPIO_IF_Set                
200061b9  HOSTclock                  
20006181  HOSTclose                  
20006143  HOSTgetenv                 
200060e7  HOSTlseek                  
20006095  HOSTopen                   
20006049  HOSTread                   
20005feb  HOSTrename                 
20005fb1  HOSTtime                   
20005f79  HOSTunlink                 
20005f2d  HOSTwrite                  
20007365  IntEnable                  
2000828d  IntMasterEnable            
20007b95  IntPrioritySet             
200080b1  IntRegister                
20008215  IntVTableBaseSet           
20006201  LEDBlinkyRoutine           
200069ad  PRCMCC3200MCUInit          
200081a9  PRCMHIBRegRead             
200081bf  PRCMHIBRegWrite            
20008045  PRCMPeripheralClkDisable   
20007e1d  PRCMPeripheralClkEnable    
20007ae5  PRCMPeripheralReset        
20007fed  PRCMSysResetCauseGet       
200075d9  PinConfigSet               
20007d9d  PinModeSet                 
20007201  PinMuxConfig               
20007f01  PinTypeGPIO                
20008145  PinTypeUART                
20008273  ResetISR                   
UNDEFED   SHT$$INIT_ARRAY$$Base      
UNDEFED   SHT$$INIT_ARRAY$$Limit     
20008297  UtilsDelay                 
20008019  _Dclass                    
2001da70  _Denorm                    
20007141  _Dnorm                     
20006d91  _Dscale                    
20007a19  _Dunscale                  
2001da80  _Eps                       
2001db44  _Errno                     
2001db3c  _Fenv                      
20007f61  _Feraise                   
2001da90  _Hugeval                   
2001daa0  _Inf                       
2001dab0  _Nan                       
2001dad0  _Rteps                     
2001dac0  _Snan                      
2001db40  _Tls_setup__Fenv           
2001dae0  _Xbig                      
2001dae8  _Zero                      
2001db50  __CIOBUF_                  
20040000  __STACK_END                
00000800  __STACK_SIZE               
00000800  __SYSMEM_SIZE              
20008780  __TI_CINIT_Base            
20008790  __TI_CINIT_Limit           
2000876c  __TI_Handler_Table_Base    
20008778  __TI_Handler_Table_Limit   
200078d9  __TI_auto_init             
200066f9  __TI_cleanup               
2001db34  __TI_cleanup_ptr           
200074a9  __TI_closefile             
20008265  __TI_decompress_none       
2000829d  __TI_decompress_rle24      
20007079  __TI_doflush               
2001db38  __TI_dtors_ptr             
2001db10  __TI_ft_end                
200051a1  __TI_printfi               
2000731b  __TI_rd_ok                 
200079e3  __TI_readmsg               
200086a8  __TI_static_base__         
2001dc70  __TI_tmpnams               
200079b1  __TI_writemsg              
200072b9  __TI_wrt_ok                
20008281  __TI_zero_init             
20007661  __aeabi_cdcmpeq            
20007661  __aeabi_cdcmple            
200076e7  __aeabi_cdrcmple           
20007cc9  __aeabi_d2iz               
200067ff  __aeabi_dadd               
20006b25  __aeabi_ddiv               
20006ea1  __aeabi_dmul               
200067f5  __aeabi_dsub               
20007f91  __aeabi_i2d                
200077ef  __aeabi_memclr             
200077ef  __aeabi_memclr4            
200077ef  __aeabi_memclr8            
2000740d  __aeabi_memcpy             
2000740d  __aeabi_memcpy4            
2000740d  __aeabi_memcpy8            
200077f1  __aeabi_memset             
200077f1  __aeabi_memset4            
200077f1  __aeabi_memset8            
2001db1c  __aeabi_stderr             
2001db14  __aeabi_stdin              
2001db18  __aeabi_stdout             
2000643d  __aeabi_uldivmod           
ffffffff  __binit__                  
ffffffff  __c_args__                 
2003f800  __stack                    
20008179  _args_main                 
20007e59  _c_int00                   
200082a8  _ctypes_                   
2001d800  _ftable                    
2001db2c  _lock                      
20008237  _nop                       
2000822f  _register_lock             
20008229  _register_unlock           
2001d000  _sys_memory                
200082a3  _system_pre_init           
2001db30  _unlock                    
20007d5d  abort                      
20005e81  add_device                 
20007be9  atoi                       
ffffffff  binit                      
20005851  calloc                     
20005e31  close                      
20007c35  copy_in                    
20007d65  exit                       
2000750f  fclose                     
20007ecd  feraiseexcept              
200070c5  fflush                     
2000674f  fopen                      
20007541  fputc                      
20006c5d  fputs                      
2000559f  free                       
20006725  freopen                    
2000806d  frexp                      
20007a81  fseek                      
20004000  g_pfnVectors               
2001dd20  g_ucLED1Pin                
2001dd21  g_ucLED2Pin                
2001dd22  g_ucLED3Pin                
2001db04  g_uiLED1Port               
2001db08  g_uiLED2Port               
2001db0c  g_uiLED3Port               
2000626b  getSwitches                
20007d11  ldexp                      
20005e0d  lseek                      
20007b3d  ltoa                       
20006287  main                       
2001db4c  main_func_sp               
20005537  malloc                     
2000576d  memalign                   
2000810f  memccpy                    
200080d1  memchr                     
2000740d  memcpy                     
200077f7  memset                     
200054a9  minit                      
20005d5f  open                       
20007871  printf                     
20007541  putc                       
200075c5  putchar                    
20006d69  puts                       
20007fbf  raise                      
20005d3b  read                       
20005661  realloc                    
20005cb1  remove                     
20005d13  remove_device              
20005cd5  rename                     
20006f9d  setvbuf                    
20007ddd  signal                     
200081d5  strchr                     
20008191  strcmp                     
2000823d  strcpy                     
20008251  strlen                     
20007f31  strncpy                    
2001dd18  sw2                        
2001dd1c  sw3                        
20005cb1  unlink                     
20005c21  write                      


GLOBAL SYMBOLS: SORTED BY Symbol Address 

address   name                       
-------   ----                       
00000800  __STACK_SIZE               
00000800  __SYSMEM_SIZE              
20004000  g_pfnVectors               
200051a1  __TI_printfi               
200054a9  minit                      
20005537  malloc                     
2000559f  free                       
20005661  realloc                    
2000576d  memalign                   
20005851  calloc                     
200058c1  GPIO_IF_LedConfigure       
200058ff  GPIO_IF_LedOn              
200059b3  GPIO_IF_LedOff             
20005a67  GPIO_IF_LedStatus          
20005ad1  GPIO_IF_LedToggle          
20005aff  GPIO_IF_GetPortNPin        
20005b45  GPIO_IF_ConfigureNIntEnable
20005b8d  GPIO_IF_Set                
20005bd1  GPIO_IF_Get                
20005c21  write                      
20005cb1  remove                     
20005cb1  unlink                     
20005cd5  rename                     
20005d13  remove_device              
20005d3b  read                       
20005d5f  open                       
20005e0d  lseek                      
20005e31  close                      
20005e81  add_device                 
20005f2d  HOSTwrite                  
20005f79  HOSTunlink                 
20005fb1  HOSTtime                   
20005feb  HOSTrename                 
20006049  HOSTread                   
20006095  HOSTopen                   
200060e7  HOSTlseek                  
20006143  HOSTgetenv                 
20006181  HOSTclose                  
200061b9  HOSTclock                  
20006201  LEDBlinkyRoutine           
2000626b  getSwitches                
20006287  main                       
2000643d  __aeabi_uldivmod           
200066f9  __TI_cleanup               
20006725  freopen                    
2000674f  fopen                      
200067f5  __aeabi_dsub               
200067ff  __aeabi_dadd               
200069ad  PRCMCC3200MCUInit          
20006b25  __aeabi_ddiv               
20006c5d  fputs                      
20006d69  puts                       
20006d91  _Dscale                    
20006ea1  __aeabi_dmul               
20006f9d  setvbuf                    
20007079  __TI_doflush               
200070c5  fflush                     
20007141  _Dnorm                     
20007201  PinMuxConfig               
200072b9  __TI_wrt_ok                
2000731b  __TI_rd_ok                 
20007365  IntEnable                  
2000740d  __aeabi_memcpy             
2000740d  __aeabi_memcpy4            
2000740d  __aeabi_memcpy8            
2000740d  memcpy                     
200074a9  __TI_closefile             
2000750f  fclose                     
20007541  fputc                      
20007541  putc                       
200075c5  putchar                    
200075d9  PinConfigSet               
20007661  __aeabi_cdcmpeq            
20007661  __aeabi_cdcmple            
200076e7  __aeabi_cdrcmple           
2000776d  GPIOIntTypeSet             
200077ef  __aeabi_memclr             
200077ef  __aeabi_memclr4            
200077ef  __aeabi_memclr8            
200077f1  __aeabi_memset             
200077f1  __aeabi_memset4            
200077f1  __aeabi_memset8            
200077f7  memset                     
20007871  printf                     
200078d9  __TI_auto_init             
200079b1  __TI_writemsg              
200079df  C$$IO$$                    
200079e3  __TI_readmsg               
20007a19  _Dunscale                  
20007a81  fseek                      
20007ae5  PRCMPeripheralReset        
20007b3d  ltoa                       
20007b95  IntPrioritySet             
20007be9  atoi                       
20007c35  copy_in                    
20007cc9  __aeabi_d2iz               
20007d11  ldexp                      
20007d59  C$$EXIT                    
20007d5d  abort                      
20007d65  exit                       
20007d9d  PinModeSet                 
20007ddd  signal                     
20007e1d  PRCMPeripheralClkEnable    
20007e59  _c_int00                   
20007e95  GPIODirModeSet             
20007ecd  feraiseexcept              
20007f01  PinTypeGPIO                
20007f31  strncpy                    
20007f61  _Feraise                   
20007f91  __aeabi_i2d                
20007fbf  raise                      
20007fed  PRCMSysResetCauseGet       
20008019  _Dclass                    
20008045  PRCMPeripheralClkDisable   
2000806d  frexp                      
2000808f  GPIOPinWrite               
200080b1  IntRegister                
200080d1  memchr                     
200080f1  GPIOIntRegister            
2000810f  memccpy                    
2000812b  GPIOIntEnable              
20008145  PinTypeUART                
2000815f  GPIOPinRead                
20008179  _args_main                 
20008191  strcmp                     
200081a9  PRCMHIBRegRead             
200081bf  PRCMHIBRegWrite            
200081d5  strchr                     
200081eb  CPUcpsie                   
200081ff  GPIOIntClear               
20008215  IntVTableBaseSet           
20008229  _register_unlock           
2000822f  _register_lock             
20008237  _nop                       
2000823d  strcpy                     
20008251  strlen                     
20008265  __TI_decompress_none       
20008273  ResetISR                   
20008281  __TI_zero_init             
2000828d  IntMasterEnable            
20008297  UtilsDelay                 
2000829d  __TI_decompress_rle24      
200082a3  _system_pre_init           
200082a8  _ctypes_                   
200086a8  __TI_static_base__         
2000876c  __TI_Handler_Table_Base    
20008778  __TI_Handler_Table_Limit   
20008780  __TI_CINIT_Base            
20008790  __TI_CINIT_Limit           
2001d000  _sys_memory                
2001d800  _ftable                    
2001da70  _Denorm                    
2001da80  _Eps                       
2001da90  _Hugeval                   
2001daa0  _Inf                       
2001dab0  _Nan                       
2001dac0  _Snan                      
2001dad0  _Rteps                     
2001dae0  _Xbig                      
2001dae8  _Zero                      
2001db04  g_uiLED1Port               
2001db08  g_uiLED2Port               
2001db0c  g_uiLED3Port               
2001db10  __TI_ft_end                
2001db14  __aeabi_stdin              
2001db18  __aeabi_stdout             
2001db1c  __aeabi_stderr             
2001db2c  _lock                      
2001db30  _unlock                    
2001db34  __TI_cleanup_ptr           
2001db38  __TI_dtors_ptr             
2001db3c  _Fenv                      
2001db40  _Tls_setup__Fenv           
2001db44  _Errno                     
2001db4c  main_func_sp               
2001db50  __CIOBUF_                  
2001dc70  __TI_tmpnams               
2001dd18  sw2                        
2001dd1c  sw3                        
2001dd20  g_ucLED1Pin                
2001dd21  g_ucLED2Pin                
2001dd22  g_ucLED3Pin                
2003f800  __stack                    
20040000  __STACK_END                
ffffffff  __binit__                  
ffffffff  __c_args__                 
ffffffff  binit                      
UNDEFED   SHT$$INIT_ARRAY$$Base      
UNDEFED   SHT$$INIT_ARRAY$$Limit     

[189 symbols]
