******************************************************************************
                  TI ARM Linker PC v5.2.5                      
******************************************************************************
>> Linked Mon May 23 22:13:35 2016

OUTPUT FILE NAME:   <ssl_Restful_API_AWS_SDK1.2.0_PORT.out>
ENTRY POINT SYMBOL: "_c_int00"  address: 2000e769


MEMORY CONFIGURATION

         name            origin    length      used     unused   attr    fill
----------------------  --------  ---------  --------  --------  ----  --------
  SRAM_CODE             20004000   00013000  0000c00c  00006ff4  RW X
  SRAM_DATA             20017000   00019000  000095a7  0000fa59  RW X


SEGMENT ALLOCATION MAP

run origin  load origin   length   init length attrs members
----------  ----------- ---------- ----------- ----- -------
20004000    20004000    0000c010   0000c010    r-x
  20004000    20004000    00000400   00000400    r-- .intvecs
  20004400    20004400    0000ae78   0000ae78    r-x .text
  2000f278    2000f278    00000cb4   00000cb4    r-- .const
  2000ff30    2000ff30    000000e0   000000e0    r-- .cinit
20017000    20017000    000085a8   00000000    rw-
  20017000    20017000    00008000   00000000    rw- .sysmem
  2001f000    2001f000    000002ef   00000000    rw- .bss
  2001f2f0    2001f2f0    000002b8   00000000    rw- .data
2002f000    2002f000    00001000   00000000    rw-
  2002f000    2002f000    00001000   00000000    rw- .stack


SECTION ALLOCATION MAP

 output                                  attributes/
section   page    origin      length       input sections
--------  ----  ----------  ----------   ----------------
.intvecs   0    20004000    00000400     
                  20004000    00000400     startup_ccs.obj (.intvecs)

.init_array 
*          0    20004000    00000000     UNINITIALIZED

.text      0    20004400    0000ae78     
                  20004400    00001c40     main.obj (.text)
                  20006040    000010a6     rtsv7M4_T_le_eabi.lib : _printfi.obj (.text)
                  200070e6    00000002     driverlib.a : interrupt.obj (.text:IntDefaultHandler)
                  200070e8    00000b58     Adafruit_GFX.obj (.text)
                  20007c40    00000590     simplelink.a : driver.obj (.text:_SlDrvMsgRead)
                  200081d0    00000480     rtsv7M4_T_le_eabi.lib : pow.obj (.text)
                  20008650    00000462     Adafruit_OLED.obj (.text)
                  20008ab2    00000002     --HOLE-- [fill = 0]
                  20008ab4    000003dc     rtsv7M4_T_le_eabi.lib : memory.obj (.text)
                  20008e90    0000039c     gpio_if.obj (.text)
                  2000922c    000002e4     rtsv7M4_T_le_eabi.lib : xlog.obj (.text)
                  20009510    00000280     uart_if.obj (.text)
                  20009790    00000260     simplelink.a : wlan.obj (.text:sl_WlanConnect)
                  200099f0    000001fc                  : driver.obj (.text:_SlDrvRxHdrRead)
                  20009bec    000001fc     rtsv7M4_T_le_eabi.lib : xexp.obj (.text)
                  20009de8    000001f4                           : ull_div_t2.obj (.text)
                  20009fdc    000001e4     simplelink.a : driver.obj (.text:_SlDrvDataReadOp)
                  2000a1c0    000001d0                  : driver.obj (.text:_SlDrvReleasePoolObj)
                  2000a390    000001b6     rtsv7M4_T_le_eabi.lib : fd_add_t2.obj (.text)
                  2000a546    00000002     --HOLE-- [fill = 0]
                  2000a548    000001b4     simplelink.a : driver.obj (.text:_SlDrvDriverCBInit)
                  2000a6fc    0000019c                  : driver.obj (.text:_SlDrvMsgWrite)
                  2000a898    00000190                  : driver.obj (.text:_SlDrvWaitForPoolObj)
                  2000aa28    00000178     driverlib.a : prcm.obj (.text:PRCMCC3200MCUInit)
                  2000aba0    00000170     simplelink.a : driver.obj (.text:_SlFindAndSetActiveObj)
                  2000ad10    0000016c                  : socket.obj (.text:sl_Connect)
                  2000ae7c    00000150                  : driver.obj (.text:_SlDrvDataWriteOp)
                  2000afcc    00000148                  : cc_pal.obj (.text:spi_Open)
                  2000b114    00000136     rtsv7M4_T_le_eabi.lib : fd_div_t2.obj (.text)
                  2000b24a    00000002     --HOLE-- [fill = 0]
                  2000b24c    0000012c     simplelink.a : netapp.obj (.text:sl_NetAppDnsGetHostByName)
                  2000b378    00000128                  : driver.obj (.text:_SlDrvMsgReadCmdCtx)
                  2000b4a0    00000124                  : driver.obj (.text:_SlDrvDriverCBDeinit)
                  2000b5c4    00000118                  : socket.obj (.text:sl_Send)
                  2000b6dc    00000110     rtsv7M4_T_le_eabi.lib : xdscale.obj (.text)
                  2000b7ec    00000104     simplelink.a : netapp.obj (.text:_SlDrvNetAppEventHandler)
                  2000b8f0    000000fc     rtsv7M4_T_le_eabi.lib : fd_mul_t2.obj (.text)
                  2000b9ec    000000f0     simplelink.a : cc_pal.obj (.text:spi_Read)
                  2000badc    000000f0     driverlib.a : udma.obj (.text:uDMAChannelTransferSet)
                  2000bbcc    000000e8     simplelink.a : driver.obj (.text:_SlAsyncEventGenericHandler)
                  2000bcb4    000000e4                  : device.obj (.text:sl_Stop)
                  2000bd98    000000e0                  : device.obj (.text:sl_Start)
                  2000be78    000000dc                  : driver.obj (.text:_SlDrvClassifyRxMsg)
                  2000bf54    000000d4                  : driver.obj (.text:_SlDrvMsgReadSpawnCtx)
                  2000c028    000000d4     pinmux.obj (.text)
                  2000c0fc    000000cc     simplelink.a : netapp.obj (.text:_sl_HandleAsync_DnsGetHostByService)
                  2000c1c8    000000c8                  : netapp.obj (.text:sl_NetAppMDNSRegisterUnregisterService)
                  2000c290    000000c4                  : driver.obj (.text:_SlRemoveFromList)
                  2000c354    000000c0                  : driver.obj (.text:_SlDrvCmdOp)
                  2000c414    000000c0     rtsv7M4_T_le_eabi.lib : xdint.obj (.text)
                  2000c4d4    000000be                           : xdnorm.obj (.text)
                  2000c592    00000002     --HOLE-- [fill = 0]
                  2000c594    000000b4     simplelink.a : device.obj (.text:sl_DevGet)
                  2000c648    000000a8     driverlib.a : interrupt.obj (.text:IntDisable)
                  2000c6f0    000000a8                 : interrupt.obj (.text:IntEnable)
                  2000c798    000000a4     simplelink.a : driver.obj (.text:_SlDriverHandleError)
                  2000c83c    000000a0     driverlib.a : spi.obj (.text:SPIConfigSetExpClk)
                  2000c8dc    0000009c     rtsv7M4_T_le_eabi.lib : memcpy_t2.obj (.text)
                  2000c978    0000009a     simplelink.a : device.obj (.text:_SlDrvDeviceEventHandler)
                  2000ca12    00000002     --HOLE-- [fill = 0]
                  2000ca14    00000098                  : cc_pal.obj (.text:spi_Write)
                  2000caac    00000094     driverlib.a : prcm.obj (.text:PRCMPeripheralClockGet)
                  2000cb40    00000090     simplelink.a : netapp.obj (.text:_sl_HandleAsync_DnsGetHostByName)
                  2000cbd0    00000090                  : netapp.obj (.text:_sl_HandleAsync_PingResponse)
                  2000cc60    0000008c                  : cc_pal.obj (.text:SetupDMAReceive)
                  2000ccec    0000008c                  : cc_pal.obj (.text:SetupDMASend)
                  2000cd78    00000088     driverlib.a : pin.obj (.text:PinConfigSet)
                  2000ce00    00000088     rtsv7M4_T_le_eabi.lib : vsnprintf.obj (.text)
                  2000ce88    00000088     simplelink.a : socket.obj (.text:sl_Recv)
                  2000cf10    00000086     rtsv7M4_T_le_eabi.lib : fd_cmp_t2.obj (.text:__aeabi_cdcmple)
                  2000cf96    00000086                           : fd_cmp_t2.obj (.text:__aeabi_cdrcmple)
                  2000d01c    00000082     driverlib.a : gpio.obj (.text:GPIOIntTypeSet)
                  2000d09e    00000002     --HOLE-- [fill = 0]
                  2000d0a0    00000080     simplelink.a : socket.obj (.text:_sl_HandleAsync_Connect)
                  2000d120    00000080                  : device.obj (.text:_sl_HandleAsync_InitComplete)
                  2000d1a0    00000080                  : cc_pal.obj (.text:spi_Read_CPU)
                  2000d220    00000080                  : cc_pal.obj (.text:spi_Write_CPU)
                  2000d2a0    0000007c                  : device.obj (.text:sl_DevSet)
                  2000d31c    0000007c                  : netcfg.obj (.text:sl_NetCfgSet)
                  2000d398    0000007c                  : socket.obj (.text:sl_SetSockOpt)
                  2000d414    0000007c                  : wlan.obj (.text:sl_WlanSet)
                  2000d490    0000007a     rtsv7M4_T_le_eabi.lib : memset_t2.obj (.text)
                  2000d50a    00000002     --HOLE-- [fill = 0]
                  2000d50c    00000078     simplelink.a : nonos.obj (.text:_SlNonOsSemGet)
                  2000d584    00000078                  : wlan.obj (.text:sl_WlanPolicySet)
                  2000d5fc    00000078                  : cc_pal.obj (.text:spi_Close)
                  2000d674    00000076     driverlib.a : uart.obj (.text:UARTConfigSetExpClk)
                  2000d6ea    00000002     --HOLE-- [fill = 0]
                  2000d6ec    00000074     simplelink.a : nonos.obj (.text:_SlNonOsMainLoopTask)
                  2000d760    00000070     driverlib.a : timer.obj (.text:TimerIntRegister)
                  2000d7d0    00000070     simplelink.a : socket.obj (.text:sl_Socket)
                  2000d840    0000006c                  : driver.obj (.text:_SlDrvCmdSend)
                  2000d8ac    0000006c                  : netapp.obj (.text:_sl_NetAppSendTokenValue)
                  2000d918    0000006c     rtsv7M4_T_le_eabi.lib : autoinit.obj (.text)
                  2000d984    0000006c     simplelink.a : wlan.obj (.text:sl_WlanRxFilterSet)
                  2000d9f0    0000006a     rtsv7M4_T_le_eabi.lib : copy_decompress_rle.obj (.text)
                  2000da5a    00000066                           : xdunscal.obj (.text)
                  2000dac0    00000064     simplelink.a : nonos.obj (.text:_SlNonOsSpawn)
                  2000db24    00000064                  : socket.obj (.text:_sl_HandleAsync_Accept)
                  2000db88    00000064     driverlib.a : udma.obj (.text:uDMAChannelAttributeDisable)
                  2000dbec    00000064                 : udma.obj (.text:uDMAChannelAttributeEnable)
                  2000dc50    00000060     rtsv7M4_T_le_eabi.lib : sprintf.obj (.text)
                  2000dcb0    00000058     driverlib.a : interrupt.obj (.text:IntPendClear)
                  2000dd08    00000058                 : prcm.obj (.text:PRCMPeripheralReset)
                  2000dd60    00000056     rtsv7M4_T_le_eabi.lib : ltoa.obj (.text)
                  2000ddb6    00000002     --HOLE-- [fill = 0]
                  2000ddb8    00000054     driverlib.a : interrupt.obj (.text:IntPrioritySet)
                  2000de0c    00000054     simplelink.a : driver.obj (.text:_SlDrvRxIrqHandler)
                  2000de60    00000054                  : socket.obj (.text:_sl_HandleAsync_Select)
                  2000deb4    00000050                  : device.obj (.text:_sl_HandleAsync_Stop)
                  2000df04    0000004c     driverlib.a : spi.obj (.text:SPIIntEnable)
                  2000df50    0000004c                 : spi.obj (.text:SPIIntNumberGet)
                  2000df9c    0000004c     simplelink.a : driver.obj (.text:_SlDrvProtectAsyncRespSetting)
                  2000dfe8    0000004c                  : socket.obj (.text:_sl_BuildAddress)
                  2000e034    0000004c     rtsv7M4_T_le_eabi.lib : atoi.obj (.text)
                  2000e080    0000004c                           : cpy_tbl.obj (.text)
                  2000e0cc    0000004c     driverlib.a : udma.obj (.text:uDMAChannelAssign)
                  2000e118    00000048                 : gpio.obj (.text:GPIOGetIntNumber)
                  2000e160    00000048                 : spi.obj (.text:SPIIntClear)
                  2000e1a8    00000048     simplelink.a : driver.obj (.text:_SlDrvBasicCmd)
                  2000e1f0    00000048     rtsv7M4_T_le_eabi.lib : fd_toi_t2.obj (.text)
                  2000e238    00000048     simplelink.a : netapp.obj (.text:sl_NetAppMDNSUnRegisterService)
                  2000e280    00000046     rtsv7M4_T_le_eabi.lib : ldexp.obj (.text)
                  2000e2c6    00000002     --HOLE-- [fill = 0]
                  2000e2c8    00000044     driverlib.a : spi.obj (.text:SPIDmaMaskGet)
                  2000e30c    00000044                 : timer.obj (.text:TimerConfigure)
                  2000e350    00000044     simplelink.a : driver.obj (.text:_SlDrvHandleHttpServerEvents)
                  2000e394    00000044                  : driver.obj (.text:_SlDrvSyncObjWaitTimeout)
                  2000e3d8    00000044                  : cc_pal.obj (.text:cc_SetupTransfer)
                  2000e41c    00000044     rtsv7M4_T_le_eabi.lib : exit.obj (.text)
                  2000e460    00000044     simplelink.a : socket.obj (.text:sl_Close)
                  2000e4a4    00000044                  : wlan.obj (.text:sl_WlanProfileDel)
                  2000e4e8    00000044                  : wlan.obj (.text:sl_WlanSetMode)
                  2000e52c    00000042                  : socket.obj (.text:sl_Htonl)
                  2000e56e    00000002     --HOLE-- [fill = 0]
                  2000e570    00000040     driverlib.a : pin.obj (.text:PinModeSet)
                  2000e5b0    00000040     simplelink.a : driver.obj (.text:_SlDrvHandleNetAppEvents)
                  2000e5f0    00000040                  : driver.obj (.text:_SlDrvHandleWlanEvents)
                  2000e630    00000040                  : socket.obj (.text:_sl_TruncatePayloadByProtocol)
                  2000e670    00000040     rtsv7M4_T_le_eabi.lib : signal.obj (.text)
                  2000e6b0    0000003e     simplelink.a : cc_pal.obj (.text:NwpRegisterInterruptHandler)
                  2000e6ee    0000003c                  : netapp.obj (.text:CopyPingResultsToReport)
                  2000e72a    00000002     --HOLE-- [fill = 0]
                  2000e72c    0000003c     driverlib.a : prcm.obj (.text:PRCMPeripheralClkEnable)
                  2000e768    0000003c     rtsv7M4_T_le_eabi.lib : boot.obj (.text)
                  2000e7a4    0000003c     simplelink.a : socket.obj (.text:sl_Htons)
                  2000e7e0    0000003c     driverlib.a : udma.obj (.text:uDMAChannelControlSet)
                  2000e81c    00000038     simplelink.a : cc_pal.obj (.text:NwpPowerOff)
                  2000e854    00000038     rtsv7M4_T_le_eabi.lib : fs_tod_t2.obj (.text)
                  2000e88c    00000036     driverlib.a : gpio.obj (.text:GPIODirModeSet)
                  2000e8c2    00000002     --HOLE-- [fill = 0]
                  2000e8c4    00000034                 : prcm.obj (.text:PRCMPeripheralStatusGet)
                  2000e8f8    00000034                 : spi.obj (.text:SPIFIFOLevelSet)
                  2000e92c    00000034     rtsv7M4_T_le_eabi.lib : feraiseexcept.obj (.text)
                  2000e960    00000030     driverlib.a : pin.obj (.text:PinTypeGPIO)
                  2000e990    00000030                 : timer.obj (.text:TimerControlEvent)
                  2000e9c0    00000030                 : uart.obj (.text:UARTDisable)
                  2000e9f0    00000030     rtsv7M4_T_le_eabi.lib : xferaise.obj (.text)
                  2000ea20    0000002e                           : i_tofd_t2.obj (.text)
                  2000ea4e    0000002e                           : raise.obj (.text)
                  2000ea7c    0000002c     driverlib.a : prcm.obj (.text:PRCMSysResetCauseGet)
                  2000eaa8    0000002c     simplelink.a : driver.obj (.text:_SlDrvObjGlobalLockWaitForever)
                  2000ead4    0000002c                  : driver.obj (.text:_SlDrvProtectionObjLockWaitForever)
                  2000eb00    0000002a     driverlib.a : timer.obj (.text:TimerLoadSet)
                  2000eb2a    0000002a     rtsv7M4_T_le_eabi.lib : xdclass.obj (.text)
                  2000eb54    00000028     driverlib.a : prcm.obj (.text:PRCMPeripheralClkDisable)
                  2000eb7c    00000028     simplelink.a : driver.obj (.text:_SlDrvGlobalObjUnLock)
                  2000eba4    00000028                  : driver.obj (.text:_SlDrvProtectionObjUnLock)
                  2000ebcc    00000028                  : driver.obj (.text:_SlDrvSyncObjWaitForever)
                  2000ebf4    00000026     network_common.obj (.text)
                  2000ec1a    00000002     --HOLE-- [fill = 0]
                  2000ec1c    00000024     simplelink.a : cc_pal.obj (.text:DmaSpiSwIntHandler)
                  2000ec40    00000024     driverlib.a : interrupt.obj (.text:IntUnregister)
                  2000ec64    00000024                 : uart.obj (.text:UARTEnable)
                  2000ec88    00000024     simplelink.a : driver.obj (.text:_SlDrvObjLockWaitForever)
                  2000ecac    00000024     rtsv7M4_T_le_eabi.lib : memmov.obj (.text)
                  2000ecd0    00000022     driverlib.a : spi.obj (.text:SPIReset)
                  2000ecf2    00000022                 : spi.obj (.text:SPIWordCountSet)
                  2000ed14    00000022     rtsv7M4_T_le_eabi.lib : frexp.obj (.text)
                  2000ed36    00000020     driverlib.a : gpio.obj (.text:GPIOPinWrite)
                  2000ed56    00000002     --HOLE-- [fill = 0]
                  2000ed58    00000020                 : interrupt.obj (.text:IntRegister)
                  2000ed78    00000020     simplelink.a : cc_pal.obj (.text:NwpPowerOn)
                  2000ed98    00000020     driverlib.a : spi.obj (.text:SPIDataGet)
                  2000edb8    00000020     simplelink.a : driver.obj (.text:_SlDrvObjUnLock)
                  2000edd8    00000020                  : driver.obj (.text:_SlDrvSyncObjSignal)
                  2000edf8    00000020                  : wlan.obj (.text:sl_WlanDisconnect)
                  2000ee18    0000001e     driverlib.a : gpio.obj (.text:GPIOIntRegister)
                  2000ee36    0000001e                 : spi.obj (.text:SPIDataPut)
                  2000ee54    0000001e                 : timer.obj (.text:TimerEnable)
                  2000ee72    0000001e                 : uart.obj (.text:UARTCharPut)
                  2000ee90    0000001e     simplelink.a : cc_pal.obj (.text:cc_UDMAChannelSelect)
                  2000eeae    0000001e     rtsv7M4_T_le_eabi.lib : strcat.obj (.text)
                  2000eecc    0000001c     driverlib.a : timer.obj (.text:TimerValueGet)
                  2000eee8    0000001c                 : uart.obj (.text:UARTCharGetNonBlocking)
                  2000ef04    0000001c     rtsv7M4_T_le_eabi.lib : memccpy.obj (.text)
                  2000ef20    0000001c     driverlib.a : udma.obj (.text:uDMAChannelEnable)
                  2000ef3c    0000001a                 : gpio.obj (.text:GPIOIntEnable)
                  2000ef56    0000001a                 : pin.obj (.text:PinTypeSPI)
                  2000ef70    0000001a                 : pin.obj (.text:PinTypeTimer)
                  2000ef8a    0000001a                 : pin.obj (.text:PinTypeUART)
                  2000efa4    0000001a                 : spi.obj (.text:SPIDmaDisable)
                  2000efbe    0000001a                 : spi.obj (.text:SPIDmaEnable)
                  2000efd8    0000001a                 : spi.obj (.text:SPIFIFODisable)
                  2000eff2    0000001a                 : spi.obj (.text:SPIFIFOEnable)
                  2000f00c    0000001a                 : spi.obj (.text:SPIIntUnregister)
                  2000f026    00000018                 : gpio.obj (.text:GPIOPinRead)
                  2000f03e    00000018                 : spi.obj (.text:SPICSDisable)
                  2000f056    00000018                 : spi.obj (.text:SPICSEnable)
                  2000f06e    00000018                 : spi.obj (.text:SPIDisable)
                  2000f086    00000018                 : spi.obj (.text:SPIEnable)
                  2000f09e    00000018                 : timer.obj (.text:TimerIntEnable)
                  2000f0b6    00000018                 : uart.obj (.text:UARTCharsAvail)
                  2000f0ce    00000018     simplelink.a : nonos.obj (.text:_SlNonOsSemSet)
                  2000f0e6    00000002     --HOLE-- [fill = 0]
                  2000f0e8    00000018                  : device.obj (.text:_sl_GetStartResponseConvert)
                  2000f100    00000018     rtsv7M4_T_le_eabi.lib : args_main.obj (.text)
                  2000f118    00000016     driverlib.a : prcm.obj (.text:PRCMHIBRegRead)
                  2000f12e    00000016                 : prcm.obj (.text:PRCMHIBRegWrite)
                  2000f144    00000016     simplelink.a : driver.obj (.text:_SlDrvMemZero)
                  2000f15a    00000016     rtsv7M4_T_le_eabi.lib : strchr.obj (.text)
                  2000f170    00000014     driverlib.a : cpu.obj (.text:CPUcpsie)
                  2000f184    00000014                 : gpio.obj (.text:GPIOIntClear)
                  2000f198    00000014                 : interrupt.obj (.text:IntVTableBaseSet)
                  2000f1ac    00000014     rtsv7M4_T_le_eabi.lib : _lock.obj (.text)
                  2000f1c0    00000014                           : strcpy.obj (.text)
                  2000f1d4    00000014                           : strlen.obj (.text)
                  2000f1e8    00000012     driverlib.a : timer.obj (.text:TimerIntClear)
                  2000f1fa    00000010     simplelink.a : driver.obj (.text:_SlDrvDispatchHttpServerEvents)
                  2000f20a    0000000e                  : driver.obj (.text:_SlDrvResetCmdExt)
                  2000f218    0000000e     rtsv7M4_T_le_eabi.lib : copy_decompress_none.obj (.text:decompress:none)
                  2000f226    0000000e     startup_ccs.obj (.text)
                  2000f234    0000000c     simplelink.a : cc_pal.obj (.text:NwpMaskInterrupt)
                  2000f240    0000000c                  : cc_pal.obj (.text:NwpUnMaskInterrupt)
                  2000f24c    0000000c     rtsv7M4_T_le_eabi.lib : copy_zero_init.obj (.text:decompress:ZI)
                  2000f258    0000000a     driverlib.a : interrupt.obj (.text:IntMasterEnable)
                  2000f262    00000006                 : utils.obj (.text:UtilsDelay)
                  2000f268    00000006     rtsv7M4_T_le_eabi.lib : copy_decompress_rle.obj (.text:decompress:rle24)
                  2000f26e    00000006                           : log.obj (.text)
                  2000f274    00000004                           : pre_init.obj (.text)

.const     0    2000f278    00000cb4     
                  2000f278    000004fb     Adafruit_GFX.obj (.const:.string:font)
                  2000f773    00000101     rtsv7M4_T_le_eabi.lib : ctype.obj (.const:.string:_ctypes_)
                  2000f874    00000100     driverlib.a : pin.obj (.const:g_ulPinToPadMap)
                  2000f974    000000e2     main.obj (.const:.string)
                  2000fa56    00000002     --HOLE-- [fill = 0]
                  2000fa58    000000d4     driverlib.a : interrupt.obj (.const:g_pulRegs)
                  2000fb2c    000000a8                 : prcm.obj (.const:PRCM_PeriphRegsList)
                  2000fbd4    00000080                 : interrupt.obj (.const)
                  2000fc54    00000004     --HOLE-- [fill = 0]
                  2000fc58    00000048     rtsv7M4_T_le_eabi.lib : xexp.obj (.const)
                  2000fca0    0000003c     simplelink.a : driver.obj (.const:OpcodeTranslateTable)
                  2000fcdc    0000003c                  : wlan.obj (.const)
                  2000fd18    00000038                  : driver.obj (.const:_SlActionLookupTable)
                  2000fd50    00000038     rtsv7M4_T_le_eabi.lib : xlog.obj (.const:p)
                  2000fd88    00000038     simplelink.a : driver.obj (.const)
                  2000fdc0    00000034                  : socket.obj (.const)
                  2000fdf4    00000030     rtsv7M4_T_le_eabi.lib : xdint.obj (.const)
                  2000fe24    0000002c     main.obj (.const:$P$T1$2)
                  2000fe50    00000028     simplelink.a : netapp.obj (.const)
                  2000fe78    00000024     driverlib.a : spi.obj (.const:g_ppulSPIIntMap)
                  2000fe9c    00000022     main.obj (.const:.string:$P$T0$1)
                  2000febe    00000002     --HOLE-- [fill = 0]
                  2000fec0    00000020     main.obj (.const)
                  2000fee0    0000001c     simplelink.a : device.obj (.const)
                  2000fefc    00000018     driverlib.a : spi.obj (.const)
                  2000ff14    00000010     simplelink.a : socket.obj (.const:.string)
                  2000ff24    00000008                  : netcfg.obj (.const)

.cinit     0    2000ff30    000000e0     
                  2000ff30    000000b6     (.cinit..data.load) [load image, compression = rle]
                  2000ffe6    00000002     --HOLE-- [fill = 0]
                  2000ffe8    0000000c     (__TI_handler_table)
                  2000fff4    00000004     --HOLE-- [fill = 0]
                  2000fff8    00000008     (.cinit..bss.load) [load image, compression = zero_init]
                  20010000    00000010     (__TI_cinit_table)

.sysmem    0    20017000    00008000     UNINITIALIZED
                  20017000    00000008     rtsv7M4_T_le_eabi.lib : memory.obj (.sysmem)
                  20017008    00007ff8     --HOLE--

.bss       0    2001f000    000002ef     UNINITIALIZED
                  2001f000    00000168     simplelink.a : driver.obj (.bss:g_StatMem)
                  2001f168    00000064     main.obj (.bss:messageBuffer)
                  2001f1cc    00000064     main.obj (.bss:number)
                  2001f230    00000050     simplelink.a : cc_pal.obj (.bss:g_ucDinDout)
                  2001f280    0000002c     main.obj (.bss:g_time)
                  2001f2ac    00000024     main.obj (.bss:g_ucConnectionSSID)
                  2001f2d0    00000008     (.common:g_ucConnectionBSSID)
                  2001f2d8    00000008     (.common:g_ulSamples)
                  2001f2e0    00000004     (.common:__Errorlog)
                  2001f2e4    00000004     (.common:tempString)
                  2001f2e8    00000001     (.common:RxIrqCnt)
                  2001f2e9    00000001     (.common:g_bDeviceRestartIsRequired)
                  2001f2ea    00000001     (.common:g_cDummy)
                  2001f2eb    00000001     (.common:g_ucLED1Pin)
                  2001f2ec    00000001     (.common:g_ucLED2Pin)
                  2001f2ed    00000001     (.common:g_ucLED3Pin)
                  2001f2ee    00000001     (.common:lastPressed)

.TI.noinit 
*          0    2001f000    00000000     UNINITIALIZED

.data      0    2001f2f0    000002b8     UNINITIALIZED
                  2001f2f0    000000b0     rtsv7M4_T_le_eabi.lib : signal.obj (.data:sigtable)
                  2001f3a0    00000080                           : xvalues.obj (.data)
                  2001f420    00000068                           : xfvalues.obj (.data)
                  2001f488    0000003c     simplelink.a : nonos.obj (.data:g__SlNonOsCB)
                  2001f4c4    00000034     main.obj (.data:keyBuffer)
                  2001f4f8    0000002c     main.obj (.data)
                  2001f524    00000020     gpio_if.obj (.data)
                  2001f544    00000019     Adafruit_GFX.obj (.data)
                  2001f55d    00000003     --HOLE--
                  2001f560    0000000d     simplelink.a : driver.obj (.data)
                  2001f56d    00000003     --HOLE--
                  2001f570    0000000c     rtsv7M4_T_le_eabi.lib : memory.obj (.data)
                  2001f57c    00000009     simplelink.a : cc_pal.obj (.data)
                  2001f585    00000003     --HOLE--
                  2001f588    00000008     rtsv7M4_T_le_eabi.lib : _lock.obj (.data)
                  2001f590    00000008                           : exit.obj (.data)
                  2001f598    00000008                           : feraiseexcept.obj (.data)
                  2001f5a0    00000004                           : errno.obj (.data)
                  2001f5a4    00000004                           : stkdepth_vars.obj (.data)

.TI.persistent 
*          0    2001f2f0    00000000     UNINITIALIZED

.stack     0    2002f000    00001000     UNINITIALIZED
                  2002f000    00001000     --HOLE--


LINKER GENERATED COPY TABLES

__TI_cinit_table @ 20010000 records: 2, size/record: 8, table size: 16
	.data: load addr=2000ff30, load size=000000b6 bytes, run addr=2001f2f0, run size=000002b8 bytes, compression=rle
	.bss: load addr=2000fff8, load size=00000008 bytes, run addr=2001f000, run size=000002ef bytes, compression=zero_init


LINKER GENERATED HANDLER TABLE

__TI_handler_table @ 2000ffe8 records: 3, size/record: 4, table size: 12
	index: 0, handler: __TI_decompress_rle24
	index: 1, handler: __TI_decompress_none
	index: 2, handler: __TI_zero_init


GLOBAL SYMBOLS: SORTED ALPHABETICALLY BY Name 

address   name                                  
-------   ----                                  
2000869f  Adafruit_Init                         
2000e41d  C$$EXIT                               
2000f171  CPUcpsie                              
20009551  ClearTerm                             
20008815  Color565                              
2001f520  DATA1                                 
20005493  DisplayBanner                         
2000ec1d  DmaSpiSwIntHandler                    
2000955b  Error                                 
2000e88d  GPIODirModeSet                        
2000f185  GPIOIntClear                          
2000ef3d  GPIOIntEnable                         
2000ee19  GPIOIntRegister                       
2000d01d  GPIOIntTypeSet                        
2000f027  GPIOPinRead                           
2000ed37  GPIOPinWrite                          
20009151  GPIO_IF_ConfigureNIntEnable           
200091dd  GPIO_IF_Get                           
2000910b  GPIO_IF_GetPortNPin                   
20008ecd  GPIO_IF_LedConfigure                  
20008fbf  GPIO_IF_LedOff                        
20008f0b  GPIO_IF_LedOn                         
20009073  GPIO_IF_LedStatus                     
200090dd  GPIO_IF_LedToggle                     
20009199  GPIO_IF_Set                           
20009593  GetCmd                                
20009511  InitTerm                              
2000c649  IntDisable                            
2000c6f1  IntEnable                             
2000f259  IntMasterEnable                       
2000dcb1  IntPendClear                          
2000ddb9  IntPrioritySet                        
2000ed59  IntRegister                           
2000ec41  IntUnregister                         
2000f199  IntVTableBaseSet                      
2000952f  Message                               
2000f235  NwpMaskInterrupt                      
2000e81d  NwpPowerOff                           
2000ed79  NwpPowerOn                            
2000e6b1  NwpRegisterInterruptHandler           
2000f241  NwpUnMaskInterrupt                    
2000fca0  OpcodeTranslateTable                  
20007aab  Outstr                                
20007af7  Outstr2                               
2000aa29  PRCMCC3200MCUInit                     
2000f119  PRCMHIBRegRead                        
2000f12f  PRCMHIBRegWrite                       
2000eb55  PRCMPeripheralClkDisable              
2000e72d  PRCMPeripheralClkEnable               
2000caad  PRCMPeripheralClockGet                
2000dd09  PRCMPeripheralReset                   
2000e8c5  PRCMPeripheralStatusGet               
2000ea7d  PRCMSysResetCauseGet                  
2000cd79  PinConfigSet                          
2000e571  PinModeSet                            
2000c029  PinMuxConfig                          
2000e961  PinTypeGPIO                           
2000ef57  PinTypeSPI                            
2000ef71  PinTypeTimer                          
2000ef8b  PinTypeUART                           
200096d1  Report                                
2000f227  ResetISR                              
2001f2e8  RxIrqCnt                              
UNDEFED   SHT$$INIT_ARRAY$$Base                 
UNDEFED   SHT$$INIT_ARRAY$$Limit                
2000f03f  SPICSDisable                          
2000f057  SPICSEnable                           
2000c83d  SPIConfigSetExpClk                    
2000ed99  SPIDataGet                            
2000ee37  SPIDataPut                            
2000f06f  SPIDisable                            
2000efa5  SPIDmaDisable                         
2000efbf  SPIDmaEnable                          
2000f087  SPIEnable                             
2000efd9  SPIFIFODisable                        
2000eff3  SPIFIFOEnable                         
2000e8f9  SPIFIFOLevelSet                       
2000e161  SPIIntClear                           
2000df05  SPIIntEnable                          
2000f00d  SPIIntUnregister                      
2000ecd1  SPIReset                              
2000ecf3  SPIWordCountSet                       
200045d5  SimpleLinkGeneralEventHandler         
200045b1  SimpleLinkHttpServerCallback          
2000450f  SimpleLinkNetAppEventHandler          
200045f5  SimpleLinkSockEventHandler            
20004401  SimpleLinkWlanEventHandler            
2000e30d  TimerConfigure                        
2000e991  TimerControlEvent                     
2000ee55  TimerEnable                           
2000f1e9  TimerIntClear                         
2000f09f  TimerIntEnable                        
2000d761  TimerIntRegister                      
2000eb01  TimerLoadSet                          
2000eecd  TimerValueGet                         
20009639  TrimSpace                             
2000eee9  UARTCharGetNonBlocking                
2000ee73  UARTCharPut                           
2000f0b7  UARTCharsAvail                        
2000d675  UARTConfigSetExpClk                   
2000e9c1  UARTDisable                           
2000ec65  UARTEnable                            
2000f263  UtilsDelay                            
2000eb2b  _Dclass                               
2001f3a0  _Denorm                               
2000c415  _Dint                                 
2000c4d5  _Dnorm                                
2000b6dd  _Dscale                               
2000da5b  _Dunscale                             
2001f3b0  _Eps                                  
2001f5a0  _Errno                                
20009bed  _Exp                                  
2001f420  _FDenorm                              
2001f430  _FEps                                 
2001f440  _FInf                                 
2001f450  _FNan                                 
2001f470  _FRteps                               
2001f460  _FSnan                                
2001f480  _FXbig                                
2001f484  _FZero                                
2001f598  _Fenv                                 
2000e9f1  _Feraise                              
2001f3c0  _Hugeval                              
2001f3d0  _Inf                                  
2000922d  _Log                                  
2001f3e0  _Nan                                  
2001f400  _Rteps                                
2000fd18  _SlActionLookupTable                  
2000c799  _SlDriverHandleError                  
2000e1a9  _SlDrvBasicCmd                        
2000c355  _SlDrvCmdOp                           
2000d841  _SlDrvCmdSend                         
20009fdd  _SlDrvDataReadOp                      
2000ae7d  _SlDrvDataWriteOp                     
2000c979  _SlDrvDeviceEventHandler              
2000f1fb  _SlDrvDispatchHttpServerEvents        
2000b4a1  _SlDrvDriverCBDeinit                  
2000a549  _SlDrvDriverCBInit                    
2000eb7d  _SlDrvGlobalObjUnLock                 
2000e351  _SlDrvHandleHttpServerEvents          
2000e5b1  _SlDrvHandleNetAppEvents              
2000e5f1  _SlDrvHandleWlanEvents                
2000f145  _SlDrvMemZero                         
2000bf55  _SlDrvMsgReadSpawnCtx                 
2000b7ed  _SlDrvNetAppEventHandler              
2000ec89  _SlDrvObjLockWaitForever              
2000edb9  _SlDrvObjUnLock                       
2000df9d  _SlDrvProtectAsyncRespSetting         
2000ead5  _SlDrvProtectionObjLockWaitForever    
2000eba5  _SlDrvProtectionObjUnLock             
2000a1c1  _SlDrvReleasePoolObj                  
2000f20b  _SlDrvResetCmdExt                     
2000de0d  _SlDrvRxIrqHandler                    
2000edd9  _SlDrvSyncObjSignal                   
2000ebcd  _SlDrvSyncObjWaitForever              
2000e395  _SlDrvSyncObjWaitTimeout              
2000a899  _SlDrvWaitForPoolObj                  
2000fe6c  _SlNetAppSendTokenValueCmdCtrl        
2000d6ed  _SlNonOsMainLoopTask                  
2000d50d  _SlNonOsSemGet                        
2000f0cf  _SlNonOsSemSet                        
2000dac1  _SlNonOsSpawn                         
2001f3f0  _Snan                                 
2001f59c  _Tls_setup__Fenv                      
2001f410  _Xbig                                 
2001f418  _Zero                                 
20030000  __STACK_END                           
00001000  __STACK_SIZE                          
00008000  __SYSMEM_SIZE                         
20010000  __TI_CINIT_Base                       
20010010  __TI_CINIT_Limit                      
2000ffe8  __TI_Handler_Table_Base               
2000fff4  __TI_Handler_Table_Limit              
2000d919  __TI_auto_init                        
2001f590  __TI_cleanup_ptr                      
2000f219  __TI_decompress_none                  
2000f269  __TI_decompress_rle24                 
2001f594  __TI_dtors_ptr                        
20006de1  __TI_printfi                          
2000ff30  __TI_static_base__                    
2000f24d  __TI_zero_init                        
2000cf11  __aeabi_cdcmpeq                       
2000cf11  __aeabi_cdcmple                       
2000cf97  __aeabi_cdrcmple                      
2000e1f1  __aeabi_d2iz                          
2000a39b  __aeabi_dadd                          
2000b115  __aeabi_ddiv                          
2000b8f1  __aeabi_dmul                          
2000a391  __aeabi_dsub                          
2000e855  __aeabi_f2d                           
2000ea21  __aeabi_i2d                           
2000d491  __aeabi_memclr                        
2000d491  __aeabi_memclr4                       
2000d491  __aeabi_memclr8                       
2000c8dd  __aeabi_memcpy                        
2000c8dd  __aeabi_memcpy4                       
2000c8dd  __aeabi_memcpy8                       
2000d493  __aeabi_memset                        
2000d493  __aeabi_memset4                       
2000d493  __aeabi_memset8                       
20009de9  __aeabi_uldivmod                      
ffffffff  __binit__                             
ffffffff  __c_args__                            
2002f000  __stack                               
2000f101  _args_main                            
2000e769  _c_int00                              
2000f773  _ctypes_                              
2001f588  _lock                                 
2000f1bb  _nop                                  
2000f1b3  _register_lock                        
2000f1ad  _register_unlock                      
2000db25  _sl_HandleAsync_Accept                
2000d0a1  _sl_HandleAsync_Connect               
2000cb41  _sl_HandleAsync_DnsGetHostByName      
2000c0fd  _sl_HandleAsync_DnsGetHostByService   
2000d121  _sl_HandleAsync_InitComplete          
2000cbd1  _sl_HandleAsync_PingResponse          
2000de61  _sl_HandleAsync_Select                
2000deb5  _sl_HandleAsync_Stop                  
2000d8ad  _sl_NetAppSendTokenValue              
20017000  _sys_memory                           
2000f275  _system_pre_init                      
2001f58c  _unlock                               
2000e421  abort                                 
2000e035  atoi                                  
ffffffff  binit                                 
20008e5d  calloc                                
2000e081  copy_in                               
2001f548  cursor_x                              
2001f54c  cursor_y                              
20007b5d  delKey                                
200055b1  delay                                 
2000795f  drawChar                              
20007101  drawCircle                            
20007235  drawCircleHelper                      
200089bd  drawFastHLine                         
2000891d  drawFastVLine                         
2000747b  drawLine                              
20008a59  drawPixel                             
20007567  drawRect                              
200075b5  drawRoundRect                         
2000771d  drawTriangle                          
2000e429  exit                                  
2000e92d  feraiseexcept                         
20007353  fillCircle                            
2000738d  fillCircleHelper                      
2000886d  fillRect                              
200076a3  fillRoundRect                         
20008857  fillScreen                            
2000775f  fillTriangle                          
20008bab  free                                  
2000ed15  frexp                                 
2001f510  g_Host                                
2001f57c  g_SpiFd                               
2001f488  g__SlNonOsCB                          
2001f2e9  g_bDeviceRestartIsRequired            
2001f2ea  g_cDummy                              
2001f564  g_pCB                                 
2001f580  g_pHostIntHdl                         
20004000  g_pfnVectors                          
2001f280  g_time                                
2001f2d0  g_ucConnectionBSSID                   
2001f2ac  g_ucConnectionSSID                    
2001f584  g_ucDMAEnabled                        
2001f230  g_ucDinDout                           
2001f2eb  g_ucLED1Pin                           
2001f2ec  g_ucLED2Pin                           
2001f2ed  g_ucLED3Pin                           
2001f538  g_uiLED1Port                          
2001f53c  g_uiLED2Port                          
2001f540  g_uiLED3Port                          
2001f50c  g_ulGatewayIP                         
2001f508  g_ulPingPacketsRecv                   
2001f504  g_ulStatus                            
200087d1  goTo                                  
20007c1b  height                                
2001f544  index                                 
200070e9  initBall                              
20008a97  invert                                
2000e281  ldexp                                 
2000f26f  log                                   
2000dd61  ltoa                                  
200056a5  main                                  
2001f5a4  main_func_sp                          
20008b43  malloc                                
20008d79  memalign                              
2000ef05  memccpy                               
2000c8dd  memcpy                                
2000ecad  memmove                               
2000d499  memset                                
20008ab5  minit                                 
2001f568  pPingCallBackFunc                     
200081d1  pow                                   
2000ea4f  raise                                 
20008c6d  realloc                               
2001f514  security_file_list                    
20007bb3  setCursor                             
20007beb  setTextColor                          
20007bcb  setTextSize                           
20007c03  setTextWrap                           
2000e671  signal                                
2000e461  sl_Close                              
2000ad11  sl_Connect                            
2000c595  sl_DevGet                             
2000d2a1  sl_DevSet                             
2000e52d  sl_Htonl                              
2000e7a5  sl_Htons                              
2000b24d  sl_NetAppDnsGetHostByName             
2000c1c9  sl_NetAppMDNSRegisterUnregisterService
2000e239  sl_NetAppMDNSUnRegisterService        
2000d31d  sl_NetCfgSet                          
2000ebf5  sl_Provisioning_HttpServerEventHdl    
2000ec03  sl_Provisioning_NetAppEventHdl        
2000ec0f  sl_Provisioning_WlanEventHdl          
2000ce89  sl_Recv                               
2000b5c5  sl_Send                               
2000d399  sl_SetSockOpt                         
2000d7d1  sl_Socket                             
2000bd99  sl_Start                              
2000bcb5  sl_Stop                               
20009791  sl_WlanConnect                        
2000edf9  sl_WlanDisconnect                     
2000d585  sl_WlanPolicySet                      
2000e4a5  sl_WlanProfileDel                     
2000d985  sl_WlanRxFilterSet                    
2000d415  sl_WlanSet                            
2000e4e9  sl_WlanSetMode                        
2000d5fd  spi_Close                             
2000afcd  spi_Open                              
2000b9ed  spi_Read                              
2000ca15  spi_Write                             
2000dc51  sprintf                               
2000eeaf  strcat                                
2000f15b  strchr                                
2000f1c1  strcpy                                
2000f1d5  strlen                                
2001f558  textbgcolor                           
2001f554  textcolor                             
2001f550  textsize                              
2000e0cd  uDMAChannelAssign                     
2000db89  uDMAChannelAttributeDisable           
2000dbed  uDMAChannelAttributeEnable            
2000e7e1  uDMAChannelControlSet                 
2000ef21  uDMAChannelEnable                     
2000badd  uDMAChannelTransferSet                
2000ce01  vsnprintf                             
20007c17  width                                 
2001f55c  wrap                                  
20008651  writeCommand                          
20008679  writeData                             


GLOBAL SYMBOLS: SORTED BY Symbol Address 

address   name                                  
-------   ----                                  
00001000  __STACK_SIZE                          
00008000  __SYSMEM_SIZE                         
20004000  g_pfnVectors                          
20004401  SimpleLinkWlanEventHandler            
2000450f  SimpleLinkNetAppEventHandler          
200045b1  SimpleLinkHttpServerCallback          
200045d5  SimpleLinkGeneralEventHandler         
200045f5  SimpleLinkSockEventHandler            
20005493  DisplayBanner                         
200055b1  delay                                 
200056a5  main                                  
20006de1  __TI_printfi                          
200070e9  initBall                              
20007101  drawCircle                            
20007235  drawCircleHelper                      
20007353  fillCircle                            
2000738d  fillCircleHelper                      
2000747b  drawLine                              
20007567  drawRect                              
200075b5  drawRoundRect                         
200076a3  fillRoundRect                         
2000771d  drawTriangle                          
2000775f  fillTriangle                          
2000795f  drawChar                              
20007aab  Outstr                                
20007af7  Outstr2                               
20007b5d  delKey                                
20007bb3  setCursor                             
20007bcb  setTextSize                           
20007beb  setTextColor                          
20007c03  setTextWrap                           
20007c17  width                                 
20007c1b  height                                
200081d1  pow                                   
20008651  writeCommand                          
20008679  writeData                             
2000869f  Adafruit_Init                         
200087d1  goTo                                  
20008815  Color565                              
20008857  fillScreen                            
2000886d  fillRect                              
2000891d  drawFastVLine                         
200089bd  drawFastHLine                         
20008a59  drawPixel                             
20008a97  invert                                
20008ab5  minit                                 
20008b43  malloc                                
20008bab  free                                  
20008c6d  realloc                               
20008d79  memalign                              
20008e5d  calloc                                
20008ecd  GPIO_IF_LedConfigure                  
20008f0b  GPIO_IF_LedOn                         
20008fbf  GPIO_IF_LedOff                        
20009073  GPIO_IF_LedStatus                     
200090dd  GPIO_IF_LedToggle                     
2000910b  GPIO_IF_GetPortNPin                   
20009151  GPIO_IF_ConfigureNIntEnable           
20009199  GPIO_IF_Set                           
200091dd  GPIO_IF_Get                           
2000922d  _Log                                  
20009511  InitTerm                              
2000952f  Message                               
20009551  ClearTerm                             
2000955b  Error                                 
20009593  GetCmd                                
20009639  TrimSpace                             
200096d1  Report                                
20009791  sl_WlanConnect                        
20009bed  _Exp                                  
20009de9  __aeabi_uldivmod                      
20009fdd  _SlDrvDataReadOp                      
2000a1c1  _SlDrvReleasePoolObj                  
2000a391  __aeabi_dsub                          
2000a39b  __aeabi_dadd                          
2000a549  _SlDrvDriverCBInit                    
2000a899  _SlDrvWaitForPoolObj                  
2000aa29  PRCMCC3200MCUInit                     
2000ad11  sl_Connect                            
2000ae7d  _SlDrvDataWriteOp                     
2000afcd  spi_Open                              
2000b115  __aeabi_ddiv                          
2000b24d  sl_NetAppDnsGetHostByName             
2000b4a1  _SlDrvDriverCBDeinit                  
2000b5c5  sl_Send                               
2000b6dd  _Dscale                               
2000b7ed  _SlDrvNetAppEventHandler              
2000b8f1  __aeabi_dmul                          
2000b9ed  spi_Read                              
2000badd  uDMAChannelTransferSet                
2000bcb5  sl_Stop                               
2000bd99  sl_Start                              
2000bf55  _SlDrvMsgReadSpawnCtx                 
2000c029  PinMuxConfig                          
2000c0fd  _sl_HandleAsync_DnsGetHostByService   
2000c1c9  sl_NetAppMDNSRegisterUnregisterService
2000c355  _SlDrvCmdOp                           
2000c415  _Dint                                 
2000c4d5  _Dnorm                                
2000c595  sl_DevGet                             
2000c649  IntDisable                            
2000c6f1  IntEnable                             
2000c799  _SlDriverHandleError                  
2000c83d  SPIConfigSetExpClk                    
2000c8dd  __aeabi_memcpy                        
2000c8dd  __aeabi_memcpy4                       
2000c8dd  __aeabi_memcpy8                       
2000c8dd  memcpy                                
2000c979  _SlDrvDeviceEventHandler              
2000ca15  spi_Write                             
2000caad  PRCMPeripheralClockGet                
2000cb41  _sl_HandleAsync_DnsGetHostByName      
2000cbd1  _sl_HandleAsync_PingResponse          
2000cd79  PinConfigSet                          
2000ce01  vsnprintf                             
2000ce89  sl_Recv                               
2000cf11  __aeabi_cdcmpeq                       
2000cf11  __aeabi_cdcmple                       
2000cf97  __aeabi_cdrcmple                      
2000d01d  GPIOIntTypeSet                        
2000d0a1  _sl_HandleAsync_Connect               
2000d121  _sl_HandleAsync_InitComplete          
2000d2a1  sl_DevSet                             
2000d31d  sl_NetCfgSet                          
2000d399  sl_SetSockOpt                         
2000d415  sl_WlanSet                            
2000d491  __aeabi_memclr                        
2000d491  __aeabi_memclr4                       
2000d491  __aeabi_memclr8                       
2000d493  __aeabi_memset                        
2000d493  __aeabi_memset4                       
2000d493  __aeabi_memset8                       
2000d499  memset                                
2000d50d  _SlNonOsSemGet                        
2000d585  sl_WlanPolicySet                      
2000d5fd  spi_Close                             
2000d675  UARTConfigSetExpClk                   
2000d6ed  _SlNonOsMainLoopTask                  
2000d761  TimerIntRegister                      
2000d7d1  sl_Socket                             
2000d841  _SlDrvCmdSend                         
2000d8ad  _sl_NetAppSendTokenValue              
2000d919  __TI_auto_init                        
2000d985  sl_WlanRxFilterSet                    
2000da5b  _Dunscale                             
2000dac1  _SlNonOsSpawn                         
2000db25  _sl_HandleAsync_Accept                
2000db89  uDMAChannelAttributeDisable           
2000dbed  uDMAChannelAttributeEnable            
2000dc51  sprintf                               
2000dcb1  IntPendClear                          
2000dd09  PRCMPeripheralReset                   
2000dd61  ltoa                                  
2000ddb9  IntPrioritySet                        
2000de0d  _SlDrvRxIrqHandler                    
2000de61  _sl_HandleAsync_Select                
2000deb5  _sl_HandleAsync_Stop                  
2000df05  SPIIntEnable                          
2000df9d  _SlDrvProtectAsyncRespSetting         
2000e035  atoi                                  
2000e081  copy_in                               
2000e0cd  uDMAChannelAssign                     
2000e161  SPIIntClear                           
2000e1a9  _SlDrvBasicCmd                        
2000e1f1  __aeabi_d2iz                          
2000e239  sl_NetAppMDNSUnRegisterService        
2000e281  ldexp                                 
2000e30d  TimerConfigure                        
2000e351  _SlDrvHandleHttpServerEvents          
2000e395  _SlDrvSyncObjWaitTimeout              
2000e41d  C$$EXIT                               
2000e421  abort                                 
2000e429  exit                                  
2000e461  sl_Close                              
2000e4a5  sl_WlanProfileDel                     
2000e4e9  sl_WlanSetMode                        
2000e52d  sl_Htonl                              
2000e571  PinModeSet                            
2000e5b1  _SlDrvHandleNetAppEvents              
2000e5f1  _SlDrvHandleWlanEvents                
2000e671  signal                                
2000e6b1  NwpRegisterInterruptHandler           
2000e72d  PRCMPeripheralClkEnable               
2000e769  _c_int00                              
2000e7a5  sl_Htons                              
2000e7e1  uDMAChannelControlSet                 
2000e81d  NwpPowerOff                           
2000e855  __aeabi_f2d                           
2000e88d  GPIODirModeSet                        
2000e8c5  PRCMPeripheralStatusGet               
2000e8f9  SPIFIFOLevelSet                       
2000e92d  feraiseexcept                         
2000e961  PinTypeGPIO                           
2000e991  TimerControlEvent                     
2000e9c1  UARTDisable                           
2000e9f1  _Feraise                              
2000ea21  __aeabi_i2d                           
2000ea4f  raise                                 
2000ea7d  PRCMSysResetCauseGet                  
2000ead5  _SlDrvProtectionObjLockWaitForever    
2000eb01  TimerLoadSet                          
2000eb2b  _Dclass                               
2000eb55  PRCMPeripheralClkDisable              
2000eb7d  _SlDrvGlobalObjUnLock                 
2000eba5  _SlDrvProtectionObjUnLock             
2000ebcd  _SlDrvSyncObjWaitForever              
2000ebf5  sl_Provisioning_HttpServerEventHdl    
2000ec03  sl_Provisioning_NetAppEventHdl        
2000ec0f  sl_Provisioning_WlanEventHdl          
2000ec1d  DmaSpiSwIntHandler                    
2000ec41  IntUnregister                         
2000ec65  UARTEnable                            
2000ec89  _SlDrvObjLockWaitForever              
2000ecad  memmove                               
2000ecd1  SPIReset                              
2000ecf3  SPIWordCountSet                       
2000ed15  frexp                                 
2000ed37  GPIOPinWrite                          
2000ed59  IntRegister                           
2000ed79  NwpPowerOn                            
2000ed99  SPIDataGet                            
2000edb9  _SlDrvObjUnLock                       
2000edd9  _SlDrvSyncObjSignal                   
2000edf9  sl_WlanDisconnect                     
2000ee19  GPIOIntRegister                       
2000ee37  SPIDataPut                            
2000ee55  TimerEnable                           
2000ee73  UARTCharPut                           
2000eeaf  strcat                                
2000eecd  TimerValueGet                         
2000eee9  UARTCharGetNonBlocking                
2000ef05  memccpy                               
2000ef21  uDMAChannelEnable                     
2000ef3d  GPIOIntEnable                         
2000ef57  PinTypeSPI                            
2000ef71  PinTypeTimer                          
2000ef8b  PinTypeUART                           
2000efa5  SPIDmaDisable                         
2000efbf  SPIDmaEnable                          
2000efd9  SPIFIFODisable                        
2000eff3  SPIFIFOEnable                         
2000f00d  SPIIntUnregister                      
2000f027  GPIOPinRead                           
2000f03f  SPICSDisable                          
2000f057  SPICSEnable                           
2000f06f  SPIDisable                            
2000f087  SPIEnable                             
2000f09f  TimerIntEnable                        
2000f0b7  UARTCharsAvail                        
2000f0cf  _SlNonOsSemSet                        
2000f101  _args_main                            
2000f119  PRCMHIBRegRead                        
2000f12f  PRCMHIBRegWrite                       
2000f145  _SlDrvMemZero                         
2000f15b  strchr                                
2000f171  CPUcpsie                              
2000f185  GPIOIntClear                          
2000f199  IntVTableBaseSet                      
2000f1ad  _register_unlock                      
2000f1b3  _register_lock                        
2000f1bb  _nop                                  
2000f1c1  strcpy                                
2000f1d5  strlen                                
2000f1e9  TimerIntClear                         
2000f1fb  _SlDrvDispatchHttpServerEvents        
2000f20b  _SlDrvResetCmdExt                     
2000f219  __TI_decompress_none                  
2000f227  ResetISR                              
2000f235  NwpMaskInterrupt                      
2000f241  NwpUnMaskInterrupt                    
2000f24d  __TI_zero_init                        
2000f259  IntMasterEnable                       
2000f263  UtilsDelay                            
2000f269  __TI_decompress_rle24                 
2000f26f  log                                   
2000f275  _system_pre_init                      
2000f773  _ctypes_                              
2000fca0  OpcodeTranslateTable                  
2000fd18  _SlActionLookupTable                  
2000fe6c  _SlNetAppSendTokenValueCmdCtrl        
2000ff30  __TI_static_base__                    
2000ffe8  __TI_Handler_Table_Base               
2000fff4  __TI_Handler_Table_Limit              
20010000  __TI_CINIT_Base                       
20010010  __TI_CINIT_Limit                      
20017000  _sys_memory                           
2001f230  g_ucDinDout                           
2001f280  g_time                                
2001f2ac  g_ucConnectionSSID                    
2001f2d0  g_ucConnectionBSSID                   
2001f2e8  RxIrqCnt                              
2001f2e9  g_bDeviceRestartIsRequired            
2001f2ea  g_cDummy                              
2001f2eb  g_ucLED1Pin                           
2001f2ec  g_ucLED2Pin                           
2001f2ed  g_ucLED3Pin                           
2001f3a0  _Denorm                               
2001f3b0  _Eps                                  
2001f3c0  _Hugeval                              
2001f3d0  _Inf                                  
2001f3e0  _Nan                                  
2001f3f0  _Snan                                 
2001f400  _Rteps                                
2001f410  _Xbig                                 
2001f418  _Zero                                 
2001f420  _FDenorm                              
2001f430  _FEps                                 
2001f440  _FInf                                 
2001f450  _FNan                                 
2001f460  _FSnan                                
2001f470  _FRteps                               
2001f480  _FXbig                                
2001f484  _FZero                                
2001f488  g__SlNonOsCB                          
2001f504  g_ulStatus                            
2001f508  g_ulPingPacketsRecv                   
2001f50c  g_ulGatewayIP                         
2001f510  g_Host                                
2001f514  security_file_list                    
2001f520  DATA1                                 
2001f538  g_uiLED1Port                          
2001f53c  g_uiLED2Port                          
2001f540  g_uiLED3Port                          
2001f544  index                                 
2001f548  cursor_x                              
2001f54c  cursor_y                              
2001f550  textsize                              
2001f554  textcolor                             
2001f558  textbgcolor                           
2001f55c  wrap                                  
2001f564  g_pCB                                 
2001f568  pPingCallBackFunc                     
2001f57c  g_SpiFd                               
2001f580  g_pHostIntHdl                         
2001f584  g_ucDMAEnabled                        
2001f588  _lock                                 
2001f58c  _unlock                               
2001f590  __TI_cleanup_ptr                      
2001f594  __TI_dtors_ptr                        
2001f598  _Fenv                                 
2001f59c  _Tls_setup__Fenv                      
2001f5a0  _Errno                                
2001f5a4  main_func_sp                          
2002f000  __stack                               
20030000  __STACK_END                           
ffffffff  __binit__                             
ffffffff  __c_args__                            
ffffffff  binit                                 
UNDEFED   SHT$$INIT_ARRAY$$Base                 
UNDEFED   SHT$$INIT_ARRAY$$Limit                

[350 symbols]
